../Core/Src/app_tasks.c:91:20:red_led_set	16	static
../Core/Src/app_tasks.c:99:20:red_led_toggle	8	static
../Core/Src/app_tasks.c:103:20:green_led_set	16	static
../Core/Src/app_tasks.c:107:20:green_led_toggle	8	static
../Core/Src/app_tasks.c:111:20:buzzer_set	16	static
../Core/Src/app_tasks.c:119:20:buzzer_toggle	8	static
../Core/Src/app_tasks.c:140:6:app_tasks_create_all	72	static
../Core/Src/app_tasks.c:196:13:publish_sensor_msg	24	static
../Core/Src/app_tasks.c:207:13:heartbeat	24	static
../Core/Src/app_tasks.c:213:13:set_system_state	24	static
../Core/Src/app_tasks.c:231:13:DhtTask	88	static
../Core/Src/app_tasks.c:273:13:MaxTask	64	static
../Core/Src/app_tasks.c:312:13:MpuTask	72	static
../Core/Src/app_tasks.c:355:13:Mq2Task	72	static
../Core/Src/app_tasks.c:387:13:update_snapshot_from_msg	24	static
../Core/Src/app_tasks.c:433:13:evaluate_snapshot	24	static
../Core/Src/app_tasks.c:619:20:highest_cause_name	8	static
../Core/Src/app_tasks.c:647:20:demo_mode_name	16	static
../Core/Src/app_tasks.c:664:13:log_state_causes	128	static
../Core/Src/app_tasks.c:676:13:decision_warmup_with_queue_drain	64	static
../Core/Src/app_tasks.c:693:13:DecisionTask	208	static
../Core/Src/app_tasks.c:771:13:UiTask	128	static
../Core/Src/app_tasks.c:910:13:EspTask	280	static
../Core/Src/app_tasks.c:960:16:check_task_deadline	32	static
../Core/Src/app_tasks.c:968:13:SupervisorTask	72	static
../Core/Src/app_tasks.c:1017:20:state_to_str	16	static
