../Core/Src/app_tasks.c:103:20:red_led_set	16	static
../Core/Src/app_tasks.c:111:20:red_led_toggle	8	static
../Core/Src/app_tasks.c:115:20:green_led_set	16	static
../Core/Src/app_tasks.c:119:20:green_led_toggle	8	static
../Core/Src/app_tasks.c:123:20:buzzer_set	16	static
../Core/Src/app_tasks.c:131:20:buzzer_toggle	8	static
../Core/Src/app_tasks.c:154:6:app_tasks_create_all	80	static
../Core/Src/app_tasks.c:214:13:publish_sensor_msg	24	static
../Core/Src/app_tasks.c:225:13:heartbeat	24	static
../Core/Src/app_tasks.c:231:13:set_system_state	24	static
../Core/Src/app_tasks.c:249:13:DhtTask	88	static
../Core/Src/app_tasks.c:298:13:MaxTask	64	static
../Core/Src/app_tasks.c:340:13:MpuTask	72	static
../Core/Src/app_tasks.c:383:13:Mq2Task	72	static
../Core/Src/app_tasks.c:415:13:Ds18Task	72	static
../Core/Src/app_tasks.c:479:13:update_snapshot_from_msg	24	static
../Core/Src/app_tasks.c:546:13:evaluate_snapshot	24	static
../Core/Src/app_tasks.c:776:20:highest_cause_name	8	static
../Core/Src/app_tasks.c:812:20:demo_mode_name	16	static
../Core/Src/app_tasks.c:829:13:log_state_causes	144	static
../Core/Src/app_tasks.c:841:13:decision_warmup_with_queue_drain	64	static
../Core/Src/app_tasks.c:858:13:DecisionTask	240	static
../Core/Src/app_tasks.c:938:13:UiTask	136	static
../Core/Src/app_tasks.c:1077:13:EspTask	328	static
../Core/Src/app_tasks.c:1141:16:check_task_deadline	32	static
../Core/Src/app_tasks.c:1149:13:SupervisorTask	80	static
../Core/Src/app_tasks.c:1202:20:state_to_str	16	static
