../Core/Src/drv_ds18b20.c:27:6:ds18b20_init	8	static
../Core/Src/drv_ds18b20.c:35:6:ds18b20_start_conversion	8	static
../Core/Src/drv_ds18b20.c:47:6:ds18b20_read_rom	32	static
../Core/Src/drv_ds18b20.c:69:6:ds18b20_read_temp_c	40	static
../Core/Src/drv_ds18b20.c:102:13:dwt_delay_init	4	static
../Core/Src/drv_ds18b20.c:117:13:delay_us	24	static
../Core/Src/drv_ds18b20.c:128:20:bus_drive_low	8	static
../Core/Src/drv_ds18b20.c:133:20:bus_release_high	8	static
../Core/Src/drv_ds18b20.c:138:23:bus_read_level	8	static
../Core/Src/drv_ds18b20.c:143:13:onewire_reset_pulse	16	static,ignoring_inline_asm
../Core/Src/drv_ds18b20.c:161:13:onewire_write_bit	16	static,ignoring_inline_asm
../Core/Src/drv_ds18b20.c:182:16:onewire_read_bit	16	static,ignoring_inline_asm
../Core/Src/drv_ds18b20.c:200:13:onewire_write_byte	24	static
../Core/Src/drv_ds18b20.c:209:16:onewire_read_byte	16	static
../Core/Src/drv_ds18b20.c:225:16:ds18b20_crc8	24	static
