Archive member included to satisfy reference by file (symbol)

C:/ST/STM32CubeIDE_1.19.0/STM32CubeIDE/plugins/com.st.stm32cube.ide.mcu.externaltools.gnu-tools-for-stm32.13.3.rel1.win32_1.0.0.202411081344/tools/bin/../lib/gcc/arm-none-eabi/13.3.1/../../../../arm-none-eabi/lib/thumb/v7e-m+fp/hard\libc_nano.a(libc_a-exit.o)
                              C:/ST/STM32CubeIDE_1.19.0/STM32CubeIDE/plugins/com.st.stm32cube.ide.mcu.externaltools.gnu-tools-for-stm32.13.3.rel1.win32_1.0.0.202411081344/tools/bin/../lib/gcc/arm-none-eabi/13.3.1/../../../../arm-none-eabi/lib/thumb/v7e-m+fp/hard/crt0.o (exit)
C:/ST/STM32CubeIDE_1.19.0/STM32CubeIDE/plugins/com.st.stm32cube.ide.mcu.externaltools.gnu-tools-for-stm32.13.3.rel1.win32_1.0.0.202411081344/tools/bin/../lib/gcc/arm-none-eabi/13.3.1/../../../../arm-none-eabi/lib/thumb/v7e-m+fp/hard\libc_nano.a(libc_a-nano-vfprintf_float.o)
                              (_printf_float)
C:/ST/STM32CubeIDE_1.19.0/STM32CubeIDE/plugins/com.st.stm32cube.ide.mcu.externaltools.gnu-tools-for-stm32.13.3.rel1.win32_1.0.0.202411081344/tools/bin/../lib/gcc/arm-none-eabi/13.3.1/../../../../arm-none-eabi/lib/thumb/v7e-m+fp/hard\libc_nano.a(libc_a-nano-vfprintf_i.o)
                              C:/ST/STM32CubeIDE_1.19.0/STM32CubeIDE/plugins/com.st.stm32cube.ide.mcu.externaltools.gnu-tools-for-stm32.13.3.rel1.win32_1.0.0.202411081344/tools/bin/../lib/gcc/arm-none-eabi/13.3.1/../../../../arm-none-eabi/lib/thumb/v7e-m+fp/hard\libc_nano.a(libc_a-nano-vfprintf_float.o) (_printf_common)
C:/ST/STM32CubeIDE_1.19.0/STM32CubeIDE/plugins/com.st.stm32cube.ide.mcu.externaltools.gnu-tools-for-stm32.13.3.rel1.win32_1.0.0.202411081344/tools/bin/../lib/gcc/arm-none-eabi/13.3.1/../../../../arm-none-eabi/lib/thumb/v7e-m+fp/hard\libc_nano.a(libc_a-findfp.o)
                              ./Middlewares/Third_Party/FreeRTOS/Source/tasks.o (__sf)
C:/ST/STM32CubeIDE_1.19.0/STM32CubeIDE/plugins/com.st.stm32cube.ide.mcu.externaltools.gnu-tools-for-stm32.13.3.rel1.win32_1.0.0.202411081344/tools/bin/../lib/gcc/arm-none-eabi/13.3.1/../../../../arm-none-eabi/lib/thumb/v7e-m+fp/hard\libc_nano.a(libc_a-fwalk.o)
                              C:/ST/STM32CubeIDE_1.19.0/STM32CubeIDE/plugins/com.st.stm32cube.ide.mcu.externaltools.gnu-tools-for-stm32.13.3.rel1.win32_1.0.0.202411081344/tools/bin/../lib/gcc/arm-none-eabi/13.3.1/../../../../arm-none-eabi/lib/thumb/v7e-m+fp/hard\libc_nano.a(libc_a-findfp.o) (_fwalk_sglue)
C:/ST/STM32CubeIDE_1.19.0/STM32CubeIDE/plugins/com.st.stm32cube.ide.mcu.externaltools.gnu-tools-for-stm32.13.3.rel1.win32_1.0.0.202411081344/tools/bin/../lib/gcc/arm-none-eabi/13.3.1/../../../../arm-none-eabi/lib/thumb/v7e-m+fp/hard\libc_nano.a(libc_a-snprintf.o)
                              ./Core/Src/app_tasks.o (snprintf)
C:/ST/STM32CubeIDE_1.19.0/STM32CubeIDE/plugins/com.st.stm32cube.ide.mcu.externaltools.gnu-tools-for-stm32.13.3.rel1.win32_1.0.0.202411081344/tools/bin/../lib/gcc/arm-none-eabi/13.3.1/../../../../arm-none-eabi/lib/thumb/v7e-m+fp/hard\libc_nano.a(libc_a-stdio.o)
                              C:/ST/STM32CubeIDE_1.19.0/STM32CubeIDE/plugins/com.st.stm32cube.ide.mcu.externaltools.gnu-tools-for-stm32.13.3.rel1.win32_1.0.0.202411081344/tools/bin/../lib/gcc/arm-none-eabi/13.3.1/../../../../arm-none-eabi/lib/thumb/v7e-m+fp/hard\libc_nano.a(libc_a-findfp.o) (__sread)
C:/ST/STM32CubeIDE_1.19.0/STM32CubeIDE/plugins/com.st.stm32cube.ide.mcu.externaltools.gnu-tools-for-stm32.13.3.rel1.win32_1.0.0.202411081344/tools/bin/../lib/gcc/arm-none-eabi/13.3.1/../../../../arm-none-eabi/lib/thumb/v7e-m+fp/hard\libc_nano.a(libc_a-vsnprintf.o)
                              ./Core/Src/debug.o (vsnprintf)
C:/ST/STM32CubeIDE_1.19.0/STM32CubeIDE/plugins/com.st.stm32cube.ide.mcu.externaltools.gnu-tools-for-stm32.13.3.rel1.win32_1.0.0.202411081344/tools/bin/../lib/gcc/arm-none-eabi/13.3.1/../../../../arm-none-eabi/lib/thumb/v7e-m+fp/hard\libc_nano.a(libc_a-memset.o)
                              C:/ST/STM32CubeIDE_1.19.0/STM32CubeIDE/plugins/com.st.stm32cube.ide.mcu.externaltools.gnu-tools-for-stm32.13.3.rel1.win32_1.0.0.202411081344/tools/bin/../lib/gcc/arm-none-eabi/13.3.1/../../../../arm-none-eabi/lib/thumb/v7e-m+fp/hard/crt0.o (memset)
C:/ST/STM32CubeIDE_1.19.0/STM32CubeIDE/plugins/com.st.stm32cube.ide.mcu.externaltools.gnu-tools-for-stm32.13.3.rel1.win32_1.0.0.202411081344/tools/bin/../lib/gcc/arm-none-eabi/13.3.1/../../../../arm-none-eabi/lib/thumb/v7e-m+fp/hard\libc_nano.a(libc_a-strncmp.o)
                              ./Core/Src/ui.o (strncmp)
C:/ST/STM32CubeIDE_1.19.0/STM32CubeIDE/plugins/com.st.stm32cube.ide.mcu.externaltools.gnu-tools-for-stm32.13.3.rel1.win32_1.0.0.202411081344/tools/bin/../lib/gcc/arm-none-eabi/13.3.1/../../../../arm-none-eabi/lib/thumb/v7e-m+fp/hard\libc_nano.a(libc_a-strncpy.o)
                              ./Core/Src/ui.o (strncpy)
[...]
Memory Configuration

Name             Origin             Length             Attributes
RAM              0x20000000         0x00020000         xrw
FLASH            0x08000000         0x00080000         xr
*default*        0x00000000         0xffffffff

Linker script and memory map

LOAD C:/ST/STM32CubeIDE_1.19.0/STM32CubeIDE/plugins/com.st.stm32cube.ide.mcu.externaltools.gnu-tools-for-stm32.13.3.rel1.win32_1.0.0.202411081344/tools/bin/../lib/gcc/arm-none-eabi/13.3.1/thumb/v7e-m+fp/hard/crti.o
LOAD C:/ST/STM32CubeIDE_1.19.0/STM32CubeIDE/plugins/com.st.stm32cube.ide.mcu.externaltools.gnu-tools-for-stm32.13.3.rel1.win32_1.0.0.202411081344/tools/bin/../lib/gcc/arm-none-eabi/13.3.1/thumb/v7e-m+fp/hard/crtbegin.o
LOAD C:/ST/STM32CubeIDE_1.19.0/STM32CubeIDE/plugins/com.st.stm32cube.ide.mcu.externaltools.gnu-tools-for-stm32.13.3.rel1.win32_1.0.0.202411081344/tools/bin/../lib/gcc/arm-none-eabi/13.3.1/../../../../arm-none-eabi/lib/thumb/v7e-m+fp/hard/crt0.o
LOAD ./Core/Src/app_tasks.o
LOAD ./Core/Src/debug.o
LOAD ./Core/Src/drv_dht11.o
LOAD ./Core/Src/drv_ds18b20.o
LOAD ./Core/Src/drv_esp_uart.o
LOAD ./Core/Src/drv_lcd_i2c.o
LOAD ./Core/Src/drv_max30102.o
LOAD ./Core/Src/drv_mpu6050.o
LOAD ./Core/Src/drv_mq2.o
LOAD ./Core/Src/esp_uart_test.o
LOAD ./Core/Src/event_log.o
LOAD ./Core/Src/freertos.o
LOAD ./Core/Src/main.o
LOAD ./Core/Src/stm32f4xx_hal_msp.o
LOAD ./Core/Src/stm32f4xx_hal_timebase_tim.o
LOAD ./Core/Src/stm32f4xx_it.o
LOAD ./Core/Src/syscalls.o
LOAD ./Core/Src/sysmem.o
LOAD ./Core/Src/system_stm32f4xx.o
LOAD ./Core/Src/ui.o
LOAD ./Core/Startup/startup_stm32f446retx.o
LOAD ./Drivers/STM32F4xx_HAL_Driver/Src/stm32f4xx_hal.o
LOAD ./Drivers/STM32F4xx_HAL_Driver/Src/stm32f4xx_hal_adc.o
LOAD ./Drivers/STM32F4xx_HAL_Driver/Src/stm32f4xx_hal_adc_ex.o
LOAD ./Drivers/STM32F4xx_HAL_Driver/Src/stm32f4xx_hal_cortex.o
LOAD ./Drivers/STM32F4xx_HAL_Driver/Src/stm32f4xx_hal_dma.o
LOAD ./Drivers/STM32F4xx_HAL_Driver/Src/stm32f4xx_hal_dma_ex.o
LOAD ./Drivers/STM32F4xx_HAL_Driver/Src/stm32f4xx_hal_exti.o
LOAD ./Drivers/STM32F4xx_HAL_Driver/Src/stm32f4xx_hal_flash.o
LOAD ./Drivers/STM32F4xx_HAL_Driver/Src/stm32f4xx_hal_flash_ex.o
LOAD ./Drivers/STM32F4xx_HAL_Driver/Src/stm32f4xx_hal_flash_ramfunc.o
LOAD ./Drivers/STM32F4xx_HAL_Driver/Src/stm32f4xx_hal_gpio.o
LOAD ./Drivers/STM32F4xx_HAL_Driver/Src/stm32f4xx_hal_i2c.o
LOAD ./Drivers/STM32F4xx_HAL_Driver/Src/stm32f4xx_hal_i2c_ex.o
LOAD ./Drivers/STM32F4xx_HAL_Driver/Src/stm32f4xx_hal_pwr.o
LOAD ./Drivers/STM32F4xx_HAL_Driver/Src/stm32f4xx_hal_pwr_ex.o
LOAD ./Drivers/STM32F4xx_HAL_Driver/Src/stm32f4xx_hal_rcc.o
LOAD ./Drivers/STM32F4xx_HAL_Driver/Src/stm32f4xx_hal_rcc_ex.o
LOAD ./Drivers/STM32F4xx_HAL_Driver/Src/stm32f4xx_hal_tim.o
LOAD ./Drivers/STM32F4xx_HAL_Driver/Src/stm32f4xx_hal_tim_ex.o
LOAD ./Drivers/STM32F4xx_HAL_Driver/Src/stm32f4xx_hal_uart.o
LOAD ./Drivers/STM32F4xx_HAL_Driver/Src/stm32f4xx_ll_adc.o
LOAD ./Middlewares/Third_Party/FreeRTOS/Source/CMSIS_RTOS_V2/cmsis_os2.o
LOAD ./Middlewares/Third_Party/FreeRTOS/Source/croutine.o
LOAD ./Middlewares/Third_Party/FreeRTOS/Source/event_groups.o
LOAD ./Middlewares/Third_Party/FreeRTOS/Source/list.o
LOAD ./Middlewares/Third_Party/FreeRTOS/Source/queue.o
LOAD ./Middlewares/Third_Party/FreeRTOS/Source/stream_buffer.o
LOAD ./Middlewares/Third_Party/FreeRTOS/Source/tasks.o
LOAD ./Middlewares/Third_Party/FreeRTOS/Source/timers.o
LOAD ./Middlewares/Third_Party/FreeRTOS/Source/portable/GCC/ARM_CM4F/port.o
LOAD ./Middlewares/Third_Party/FreeRTOS/Source/portable/MemMang/heap_4.o
START GROUP
LOAD C:/ST/STM32CubeIDE_1.19.0/STM32CubeIDE/plugins/com.st.stm32cube.ide.mcu.externaltools.gnu-tools-for-stm32.13.3.rel1.win32_1.0.0.202411081344/tools/bin/../lib/gcc/arm-none-eabi/13.3.1/../../../../arm-none-eabi/lib/thumb/v7e-m+fp/hard\libc_nano.a
LOAD C:/ST/STM32CubeIDE_1.19.0/STM32CubeIDE/plugins/com.st.stm32cube.ide.mcu.externaltools.gnu-tools-for-stm32.13.3.rel1.win32_1.0.0.202411081344/tools/bin/../lib/gcc/arm-none-eabi/13.3.1/../../../../arm-none-eabi/lib/thumb/v7e-m+fp/hard\libm.a
END GROUP
START GROUP
LOAD C:/ST/STM32CubeIDE_1.19.0/STM32CubeIDE/plugins/com.st.stm32cube.ide.mcu.externaltools.gnu-tools-for-stm32.13.3.rel1.win32_1.0.0.202411081344/tools/bin/../lib/gcc/arm-none-eabi/13.3.1/thumb/v7e-m+fp/hard\libgcc.a
LOAD C:/ST/STM32CubeIDE_1.19.0/STM32CubeIDE/plugins/com.st.stm32cube.ide.mcu.externaltools.gnu-tools-for-stm32.13.3.rel1.win32_1.0.0.202411081344/tools/bin/../lib/gcc/arm-none-eabi/13.3.1/../../../../arm-none-eabi/lib/thumb/v7e-m+fp/hard\libc_nano.a
END GROUP
START GROUP
LOAD C:/ST/STM32CubeIDE_1.19.0/STM32CubeIDE/plugins/com.st.stm32cube.ide.mcu.externaltools.gnu-tools-for-stm32.13.3.rel1.win32_1.0.0.202411081344/tools/bin/../lib/gcc/arm-none-eabi/13.3.1/thumb/v7e-m+fp/hard\libgcc.a
LOAD C:/ST/STM32CubeIDE_1.19.0/STM32CubeIDE/plugins/com.st.stm32cube.ide.mcu.externaltools.gnu-tools-for-stm32.13.3.rel1.win32_1.0.0.202411081344/tools/bin/../lib/gcc/arm-none-eabi/13.3.1/../../../../arm-none-eabi/lib/thumb/v7e-m+fp/hard\libc_nano.a
LOAD C:/ST/STM32CubeIDE_1.19.0/STM32CubeIDE/plugins/com.st.stm32cube.ide.mcu.externaltools.gnu-tools-for-stm32.13.3.rel1.win32_1.0.0.202411081344/tools/bin/../lib/gcc/arm-none-eabi/13.3.1/../../../../arm-none-eabi/lib/thumb/v7e-m+fp/hard\libnosys.a
END GROUP
START GROUP
LOAD C:/ST/STM32CubeIDE_1.19.0/STM32CubeIDE/plugins/com.st.stm32cube.ide.mcu.externaltools.gnu-tools-for-stm32.13.3.rel1.win32_1.0.0.202411081344/tools/bin/../lib/gcc/arm-none-eabi/13.3.1/thumb/v7e-m+fp/hard\libgcc.a
LOAD C:/ST/STM32CubeIDE_1.19.0/STM32CubeIDE/plugins/com.st.stm32cube.ide.mcu.externaltools.gnu-tools-for-stm32.13.3.rel1.win32_1.0.0.202411081344/tools/bin/../lib/gcc/arm-none-eabi/13.3.1/../../../../arm-none-eabi/lib/thumb/v7e-m+fp/hard\libc_nano.a
LOAD C:/ST/STM32CubeIDE_1.19.0/STM32CubeIDE/plugins/com.st.stm32cube.ide.mcu.externaltools.gnu-tools-for-stm32.13.3.rel1.win32_1.0.0.202411081344/tools/bin/../lib/gcc/arm-none-eabi/13.3.1/../../../../arm-none-eabi/lib/thumb/v7e-m+fp/hard\libnosys.a
END GROUP
LOAD C:/ST/STM32CubeIDE_1.19.0/STM32CubeIDE/plugins/com.st.stm32cube.ide.mcu.externaltools.gnu-tools-for-stm32.13.3.rel1.win32_1.0.0.202411081344/tools/bin/../lib/gcc/arm-none-eabi/13.3.1/thumb/v7e-m+fp/hard/crtend.o
LOAD C:/ST/STM32CubeIDE_1.19.0/STM32CubeIDE/plugins/com.st.stm32cube.ide.mcu.externaltools.gnu-tools-for-stm32.13.3.rel1.win32_1.0.0.202411081344/tools/bin/../lib/gcc/arm-none-eabi/13.3.1/thumb/v7e-m+fp/hard/crtn.o
                0x20020000                        _estack = (ORIGIN (RAM) + LENGTH (RAM))
                0x00000200                        _Min_Heap_Size = 0x200
                0x00000400                        _Min_Stack_Size = 0x400

.isr_vector     0x08000000      0x1c4
                0x08000000                        . = ALIGN (0x4)
 *(.isr_vector)
 .isr_vector    0x08000000      0x1c4 ./Core/Startup/startup_stm32f446retx.o
                0x08000000                g_pfnVectors
                0x080001c4                        . = ALIGN (0x4)

.text           0x080001d0    0x10098
                0x080001d0                        . = ALIGN (0x4)
 *(.text)
 .text          0x080001d0       0x40 C:/ST/STM32CubeIDE_1.19.0/STM32CubeIDE/plugins/com.st.stm32cube.ide.mcu.externaltools.gnu-tools-for-stm32.13.3.rel1.win32_1.0.0.202411081344/tools/bin/../lib/gcc/arm-none-eabi/13.3.1/thumb/v7e-m+fp/hard/crtbegin.o
 .text          0x08000210       0xa0 C:/ST/STM32CubeIDE_1.19.0/STM32CubeIDE/plugins/com.st.stm32cube.ide.mcu.externaltools.gnu-tools-for-stm32.13.3.rel1.win32_1.0.0.202411081344/tools/bin/../lib/gcc/arm-none-eabi/13.3.1/../../../../arm-none-eabi/lib/thumb/v7e-m+fp/hard\libc_nano.a(libc_a-memchr.o)
                0x08000210                memchr
 .text          0x080002b0       0x10 C:/ST/STM32CubeIDE_1.19.0/STM32CubeIDE/plugins/com.st.stm32cube.ide.mcu.externaltools.gnu-tools-for-stm32.13.3.rel1.win32_1.0.0.202411081344/tools/bin/../lib/gcc/arm-none-eabi/13.3.1/../../../../arm-none-eabi/lib/thumb/v7e-m+fp/hard\libc_nano.a(libc_a-strlen.o)
                0x080002b0                strlen
 .text          0x080002c0      0x378 C:/ST/STM32CubeIDE_1.19.0/STM32CubeIDE/plugins/com.st.stm32cube.ide.mcu.externaltools.gnu-tools-for-stm32.13.3.rel1.win32_1.0.0.202411081344/tools/bin/../lib/gcc/arm-none-eabi/13.3.1/thumb/v7e-m+fp/hard\libgcc.a(_arm_addsubdf3.o)
                0x080002c0                __aeabi_drsub
                0x080002c8                __aeabi_dsub
                0x080002c8                __subdf3
                0x080002cc                __aeabi_dadd
                0x080002cc                __adddf3
                0x08000544                __floatunsidf
                0x08000544                __aeabi_ui2d
                0x08000564                __floatsidf
                0x08000564                __aeabi_i2d
                0x08000588                __aeabi_f2d
                0x08000588                __extendsfdf2
                0x080005cc                __floatundidf
                0x080005cc                __aeabi_ul2d
                0x080005dc                __floatdidf
                0x080005dc                __aeabi_l2d
 .text          0x08000638      0x424 C:/ST/STM32CubeIDE_1.19.0/STM32CubeIDE/plugins/com.st.stm32cube.ide.mcu.externaltools.gnu-tools-for-stm32.13.3.rel1.win32_1.0.0.202411081344/tools/bin/../lib/gcc/arm-none-eabi/13.3.1/thumb/v7e-m+fp/hard\libgcc.a(_arm_muldivdf3.o)
                0x08000638                __aeabi_dmul
                0x08000638                __muldf3
                0x0800088c                __divdf3
                0x0800088c                __aeabi_ddiv
 .text          0x08000a5c      0x110 C:/ST/STM32CubeIDE_1.19.0/STM32CubeIDE/plugins/com.st.stm32cube.ide.mcu.externaltools.gnu-tools-for-stm32.13.3.rel1.win32_1.0.0.202411081344/tools/bin/../lib/gcc/arm-none-eabi/13.3.1/thumb/v7e-m+fp/hard\libgcc.a(_arm_cmpdf2.o)
                0x08000a5c                __gtdf2
                0x08000a5c                __gedf2
                0x08000a64                __ltdf2
                0x08000a64                __ledf2
                0x08000a6c                __nedf2
                0x08000a6c                __eqdf2
                0x08000a6c                __cmpdf2
                0x08000ae8                __aeabi_cdrcmple
                0x08000af8                __aeabi_cdcmpeq
                0x08000af8                __aeabi_cdcmple
                0x08000b08                __aeabi_dcmpeq
                0x08000b1c                __aeabi_dcmplt
                0x08000b30                __aeabi_dcmple
                0x08000b44                __aeabi_dcmpge
                0x08000b58                __aeabi_dcmpgt
 .text          0x08000b6c       0x2c C:/ST/STM32CubeIDE_1.19.0/STM32CubeIDE/plugins/com.st.stm32cube.ide.mcu.externaltools.gnu-tools-for-stm32.13.3.rel1.win32_1.0.0.202411081344/tools/bin/../lib/gcc/arm-none-eabi/13.3.1/thumb/v7e-m+fp/hard\libgcc.a(_arm_unorddf2.o)
                0x08000b6c                __unorddf2
                0x08000b6c                __aeabi_dcmpun
 .text          0x08000b98       0x50 C:/ST/STM32CubeIDE_1.19.0/STM32CubeIDE/plugins/com.st.stm32cube.ide.mcu.externaltools.gnu-tools-for-stm32.13.3.rel1.win32_1.0.0.202411081344/tools/bin/../lib/gcc/arm-none-eabi/13.3.1/thumb/v7e-m+fp/hard\libgcc.a(_arm_fixdfsi.o)
                0x08000b98                __aeabi_d2iz
                0x08000b98                __fixdfsi
 .text          0x08000be8       0x30 C:/ST/STM32CubeIDE_1.19.0/STM32CubeIDE/plugins/com.st.stm32cube.ide.mcu.externaltools.gnu-tools-for-stm32.13.3.rel1.win32_1.0.0.202411081344/tools/bin/../lib/gcc/arm-none-eabi/13.3.1/thumb/v7e-m+fp/hard\libgcc.a(_aeabi_uldivmod.o)
                0x08000be8                __aeabi_uldivmod
 .text          0x08000c18      0x2f8 C:/ST/STM32CubeIDE_1.19.0/STM32CubeIDE/plugins/com.st.stm32cube.ide.mcu.externaltools.gnu-tools-for-stm32.13.3.rel1.win32_1.0.0.202411081344/tools/bin/../lib/gcc/arm-none-eabi/13.3.1/thumb/v7e-m+fp/hard\libgcc.a(_udivmoddi4.o)
                0x08000c18                __udivmoddi4
 .text          0x08000f10        0x4 C:/ST/STM32CubeIDE_1.19.0/STM32CubeIDE/plugins/com.st.stm32cube.ide.mcu.externaltools.gnu-tools-for-stm32.13.3.rel1.win32_1.0.0.202411081344/tools/bin/../lib/gcc/arm-none-eabi/13.3.1/thumb/v7e-m+fp/hard\libgcc.a(_dvmd_tls.o)
                0x08000f10                __aeabi_idiv0
                0x08000f10                __aeabi_ldiv0
 *(.text*)
 .text.red_led_set
                0x08000f14       0x2c ./Core/Src/app_tasks.o
 .text.red_led_toggle
                0x08000f40       0x14 ./Core/Src/app_tasks.o
 .text.green_led_set
                0x08000f54       0x2c ./Core/Src/app_tasks.o
 .text.green_led_toggle
                0x08000f80       0x14 ./Core/Src/app_tasks.o
 .text.buzzer_set
                0x08000f94       0x2c ./Core/Src/app_tasks.o
 .text.buzzer_toggle
                0x08000fc0       0x14 ./Core/Src/app_tasks.o
 .text.app_tasks_create_all
                0x08000fd4      0x274 ./Core/Src/app_tasks.o
                0x08000fd4                app_tasks_create_all
 .text.publish_sensor_msg
                0x08001248       0x60 ./Core/Src/app_tasks.o
 .text.heartbeat
                0x080012a8       0x2c ./Core/Src/app_tasks.o
 .text.set_system_state
                0x080012d4       0xa8 ./Core/Src/app_tasks.o
 .text.DhtTask  0x0800137c      0x120 ./Core/Src/app_tasks.o
 .text.MaxTask  0x0800149c       0xe4 ./Core/Src/app_tasks.o
 .text.MpuTask  0x08001580      0x118 ./Core/Src/app_tasks.o
 .text.Mq2Task  0x08001698       0xc8 ./Core/Src/app_tasks.o
 .text.Ds18Task
                0x08001760      0x15c ./Core/Src/app_tasks.o
 .text.update_snapshot_from_msg
                0x080018bc      0x130 ./Core/Src/app_tasks.o
 .text.evaluate_snapshot
                0x080019ec      0x70c ./Core/Src/app_tasks.o
 .text.highest_cause_name
                0x080020f8      0x110 ./Core/Src/app_tasks.o
 .text.demo_mode_name
                0x08002208       0x68 ./Core/Src/app_tasks.o
 .text.log_state_causes
                0x08002270       0xe4 ./Core/Src/app_tasks.o
 .text.decision_warmup_with_queue_drain
                0x08002354       0x7c ./Core/Src/app_tasks.o
 .text.DecisionTask
                0x080023d0      0x2e8 ./Core/Src/app_tasks.o
 .text.UiTask   0x080026b8      0x2fc ./Core/Src/app_tasks.o
 .text.EspTask  0x080029b4      0x1ec ./Core/Src/app_tasks.o
 .text.check_task_deadline
                0x08002ba0       0x44 ./Core/Src/app_tasks.o
 .text.SupervisorTask
                0x08002be4      0x174 ./Core/Src/app_tasks.o
 .text.state_to_str
                0x08002d58       0x98 ./Core/Src/app_tasks.o
 .text.debug_init
                0x08002df0       0x3c ./Core/Src/debug.o
                0x08002df0                debug_init
 .text.debug_log
                0x08002e2c       0xac ./Core/Src/debug.o
                0x08002e2c                debug_log
 .text.dht11_init
                0x08002ed8       0x1c ./Core/Src/drv_dht11.o
                0x08002ed8                dht11_init
 .text.dht11_read
                0x08002ef4      0x17c ./Core/Src/drv_dht11.o
                0x08002ef4                dht11_read
 .text.dwt_delay_init
                0x08003070       0x40 ./Core/Src/drv_dht11.o
 .text.delay_us
                0x080030b0       0x48 ./Core/Src/drv_dht11.o
 .text.dht11_set_output
                0x080030f8       0x3c ./Core/Src/drv_dht11.o
 .text.dht11_set_input
                0x08003134       0x38 ./Core/Src/drv_dht11.o
 .text.wait_for_pin_state
                0x0800316c       0x68 ./Core/Src/drv_dht11.o
 .text.ds18b20_init
                0x080031d4       0x1c ./Core/Src/drv_ds18b20.o
                0x080031d4                ds18b20_init
 .text.ds18b20_start_conversion
                0x080031f0       0x2a ./Core/Src/drv_ds18b20.o
                0x080031f0                ds18b20_start_conversion
 .text.ds18b20_read_temp_c
                0x0800321a       0xa6 ./Core/Src/drv_ds18b20.o
                0x0800321a                ds18b20_read_temp_c
 .text.dwt_delay_init
                0x080032c0       0x48 ./Core/Src/drv_ds18b20.o
 .text.delay_us
                0x08003308       0x48 ./Core/Src/drv_ds18b20.o
 .text.bus_drive_low
                0x08003350       0x18 ./Core/Src/drv_ds18b20.o
 .text.bus_release_high
                0x08003368       0x18 ./Core/Src/drv_ds18b20.o
 .text.bus_read_level
                0x08003380       0x24 ./Core/Src/drv_ds18b20.o
 .text.onewire_reset_pulse
                0x080033a4       0x52 ./Core/Src/drv_ds18b20.o
 .text.onewire_write_bit
                0x080033f6       0x46 ./Core/Src/drv_ds18b20.o
 .text.onewire_read_bit
                0x0800343c       0x3a ./Core/Src/drv_ds18b20.o
 .text.onewire_write_byte
                0x08003476       0x3a ./Core/Src/drv_ds18b20.o
 .text.onewire_read_byte
                0x080034b0       0x3e ./Core/Src/drv_ds18b20.o
 .text.ds18b20_crc8
                0x080034ee       0x78 ./Core/Src/drv_ds18b20.o
 .text.esp_uart_init
                0x08003566       0x10 ./Core/Src/drv_esp_uart.o
                0x08003566                esp_uart_init
 *fill*         0x08003576        0x2 
 .text.esp_uart_send_line
                0x08003578       0xe4 ./Core/Src/drv_esp_uart.o
                0x08003578                esp_uart_send_line
 .text.lcd_i2c_init
                0x0800365c       0x60 ./Core/Src/drv_lcd_i2c.o
                0x0800365c                lcd_i2c_init
 .text.lcd_i2c_write_lines
                0x080036bc       0x40 ./Core/Src/drv_lcd_i2c.o
                0x080036bc                lcd_i2c_write_lines
 .text.lcd_expander_write
                0x080036fc       0x28 ./Core/Src/drv_lcd_i2c.o
 .text.lcd_pulse
                0x08003724       0x54 ./Core/Src/drv_lcd_i2c.o
 .text.lcd_write4
                0x08003778       0x44 ./Core/Src/drv_lcd_i2c.o
 .text.lcd_write_cmd
                0x080037bc       0x36 ./Core/Src/drv_lcd_i2c.o
 .text.lcd_write_data
                0x080037f2       0x30 ./Core/Src/drv_lcd_i2c.o
 *fill*         0x08003822        0x2 
 .text.lcd_set_cursor
                0x08003824       0x38 ./Core/Src/drv_lcd_i2c.o
 .text.lcd_print_padded
                0x0800385c       0x78 ./Core/Src/drv_lcd_i2c.o
 .text.max30102_init
                0x080038d4      0x140 ./Core/Src/drv_max30102.o
                0x080038d4                max30102_init
 .text.max30102_read
                0x08003a14      0x354 ./Core/Src/drv_max30102.o
                0x08003a14                max30102_read
 .text.process_single_sample
                0x08003d68      0x4e8 ./Core/Src/drv_max30102.o
 .text.reg_write
                0x08004250       0x38 ./Core/Src/drv_max30102.o
 .text.reg_read
                0x08004288       0x34 ./Core/Src/drv_max30102.o
 .text.burst_read
                0x080042bc       0x38 ./Core/Src/drv_max30102.o
 .text.reset_state
                0x080042f4       0x18 ./Core/Src/drv_max30102.o
 .text.mpu6050_init
                0x0800430c      0x114 ./Core/Src/drv_mpu6050.o
                0x0800430c                mpu6050_init
 .text.mpu6050_read
                0x08004420      0x180 ./Core/Src/drv_mpu6050.o
                0x08004420                mpu6050_read
 .text.reg_write
                0x080045a0       0x44 ./Core/Src/drv_mpu6050.o
 .text.reg_read
                0x080045e4       0x40 ./Core/Src/drv_mpu6050.o
 .text.burst_read
                0x08004624       0x44 ./Core/Src/drv_mpu6050.o
 .text.absf_local
                0x08004668       0x34 ./Core/Src/drv_mpu6050.o
 .text.mq2_init
                0x0800469c       0x30 ./Core/Src/drv_mq2.o
                0x0800469c                mq2_init
 .text.mq2_read
                0x080046cc       0xd4 ./Core/Src/drv_mq2.o
                0x080046cc                mq2_read
 .text.read_adc_once
                0x080047a0       0x48 ./Core/Src/drv_mq2.o
 .text.event_log_init
                0x080047e8       0x2c ./Core/Src/event_log.o
                0x080047e8                event_log_init
 .text.event_log_push
                0x08004814       0x98 ./Core/Src/event_log.o
                0x08004814                event_log_push
 .text.main     0x080048ac       0x4c ./Core/Src/main.o
                0x080048ac                main
 .text.SystemClock_Config
                0x080048f8       0xdc ./Core/Src/main.o
                0x080048f8                SystemClock_Config
 .text.MX_ADC1_Init
                0x080049d4       0xa4 ./Core/Src/main.o
 .text.MX_I2C1_Init
                0x08004a78       0x5c ./Core/Src/main.o
 .text.MX_USART1_UART_Init
                0x08004ad4       0x54 ./Core/Src/main.o
 .text.MX_USART2_UART_Init
                0x08004b28       0x54 ./Core/Src/main.o
 .text.MX_GPIO_Init
                0x08004b7c      0x19c ./Core/Src/main.o
 .text.StartDefaultTask
                0x08004d18       0x10 ./Core/Src/main.o
                0x08004d18                StartDefaultTask
 .text.HAL_TIM_PeriodElapsedCallback
                0x08004d28       0x24 ./Core/Src/main.o
                0x08004d28                HAL_TIM_PeriodElapsedCallback
 .text.Error_Handler
                0x08004d4c        0xc ./Core/Src/main.o
                0x08004d4c                Error_Handler
 .text.HAL_MspInit
                0x08004d58       0x58 ./Core/Src/stm32f4xx_hal_msp.o
                0x08004d58                HAL_MspInit
 .text.HAL_ADC_MspInit
                0x08004db0       0x88 ./Core/Src/stm32f4xx_hal_msp.o
                0x08004db0                HAL_ADC_MspInit
 .text.HAL_I2C_MspInit
                0x08004e38       0x90 ./Core/Src/stm32f4xx_hal_msp.o
                0x08004e38                HAL_I2C_MspInit
 .text.HAL_UART_MspInit
                0x08004ec8       0xf8 ./Core/Src/stm32f4xx_hal_msp.o
                0x08004ec8                HAL_UART_MspInit
 .text.HAL_InitTick
                0x08004fc0       0xf8 ./Core/Src/stm32f4xx_hal_timebase_tim.o
                0x08004fc0                HAL_InitTick
 .text.NMI_Handler
                0x080050b8        0x8 ./Core/Src/stm32f4xx_it.o
                0x080050b8                NMI_Handler
 .text.HardFault_Handler
                0x080050c0        0x8 ./Core/Src/stm32f4xx_it.o
                0x080050c0                HardFault_Handler
 .text.MemManage_Handler
                0x080050c8        0x8 ./Core/Src/stm32f4xx_it.o
                0x080050c8                MemManage_Handler
 .text.BusFault_Handler
                0x080050d0        0x8 ./Core/Src/stm32f4xx_it.o
                0x080050d0                BusFault_Handler
 .text.UsageFault_Handler
                0x080050d8        0x8 ./Core/Src/stm32f4xx_it.o
                0x080050d8                UsageFault_Handler
 .text.DebugMon_Handler
                0x080050e0        0xe ./Core/Src/stm32f4xx_it.o
                0x080050e0                DebugMon_Handler
 .text.EXTI4_IRQHandler
                0x080050ee        0xe ./Core/Src/stm32f4xx_it.o
                0x080050ee                EXTI4_IRQHandler
 .text.EXTI9_5_IRQHandler
                0x080050fc        0xe ./Core/Src/stm32f4xx_it.o
                0x080050fc                EXTI9_5_IRQHandler
 .text.EXTI15_10_IRQHandler
                0x0800510a       0x10 ./Core/Src/stm32f4xx_it.o
                0x0800510a                EXTI15_10_IRQHandler
 *fill*         0x0800511a        0x2 
 .text.TIM6_DAC_IRQHandler
                0x0800511c       0x14 ./Core/Src/stm32f4xx_it.o
                0x0800511c                TIM6_DAC_IRQHandler
 .text._getpid  0x08005130       0x10 ./Core/Src/syscalls.o
                0x08005130                _getpid
 .text._kill    0x08005140       0x20 ./Core/Src/syscalls.o
                0x08005140                _kill
 .text._exit    0x08005160       0x16 ./Core/Src/syscalls.o
                0x08005160                _exit
 .text._read    0x08005176       0x3a ./Core/Src/syscalls.o
                0x08005176                _read
 .text._write   0x080051b0       0x38 ./Core/Src/syscalls.o
                0x080051b0                _write
 .text._close   0x080051e8       0x18 ./Core/Src/syscalls.o
                0x080051e8                _close
 .text._fstat   0x08005200       0x20 ./Core/Src/syscalls.o
                0x08005200                _fstat
 .text._isatty  0x08005220       0x16 ./Core/Src/syscalls.o
                0x08005220                _isatty
 .text._lseek   0x08005236       0x1a ./Core/Src/syscalls.o
                0x08005236                _lseek
 .text._sbrk    0x08005250       0x6c ./Core/Src/sysmem.o
                0x08005250                _sbrk
 .text.SystemInit
                0x080052bc       0x24 ./Core/Src/system_stm32f4xx.o
                0x080052bc                SystemInit
 .text.ui_init  0x080052e0       0x9c ./Core/Src/ui.o
                0x080052e0                ui_init
 .text.ui_acknowledge
                0x0800537c       0x1c ./Core/Src/ui.o
                0x0800537c                ui_acknowledge
 .text.ui_update
                0x08005398       0x98 ./Core/Src/ui.o
                0x08005398                ui_update
 .text.state_name
                0x08005430       0x98 ./Core/Src/ui.o
 .text.format_lines
                0x080054c8      0x1c4 ./Core/Src/ui.o
 .text.write_lines_if_changed
                0x0800568c       0x94 ./Core/Src/ui.o
 .text.Reset_Handler
                0x08005720       0x50 ./Core/Startup/startup_stm32f446retx.o
                0x08005720                Reset_Handler
 .text.Default_Handler
                0x08005770        0x2 ./Core/Startup/startup_stm32f446retx.o
                0x08005770                RTC_Alarm_IRQHandler
                0x08005770                EXTI2_IRQHandler
                0x08005770                TIM8_CC_IRQHandler
                0x08005770                FMPI2C1_EV_IRQHandler
                0x08005770                SPI4_IRQHandler
                0x08005770                TIM1_CC_IRQHandler
                0x08005770                DMA2_Stream5_IRQHandler
                0x08005770                DMA1_Stream5_IRQHandler
                0x08005770                PVD_IRQHandler
                0x08005770                SDIO_IRQHandler
                0x08005770                TAMP_STAMP_IRQHandler
                0x08005770                CAN2_RX1_IRQHandler
                0x08005770                EXTI3_IRQHandler
                0x08005770                TIM8_TRG_COM_TIM14_IRQHandler
                0x08005770                TIM1_UP_TIM10_IRQHandler
                0x08005770                TIM8_UP_TIM13_IRQHandler
                0x08005770                I2C3_ER_IRQHandler
                0x08005770                EXTI0_IRQHandler
                0x08005770                I2C2_EV_IRQHandler
                0x08005770                DMA1_Stream2_IRQHandler
                0x08005770                CAN1_RX0_IRQHandler
                0x08005770                FPU_IRQHandler
                0x08005770                OTG_HS_WKUP_IRQHandler
                0x08005770                CAN2_SCE_IRQHandler
                0x08005770                DMA2_Stream2_IRQHandler
                0x08005770                SPI1_IRQHandler
                0x08005770                TIM1_BRK_TIM9_IRQHandler
                0x08005770                DCMI_IRQHandler
                0x08005770                CAN2_RX0_IRQHandler
                0x08005770                DMA2_Stream3_IRQHandler
                0x08005770                SAI2_IRQHandler
                0x08005770                USART6_IRQHandler
                0x08005770                USART3_IRQHandler
                0x08005770                CAN1_RX1_IRQHandler
                0x08005770                UART5_IRQHandler
                0x08005770                DMA2_Stream0_IRQHandler
                0x08005770                TIM4_IRQHandler
                0x08005770                QUADSPI_IRQHandler
                0x08005770                I2C1_EV_IRQHandler
                0x08005770                DMA1_Stream6_IRQHandler
                0x08005770                DMA1_Stream1_IRQHandler
                0x08005770                UART4_IRQHandler
                0x08005770                TIM3_IRQHandler
                0x08005770                RCC_IRQHandler
                0x08005770                TIM8_BRK_TIM12_IRQHandler
                0x08005770                Default_Handler
                0x08005770                CEC_IRQHandler
                0x08005770                ADC_IRQHandler
                0x08005770                DMA1_Stream7_IRQHandler
                0x08005770                TIM7_IRQHandler
                0x08005770                CAN2_TX_IRQHandler
                0x08005770                TIM5_IRQHandler
                0x08005770                DMA2_Stream7_IRQHandler
                0x08005770                I2C3_EV_IRQHandler
                0x08005770                RTC_WKUP_IRQHandler
                0x08005770                SPDIF_RX_IRQHandler
                0x08005770                SPI2_IRQHandler
                0x08005770                OTG_HS_EP1_IN_IRQHandler
                0x08005770                DMA1_Stream0_IRQHandler
                0x08005770                CAN1_TX_IRQHandler
                0x08005770                FMPI2C1_ER_IRQHandler
                0x08005770                OTG_HS_EP1_OUT_IRQHandler
                0x08005770                WWDG_IRQHandler
                0x08005770                TIM2_IRQHandler
                0x08005770                OTG_FS_WKUP_IRQHandler
                0x08005770                TIM1_TRG_COM_TIM11_IRQHandler
                0x08005770                OTG_HS_IRQHandler
                0x08005770                EXTI1_IRQHandler
                0x08005770                USART2_IRQHandler
                0x08005770                I2C2_ER_IRQHandler
                0x08005770                DMA2_Stream1_IRQHandler
                0x08005770                CAN1_SCE_IRQHandler
                0x08005770                FLASH_IRQHandler
                0x08005770                DMA2_Stream4_IRQHandler
                0x08005770                USART1_IRQHandler
                0x08005770                OTG_FS_IRQHandler
                0x08005770                SPI3_IRQHandler
                0x08005770                DMA1_Stream4_IRQHandler
                0x08005770                I2C1_ER_IRQHandler
                0x08005770                FMC_IRQHandler
                0x08005770                DMA2_Stream6_IRQHandler
                0x08005770                SAI1_IRQHandler
                0x08005770                DMA1_Stream3_IRQHandler
 *fill*         0x08005772        0x2 
 .text.HAL_Init
                0x08005774       0x44 ./Drivers/STM32F4xx_HAL_Driver/Src/stm32f4xx_hal.o
                0x08005774                HAL_Init
 .text.HAL_IncTick
                0x080057b8       0x28 ./Drivers/STM32F4xx_HAL_Driver/Src/stm32f4xx_hal.o
                0x080057b8                HAL_IncTick
 .text.HAL_GetTick
                0x080057e0       0x18 ./Drivers/STM32F4xx_HAL_Driver/Src/stm32f4xx_hal.o
                0x080057e0                HAL_GetTick
 .text.HAL_Delay
                0x080057f8       0x48 ./Drivers/STM32F4xx_HAL_Driver/Src/stm32f4xx_hal.o
                0x080057f8                HAL_Delay
 .text.HAL_ADC_Init
                0x08005840       0x86 ./Drivers/STM32F4xx_HAL_Driver/Src/stm32f4xx_hal_adc.o
                0x08005840                HAL_ADC_Init
 *fill*         0x080058c6        0x2 
 .text.HAL_ADC_Start
                0x080058c8      0x1a4 ./Drivers/STM32F4xx_HAL_Driver/Src/stm32f4xx_hal_adc.o
                0x080058c8                HAL_ADC_Start
 .text.HAL_ADC_Stop
                0x08005a6c       0x66 ./Drivers/STM32F4xx_HAL_Driver/Src/stm32f4xx_hal_adc.o
                0x08005a6c                HAL_ADC_Stop
 .text.HAL_ADC_PollForConversion
                0x08005ad2      0x116 ./Drivers/STM32F4xx_HAL_Driver/Src/stm32f4xx_hal_adc.o
                0x08005ad2                HAL_ADC_PollForConversion
 .text.HAL_ADC_GetValue
                0x08005be8       0x1a ./Drivers/STM32F4xx_HAL_Driver/Src/stm32f4xx_hal_adc.o
                0x08005be8                HAL_ADC_GetValue
 *fill*         0x08005c02        0x2 
 .text.HAL_ADC_ConfigChannel
                0x08005c04      0x264 ./Drivers/STM32F4xx_HAL_Driver/Src/stm32f4xx_hal_adc.o
                0x08005c04                HAL_ADC_ConfigChannel
 .text.ADC_Init
                0x08005e68      0x1f8 ./Drivers/STM32F4xx_HAL_Driver/Src/stm32f4xx_hal_adc.o
 .text.__NVIC_SetPriorityGrouping
                0x08006060       0x48 ./Drivers/STM32F4xx_HAL_Driver/Src/stm32f4xx_hal_cortex.o
 .text.__NVIC_GetPriorityGrouping
                0x080060a8       0x1c ./Drivers/STM32F4xx_HAL_Driver/Src/stm32f4xx_hal_cortex.o
 .text.__NVIC_EnableIRQ
                0x080060c4       0x3c ./Drivers/STM32F4xx_HAL_Driver/Src/stm32f4xx_hal_cortex.o
 .text.__NVIC_SetPriority
                0x08006100       0x54 ./Drivers/STM32F4xx_HAL_Driver/Src/stm32f4xx_hal_cortex.o
 .text.NVIC_EncodePriority
                0x08006154       0x66 ./Drivers/STM32F4xx_HAL_Driver/Src/stm32f4xx_hal_cortex.o
 .text.HAL_NVIC_SetPriorityGrouping
                0x080061ba       0x16 ./Drivers/STM32F4xx_HAL_Driver/Src/stm32f4xx_hal_cortex.o
                0x080061ba                HAL_NVIC_SetPriorityGrouping
 .text.HAL_NVIC_SetPriority
                0x080061d0       0x38 ./Drivers/STM32F4xx_HAL_Driver/Src/stm32f4xx_hal_cortex.o
                0x080061d0                HAL_NVIC_SetPriority
 .text.HAL_NVIC_EnableIRQ
                0x08006208       0x1c ./Drivers/STM32F4xx_HAL_Driver/Src/stm32f4xx_hal_cortex.o
                0x08006208                HAL_NVIC_EnableIRQ
 .text.HAL_GPIO_Init
                0x08006224      0x328 ./Drivers/STM32F4xx_HAL_Driver/Src/stm32f4xx_hal_gpio.o
                0x08006224                HAL_GPIO_Init
 .text.HAL_GPIO_ReadPin
                0x0800654c       0x30 ./Drivers/STM32F4xx_HAL_Driver/Src/stm32f4xx_hal_gpio.o
                0x0800654c                HAL_GPIO_ReadPin
 .text.HAL_GPIO_WritePin
                0x0800657c       0x32 ./Drivers/STM32F4xx_HAL_Driver/Src/stm32f4xx_hal_gpio.o
                0x0800657c                HAL_GPIO_WritePin
 .text.HAL_GPIO_TogglePin
                0x080065ae       0x34 ./Drivers/STM32F4xx_HAL_Driver/Src/stm32f4xx_hal_gpio.o
                0x080065ae                HAL_GPIO_TogglePin
 *fill*         0x080065e2        0x2 
 .text.HAL_GPIO_EXTI_IRQHandler
                0x080065e4       0x30 ./Drivers/STM32F4xx_HAL_Driver/Src/stm32f4xx_hal_gpio.o
                0x080065e4                HAL_GPIO_EXTI_IRQHandler
 .text.HAL_GPIO_EXTI_Callback
                0x08006614       0x16 ./Drivers/STM32F4xx_HAL_Driver/Src/stm32f4xx_hal_gpio.o
                0x08006614                HAL_GPIO_EXTI_Callback
 *fill*         0x0800662a        0x2 
 .text.HAL_I2C_Init
                0x0800662c      0x288 ./Drivers/STM32F4xx_HAL_Driver/Src/stm32f4xx_hal_i2c.o
                0x0800662c                HAL_I2C_Init
 .text.HAL_I2C_Master_Transmit
                0x080068b4      0x1fc ./Drivers/STM32F4xx_HAL_Driver/Src/stm32f4xx_hal_i2c.o
                0x080068b4                HAL_I2C_Master_Transmit
 .text.HAL_I2C_Mem_Write
                0x08006ab0      0x1f4 ./Drivers/STM32F4xx_HAL_Driver/Src/stm32f4xx_hal_i2c.o
                0x08006ab0                HAL_I2C_Mem_Write
 .text.HAL_I2C_Mem_Read
                0x08006ca4      0x464 ./Drivers/STM32F4xx_HAL_Driver/Src/stm32f4xx_hal_i2c.o
                0x08006ca4                HAL_I2C_Mem_Read
 .text.I2C_MasterRequestWrite
                0x08007108      0x104 ./Drivers/STM32F4xx_HAL_Driver/Src/stm32f4xx_hal_i2c.o
 .text.I2C_RequestMemoryWrite
                0x0800720c      0x12c ./Drivers/STM32F4xx_HAL_Driver/Src/stm32f4xx_hal_i2c.o
 .text.I2C_RequestMemoryRead
                0x08007338      0x1d0 ./Drivers/STM32F4xx_HAL_Driver/Src/stm32f4xx_hal_i2c.o
 .text.I2C_WaitOnFlagUntilTimeout
                0x08007508       0xf4 ./Drivers/STM32F4xx_HAL_Driver/Src/stm32f4xx_hal_i2c.o
 .text.I2C_WaitOnMasterAddressFlagUntilTimeout
                0x080075fc      0x140 ./Drivers/STM32F4xx_HAL_Driver/Src/stm32f4xx_hal_i2c.o
 .text.I2C_WaitOnTXEFlagUntilTimeout
                0x0800773c       0x90 ./Drivers/STM32F4xx_HAL_Driver/Src/stm32f4xx_hal_i2c.o
 .text.I2C_WaitOnBTFFlagUntilTimeout
                0x080077cc       0x90 ./Drivers/STM32F4xx_HAL_Driver/Src/stm32f4xx_hal_i2c.o
 .text.I2C_WaitOnRXNEFlagUntilTimeout
                0x0800785c       0xba ./Drivers/STM32F4xx_HAL_Driver/Src/stm32f4xx_hal_i2c.o
 .text.I2C_IsAcknowledgeFailed
                0x08007916       0x5e ./Drivers/STM32F4xx_HAL_Driver/Src/stm32f4xx_hal_i2c.o
 .text.HAL_RCC_ClockConfig
                0x08007974      0x1cc ./Drivers/STM32F4xx_HAL_Driver/Src/stm32f4xx_hal_rcc.o
                0x08007974                HAL_RCC_ClockConfig
 .text.HAL_RCC_GetHCLKFreq
                0x08007b40       0x18 ./Drivers/STM32F4xx_HAL_Driver/Src/stm32f4xx_hal_rcc.o
                0x08007b40                HAL_RCC_GetHCLKFreq
 .text.HAL_RCC_GetPCLK1Freq
                0x08007b58       0x28 ./Drivers/STM32F4xx_HAL_Driver/Src/stm32f4xx_hal_rcc.o
                0x08007b58                HAL_RCC_GetPCLK1Freq
 .text.HAL_RCC_GetPCLK2Freq
                0x08007b80       0x28 ./Drivers/STM32F4xx_HAL_Driver/Src/stm32f4xx_hal_rcc.o
                0x08007b80                HAL_RCC_GetPCLK2Freq
 .text.HAL_RCC_GetClockConfig
                0x08007ba8       0x64 ./Drivers/STM32F4xx_HAL_Driver/Src/stm32f4xx_hal_rcc.o
                0x08007ba8                HAL_RCC_GetClockConfig
 .text.HAL_RCC_GetSysClockFreq
                0x08007c0c      0x460 ./Drivers/STM32F4xx_HAL_Driver/Src/stm32f4xx_hal_rcc_ex.o
                0x08007c0c                HAL_RCC_GetSysClockFreq
 .text.HAL_RCC_OscConfig
                0x0800806c      0x53c ./Drivers/STM32F4xx_HAL_Driver/Src/stm32f4xx_hal_rcc_ex.o
                0x0800806c                HAL_RCC_OscConfig
 .text.HAL_TIM_Base_Init
                0x080085a8       0x9e ./Drivers/STM32F4xx_HAL_Driver/Src/stm32f4xx_hal_tim.o
                0x080085a8                HAL_TIM_Base_Init
 .text.HAL_TIM_Base_MspInit
                0x08008646       0x14 ./Drivers/STM32F4xx_HAL_Driver/Src/stm32f4xx_hal_tim.o
                0x08008646                HAL_TIM_Base_MspInit
 *fill*         0x0800865a        0x2 
 .text.HAL_TIM_Base_Start_IT
                0x0800865c       0xe0 ./Drivers/STM32F4xx_HAL_Driver/Src/stm32f4xx_hal_tim.o
                0x0800865c                HAL_TIM_Base_Start_IT
 .text.HAL_TIM_IRQHandler
                0x0800873c      0x1e0 ./Drivers/STM32F4xx_HAL_Driver/Src/stm32f4xx_hal_tim.o
                0x0800873c                HAL_TIM_IRQHandler
 .text.HAL_TIM_OC_DelayElapsedCallback
                0x0800891c       0x14 ./Drivers/STM32F4xx_HAL_Driver/Src/stm32f4xx_hal_tim.o
                0x0800891c                HAL_TIM_OC_DelayElapsedCallback
 .text.HAL_TIM_IC_CaptureCallback
                0x08008930       0x14 ./Drivers/STM32F4xx_HAL_Driver/Src/stm32f4xx_hal_tim.o
                0x08008930                HAL_TIM_IC_CaptureCallback
 .text.HAL_TIM_PWM_PulseFinishedCallback
                0x08008944       0x14 ./Drivers/STM32F4xx_HAL_Driver/Src/stm32f4xx_hal_tim.o
                0x08008944                HAL_TIM_PWM_PulseFinishedCallback
 .text.HAL_TIM_TriggerCallback
                0x08008958       0x14 ./Drivers/STM32F4xx_HAL_Driver/Src/stm32f4xx_hal_tim.o
                0x08008958                HAL_TIM_TriggerCallback
 .text.TIM_Base_SetConfig
                0x0800896c      0x14c ./Drivers/STM32F4xx_HAL_Driver/Src/stm32f4xx_hal_tim.o
                0x0800896c                TIM_Base_SetConfig
 .text.HAL_TIMEx_CommutCallback
                0x08008ab8       0x14 ./Drivers/STM32F4xx_HAL_Driver/Src/stm32f4xx_hal_tim_ex.o
                0x08008ab8                HAL_TIMEx_CommutCallback
 .text.HAL_TIMEx_BreakCallback
                0x08008acc       0x14 ./Drivers/STM32F4xx_HAL_Driver/Src/stm32f4xx_hal_tim_ex.o
                0x08008acc                HAL_TIMEx_BreakCallback
 .text.HAL_UART_Init
                0x08008ae0       0xa0 ./Drivers/STM32F4xx_HAL_Driver/Src/stm32f4xx_hal_uart.o
                0x08008ae0                HAL_UART_Init
 .text.HAL_UART_Transmit
                0x08008b80      0x116 ./Drivers/STM32F4xx_HAL_Driver/Src/stm32f4xx_hal_uart.o
                0x08008b80                HAL_UART_Transmit
 .text.UART_WaitOnFlagUntilTimeout
                0x08008c96       0xb2 ./Drivers/STM32F4xx_HAL_Driver/Src/stm32f4xx_hal_uart.o
 .text.UART_EndRxTransfer
                0x08008d48       0xc6 ./Drivers/STM32F4xx_HAL_Driver/Src/stm32f4xx_hal_uart.o
 *fill*         0x08008e0e        0x2 
 .text.UART_SetConfig
                0x08008e10      0x4e8 ./Drivers/STM32F4xx_HAL_Driver/Src/stm32f4xx_hal_uart.o
 .text.__NVIC_SetPriority
                0x080092f8       0x54 ./Middlewares/Third_Party/FreeRTOS/Source/CMSIS_RTOS_V2/cmsis_os2.o
 .text.SysTick_Handler
                0x0800934c       0x20 ./Middlewares/Third_Party/FreeRTOS/Source/CMSIS_RTOS_V2/cmsis_os2.o
                0x0800934c                SysTick_Handler
 .text.SVC_Setup
                0x0800936c       0x12 ./Middlewares/Third_Party/FreeRTOS/Source/CMSIS_RTOS_V2/cmsis_os2.o
 *fill*         0x0800937e        0x2 
 .text.osKernelInitialize
                0x08009380       0x48 ./Middlewares/Third_Party/FreeRTOS/Source/CMSIS_RTOS_V2/cmsis_os2.o
                0x08009380                osKernelInitialize
 .text.osKernelGetState
                0x080093c8       0x44 ./Middlewares/Third_Party/FreeRTOS/Source/CMSIS_RTOS_V2/cmsis_os2.o
                0x080093c8                osKernelGetState
 .text.osKernelStart
                0x0800940c       0x4c ./Middlewares/Third_Party/FreeRTOS/Source/CMSIS_RTOS_V2/cmsis_os2.o
                0x0800940c                osKernelStart
 .text.osKernelGetTickCount
                0x08009458       0x2a ./Middlewares/Third_Party/FreeRTOS/Source/CMSIS_RTOS_V2/cmsis_os2.o
                0x08009458                osKernelGetTickCount
 .text.osThreadNew
                0x08009482      0x124 ./Middlewares/Third_Party/FreeRTOS/Source/CMSIS_RTOS_V2/cmsis_os2.o
                0x08009482                osThreadNew
 .text.osThreadGetId
                0x080095a6       0x16 ./Middlewares/Third_Party/FreeRTOS/Source/CMSIS_RTOS_V2/cmsis_os2.o
                0x080095a6                osThreadGetId
 .text.osThreadGetStackSpace
                0x080095bc       0x3a ./Middlewares/Third_Party/FreeRTOS/Source/CMSIS_RTOS_V2/cmsis_os2.o
                0x080095bc                osThreadGetStackSpace
 .text.osDelay  0x080095f6       0x36 ./Middlewares/Third_Party/FreeRTOS/Source/CMSIS_RTOS_V2/cmsis_os2.o
                0x080095f6                osDelay
 .text.osDelayUntil
                0x0800962c       0x5a ./Middlewares/Third_Party/FreeRTOS/Source/CMSIS_RTOS_V2/cmsis_os2.o
                0x0800962c                osDelayUntil
 .text.osEventFlagsNew
                0x08009686       0x7e ./Middlewares/Third_Party/FreeRTOS/Source/CMSIS_RTOS_V2/cmsis_os2.o
                0x08009686                osEventFlagsNew
 .text.osEventFlagsSet
                0x08009704       0x84 ./Middlewares/Third_Party/FreeRTOS/Source/CMSIS_RTOS_V2/cmsis_os2.o
                0x08009704                osEventFlagsSet
 .text.osEventFlagsClear
                0x08009788       0x62 ./Middlewares/Third_Party/FreeRTOS/Source/CMSIS_RTOS_V2/cmsis_os2.o
                0x08009788                osEventFlagsClear
 .text.osMutexNew
                0x080097ea      0x10c ./Middlewares/Third_Party/FreeRTOS/Source/CMSIS_RTOS_V2/cmsis_os2.o
                0x080097ea                osMutexNew
 .text.osMutexAcquire
                0x080098f6       0x96 ./Middlewares/Third_Party/FreeRTOS/Source/CMSIS_RTOS_V2/cmsis_os2.o
                0x080098f6                osMutexAcquire
 .text.osMutexRelease
                0x0800998c       0x7a ./Middlewares/Third_Party/FreeRTOS/Source/CMSIS_RTOS_V2/cmsis_os2.o
                0x0800998c                osMutexRelease
 .text.osMessageQueueNew
                0x08009a06       0xe6 ./Middlewares/Third_Party/FreeRTOS/Source/CMSIS_RTOS_V2/cmsis_os2.o
                0x08009a06                osMessageQueueNew
 .text.osMessageQueuePut
                0x08009aec       0xc0 ./Middlewares/Third_Party/FreeRTOS/Source/CMSIS_RTOS_V2/cmsis_os2.o
                0x08009aec                osMessageQueuePut
 .text.osMessageQueueGet
                0x08009bac       0xbc ./Middlewares/Third_Party/FreeRTOS/Source/CMSIS_RTOS_V2/cmsis_os2.o
                0x08009bac                osMessageQueueGet
 .text.osMessageQueueGetCount
                0x08009c68       0x40 ./Middlewares/Third_Party/FreeRTOS/Source/CMSIS_RTOS_V2/cmsis_os2.o
                0x08009c68                osMessageQueueGetCount
 .text.vApplicationGetIdleTaskMemory
                0x08009ca8       0x34 ./Middlewares/Third_Party/FreeRTOS/Source/CMSIS_RTOS_V2/cmsis_os2.o
                0x08009ca8                vApplicationGetIdleTaskMemory
 .text.vApplicationGetTimerTaskMemory
                0x08009cdc       0x34 ./Middlewares/Third_Party/FreeRTOS/Source/CMSIS_RTOS_V2/cmsis_os2.o
                0x08009cdc                vApplicationGetTimerTaskMemory
 .text.xEventGroupCreateStatic
                0x08009d10       0x72 ./Middlewares/Third_Party/FreeRTOS/Source/event_groups.o
                0x08009d10                xEventGroupCreateStatic
 .text.xEventGroupCreate
                0x08009d82       0x34 ./Middlewares/Third_Party/FreeRTOS/Source/event_groups.o
                0x08009d82                xEventGroupCreate
 .text.xEventGroupClearBits
                0x08009db6       0x72 ./Middlewares/Third_Party/FreeRTOS/Source/event_groups.o
                0x08009db6                xEventGroupClearBits
 .text.xEventGroupClearBitsFromISR
                0x08009e28       0x28 ./Middlewares/Third_Party/FreeRTOS/Source/event_groups.o
                0x08009e28                xEventGroupClearBitsFromISR
 .text.xEventGroupGetBitsFromISR
                0x08009e50       0x48 ./Middlewares/Third_Party/FreeRTOS/Source/event_groups.o
                0x08009e50                xEventGroupGetBitsFromISR
 .text.xEventGroupSetBits
                0x08009e98      0x118 ./Middlewares/Third_Party/FreeRTOS/Source/event_groups.o
                0x08009e98                xEventGroupSetBits
 .text.vEventGroupSetBitsCallback
                0x08009fb0       0x1a ./Middlewares/Third_Party/FreeRTOS/Source/event_groups.o
                0x08009fb0                vEventGroupSetBitsCallback
 .text.vEventGroupClearBitsCallback
                0x08009fca       0x1a ./Middlewares/Third_Party/FreeRTOS/Source/event_groups.o
                0x08009fca                vEventGroupClearBitsCallback
 .text.xEventGroupSetBitsFromISR
                0x08009fe4       0x28 ./Middlewares/Third_Party/FreeRTOS/Source/event_groups.o
                0x08009fe4                xEventGroupSetBitsFromISR
 .text.vListInitialise
                0x0800a00c       0x40 ./Middlewares/Third_Party/FreeRTOS/Source/list.o
                0x0800a00c                vListInitialise
 .text.vListInitialiseItem
                0x0800a04c       0x1a ./Middlewares/Third_Party/FreeRTOS/Source/list.o
                0x0800a04c                vListInitialiseItem
 .text.vListInsertEnd
                0x0800a066       0x48 ./Middlewares/Third_Party/FreeRTOS/Source/list.o
                0x0800a066                vListInsertEnd
 .text.vListInsert
                0x0800a0ae       0x72 ./Middlewares/Third_Party/FreeRTOS/Source/list.o
                0x0800a0ae                vListInsert
 .text.uxListRemove
                0x0800a120       0x54 ./Middlewares/Third_Party/FreeRTOS/Source/list.o
                0x0800a120                uxListRemove
 .text.xQueueGenericReset
                0x0800a174       0xd4 ./Middlewares/Third_Party/FreeRTOS/Source/queue.o
                0x0800a174                xQueueGenericReset
 .text.xQueueGenericCreateStatic
                0x0800a248       0xfa ./Middlewares/Third_Party/FreeRTOS/Source/queue.o
                0x0800a248                xQueueGenericCreateStatic
 .text.xQueueGenericCreate
                0x0800a342       0x76 ./Middlewares/Third_Party/FreeRTOS/Source/queue.o
                0x0800a342                xQueueGenericCreate
 .text.prvInitialiseNewQueue
                0x0800a3b8       0x46 ./Middlewares/Third_Party/FreeRTOS/Source/queue.o
 .text.prvInitialiseMutex
                0x0800a3fe       0x34 ./Middlewares/Third_Party/FreeRTOS/Source/queue.o
 .text.xQueueCreateMutex
                0x0800a432       0x30 ./Middlewares/Third_Party/FreeRTOS/Source/queue.o
                0x0800a432                xQueueCreateMutex
 .text.xQueueCreateMutexStatic
                0x0800a462       0x36 ./Middlewares/Third_Party/FreeRTOS/Source/queue.o
                0x0800a462                xQueueCreateMutexStatic
 .text.xQueueGiveMutexRecursive
                0x0800a498       0x6a ./Middlewares/Third_Party/FreeRTOS/Source/queue.o
                0x0800a498                xQueueGiveMutexRecursive
 .text.xQueueTakeMutexRecursive
                0x0800a502       0x6e ./Middlewares/Third_Party/FreeRTOS/Source/queue.o
                0x0800a502                xQueueTakeMutexRecursive
 .text.xQueueGenericSend
                0x0800a570      0x204 ./Middlewares/Third_Party/FreeRTOS/Source/queue.o
                0x0800a570                xQueueGenericSend
 .text.xQueueGenericSendFromISR
                0x0800a774      0x13c ./Middlewares/Third_Party/FreeRTOS/Source/queue.o
                0x0800a774                xQueueGenericSendFromISR
 .text.xQueueReceive
                0x0800a8b0      0x1c4 ./Middlewares/Third_Party/FreeRTOS/Source/queue.o
                0x0800a8b0                xQueueReceive
 .text.xQueueSemaphoreTake
                0x0800aa74      0x220 ./Middlewares/Third_Party/FreeRTOS/Source/queue.o
                0x0800aa74                xQueueSemaphoreTake
 .text.xQueueReceiveFromISR
                0x0800ac94      0x104 ./Middlewares/Third_Party/FreeRTOS/Source/queue.o
                0x0800ac94                xQueueReceiveFromISR
 .text.uxQueueMessagesWaiting
                0x0800ad98       0x3e ./Middlewares/Third_Party/FreeRTOS/Source/queue.o
                0x0800ad98                uxQueueMessagesWaiting
 .text.uxQueueMessagesWaitingFromISR
                0x0800add6       0x3e ./Middlewares/Third_Party/FreeRTOS/Source/queue.o
                0x0800add6                uxQueueMessagesWaitingFromISR
 .text.prvGetDisinheritPriorityAfterTimeout
                0x0800ae14       0x30 ./Middlewares/Third_Party/FreeRTOS/Source/queue.o
 .text.prvCopyDataToQueue
                0x0800ae44       0xd4 ./Middlewares/Third_Party/FreeRTOS/Source/queue.o
 .text.prvCopyDataFromQueue
                0x0800af18       0x4c ./Middlewares/Third_Party/FreeRTOS/Source/queue.o
 .text.prvUnlockQueue
                0x0800af64       0xa4 ./Middlewares/Third_Party/FreeRTOS/Source/queue.o
 .text.prvIsQueueEmpty
                0x0800b008       0x2c ./Middlewares/Third_Party/FreeRTOS/Source/queue.o
 .text.prvIsQueueFull
                0x0800b034       0x30 ./Middlewares/Third_Party/FreeRTOS/Source/queue.o
 .text.vQueueAddToRegistry
                0x0800b064       0x54 ./Middlewares/Third_Party/FreeRTOS/Source/queue.o
                0x0800b064                vQueueAddToRegistry
 .text.vQueueWaitForMessageRestricted
                0x0800b0b8       0x68 ./Middlewares/Third_Party/FreeRTOS/Source/queue.o
                0x0800b0b8                vQueueWaitForMessageRestricted
 .text.xTaskCreateStatic
                0x0800b120       0xc0 ./Middlewares/Third_Party/FreeRTOS/Source/tasks.o
                0x0800b120                xTaskCreateStatic
 .text.xTaskCreate
                0x0800b1e0       0x8a ./Middlewares/Third_Party/FreeRTOS/Source/tasks.o
                0x0800b1e0                xTaskCreate
 *fill*         0x0800b26a        0x2 
 .text.prvInitialiseNewTask
                0x0800b26c      0x150 ./Middlewares/Third_Party/FreeRTOS/Source/tasks.o
 .text.prvAddNewTaskToReadyList
                0x0800b3bc       0xe0 ./Middlewares/Third_Party/FreeRTOS/Source/tasks.o
 .text.vTaskDelayUntil
                0x0800b49c      0x100 ./Middlewares/Third_Party/FreeRTOS/Source/tasks.o
                0x0800b49c                vTaskDelayUntil
 .text.vTaskDelay
                0x0800b59c       0x6c ./Middlewares/Third_Party/FreeRTOS/Source/tasks.o
                0x0800b59c                vTaskDelay
 .text.vTaskStartScheduler
                0x0800b608       0xe0 ./Middlewares/Third_Party/FreeRTOS/Source/tasks.o
                0x0800b608                vTaskStartScheduler
 .text.vTaskSuspendAll
                0x0800b6e8       0x1c ./Middlewares/Third_Party/FreeRTOS/Source/tasks.o
                0x0800b6e8                vTaskSuspendAll
 .text.xTaskResumeAll
                0x0800b704      0x13c ./Middlewares/Third_Party/FreeRTOS/Source/tasks.o
                0x0800b704                xTaskResumeAll
 .text.xTaskGetTickCount
                0x0800b840       0x20 ./Middlewares/Third_Party/FreeRTOS/Source/tasks.o
                0x0800b840                xTaskGetTickCount
 .text.xTaskGetTickCountFromISR
                0x0800b860       0x24 ./Middlewares/Third_Party/FreeRTOS/Source/tasks.o
                0x0800b860                xTaskGetTickCountFromISR
 .text.xTaskIncrementTick
                0x0800b884      0x174 ./Middlewares/Third_Party/FreeRTOS/Source/tasks.o
                0x0800b884                xTaskIncrementTick
 .text.vTaskSwitchContext
                0x0800b9f8       0xcc ./Middlewares/Third_Party/FreeRTOS/Source/tasks.o
                0x0800b9f8                vTaskSwitchContext
 .text.vTaskPlaceOnEventList
                0x0800bac4       0x4c ./Middlewares/Third_Party/FreeRTOS/Source/tasks.o
                0x0800bac4                vTaskPlaceOnEventList
 .text.vTaskPlaceOnEventListRestricted
                0x0800bb10       0x58 ./Middlewares/Third_Party/FreeRTOS/Source/tasks.o
                0x0800bb10                vTaskPlaceOnEventListRestricted
 .text.xTaskRemoveFromEventList
                0x0800bb68       0xc8 ./Middlewares/Third_Party/FreeRTOS/Source/tasks.o
                0x0800bb68                xTaskRemoveFromEventList
 .text.vTaskRemoveFromUnorderedEventList
                0x0800bc30       0xc8 ./Middlewares/Third_Party/FreeRTOS/Source/tasks.o
                0x0800bc30                vTaskRemoveFromUnorderedEventList
 .text.vTaskInternalSetTimeOutState
                0x0800bcf8       0x2c ./Middlewares/Third_Party/FreeRTOS/Source/tasks.o
                0x0800bcf8                vTaskInternalSetTimeOutState
 .text.xTaskCheckForTimeOut
                0x0800bd24       0xc8 ./Middlewares/Third_Party/FreeRTOS/Source/tasks.o
                0x0800bd24                xTaskCheckForTimeOut
 .text.vTaskMissedYield
                0x0800bdec       0x18 ./Middlewares/Third_Party/FreeRTOS/Source/tasks.o
                0x0800bdec                vTaskMissedYield
 .text.prvIdleTask
                0x0800be04       0x30 ./Middlewares/Third_Party/FreeRTOS/Source/tasks.o
 .text.prvInitialiseTaskLists
                0x0800be34       0x80 ./Middlewares/Third_Party/FreeRTOS/Source/tasks.o
 .text.prvCheckTasksWaitingTermination
                0x0800beb4       0x5c ./Middlewares/Third_Party/FreeRTOS/Source/tasks.o
 .text.prvTaskCheckFreeStackSpace
                0x0800bf10       0x38 ./Middlewares/Third_Party/FreeRTOS/Source/tasks.o
 .text.uxTaskGetStackHighWaterMark
                0x0800bf48       0x38 ./Middlewares/Third_Party/FreeRTOS/Source/tasks.o
                0x0800bf48                uxTaskGetStackHighWaterMark
 .text.prvDeleteTCB
                0x0800bf80       0x6a ./Middlewares/Third_Party/FreeRTOS/Source/tasks.o
 *fill*         0x0800bfea        0x2 
 .text.prvResetNextTaskUnblockTime
                0x0800bfec       0x40 ./Middlewares/Third_Party/FreeRTOS/Source/tasks.o
 .text.xTaskGetCurrentTaskHandle
                0x0800c02c       0x20 ./Middlewares/Third_Party/FreeRTOS/Source/tasks.o
                0x0800c02c                xTaskGetCurrentTaskHandle
 .text.xTaskGetSchedulerState
                0x0800c04c       0x3c ./Middlewares/Third_Party/FreeRTOS/Source/tasks.o
                0x0800c04c                xTaskGetSchedulerState
 .text.xTaskPriorityInherit
                0x0800c088       0xd0 ./Middlewares/Third_Party/FreeRTOS/Source/tasks.o
                0x0800c088                xTaskPriorityInherit
 .text.xTaskPriorityDisinherit
                0x0800c158       0xe0 ./Middlewares/Third_Party/FreeRTOS/Source/tasks.o
                0x0800c158                xTaskPriorityDisinherit
 .text.vTaskPriorityDisinheritAfterTimeout
                0x0800c238      0x108 ./Middlewares/Third_Party/FreeRTOS/Source/tasks.o
                0x0800c238                vTaskPriorityDisinheritAfterTimeout
 .text.pvTaskIncrementMutexHeldCount
                0x0800c340       0x28 ./Middlewares/Third_Party/FreeRTOS/Source/tasks.o
                0x0800c340                pvTaskIncrementMutexHeldCount
 .text.prvAddCurrentTaskToDelayedList
                0x0800c368       0xa8 ./Middlewares/Third_Party/FreeRTOS/Source/tasks.o
 .text.xTimerCreateTimerTask
                0x0800c410       0x94 ./Middlewares/Third_Party/FreeRTOS/Source/timers.o
                0x0800c410                xTimerCreateTimerTask
 .text.xTimerGenericCommand
                0x0800c4a4       0x9c ./Middlewares/Third_Party/FreeRTOS/Source/timers.o
                0x0800c4a4                xTimerGenericCommand
 .text.prvProcessExpiredTimer
                0x0800c540       0x9c ./Middlewares/Third_Party/FreeRTOS/Source/timers.o
 .text.prvTimerTask
                0x0800c5dc       0x26 ./Middlewares/Third_Party/FreeRTOS/Source/timers.o
 *fill*         0x0800c602        0x2 
 .text.prvProcessTimerOrBlockTask
                0x0800c604       0x9c ./Middlewares/Third_Party/FreeRTOS/Source/timers.o
 .text.prvGetNextExpireTime
                0x0800c6a0       0x48 ./Middlewares/Third_Party/FreeRTOS/Source/timers.o
 .text.prvSampleTimeNow
                0x0800c6e8       0x40 ./Middlewares/Third_Party/FreeRTOS/Source/timers.o
 .text.prvInsertTimerInActiveList
                0x0800c728       0x84 ./Middlewares/Third_Party/FreeRTOS/Source/timers.o
 .text.prvProcessReceivedCommands
                0x0800c7ac      0x1cc ./Middlewares/Third_Party/FreeRTOS/Source/timers.o
 .text.prvSwitchTimerLists
                0x0800c978       0xcc ./Middlewares/Third_Party/FreeRTOS/Source/timers.o
 .text.prvCheckForValidListAndQueue
                0x0800ca44       0x80 ./Middlewares/Third_Party/FreeRTOS/Source/timers.o
 .text.xTimerPendFunctionCallFromISR
                0x0800cac4       0x40 ./Middlewares/Third_Party/FreeRTOS/Source/timers.o
                0x0800cac4                xTimerPendFunctionCallFromISR
 .text.pxPortInitialiseStack
                0x0800cb04       0x68 ./Middlewares/Third_Party/FreeRTOS/Source/portable/GCC/ARM_CM4F/port.o
                0x0800cb04                pxPortInitialiseStack
 .text.prvTaskExitError
                0x0800cb6c       0x5c ./Middlewares/Third_Party/FreeRTOS/Source/portable/GCC/ARM_CM4F/port.o
 *fill*         0x0800cbc8        0x8 
 .text.SVC_Handler
                0x0800cbd0       0x28 ./Middlewares/Third_Party/FreeRTOS/Source/portable/GCC/ARM_CM4F/port.o
                0x0800cbd0                SVC_Handler
 .text.prvPortStartFirstTask
                0x0800cbf8       0x28 ./Middlewares/Third_Party/FreeRTOS/Source/portable/GCC/ARM_CM4F/port.o
 .text.xPortStartScheduler
                0x0800cc20      0x148 ./Middlewares/Third_Party/FreeRTOS/Source/portable/GCC/ARM_CM4F/port.o
                0x0800cc20                xPortStartScheduler
 .text.vPortEnterCritical
                0x0800cd68       0x64 ./Middlewares/Third_Party/FreeRTOS/Source/portable/GCC/ARM_CM4F/port.o
                0x0800cd68                vPortEnterCritical
 .text.vPortExitCritical
                0x0800cdcc       0x54 ./Middlewares/Third_Party/FreeRTOS/Source/portable/GCC/ARM_CM4F/port.o
                0x0800cdcc                vPortExitCritical
 .text.PendSV_Handler
                0x0800ce20       0x68 ./Middlewares/Third_Party/FreeRTOS/Source/portable/GCC/ARM_CM4F/port.o
                0x0800ce20                PendSV_Handler
 .text.xPortSysTickHandler
                0x0800ce88       0x44 ./Middlewares/Third_Party/FreeRTOS/Source/portable/GCC/ARM_CM4F/port.o
                0x0800ce88                xPortSysTickHandler
 .text.vPortSetupTimerInterrupt
                0x0800cecc       0x48 ./Middlewares/Third_Party/FreeRTOS/Source/portable/GCC/ARM_CM4F/port.o
                0x0800cecc                vPortSetupTimerInterrupt
 .text.vPortEnableVFP
                0x0800cf14       0x14 ./Middlewares/Third_Party/FreeRTOS/Source/portable/GCC/ARM_CM4F/port.o
 .text.vPortValidateInterruptPriority
                0x0800cf28       0x84 ./Middlewares/Third_Party/FreeRTOS/Source/portable/GCC/ARM_CM4F/port.o
                0x0800cf28                vPortValidateInterruptPriority
 .text.pvPortMalloc
                0x0800cfac      0x19c ./Middlewares/Third_Party/FreeRTOS/Source/portable/MemMang/heap_4.o
                0x0800cfac                pvPortMalloc
 .text.vPortFree
                0x0800d148       0xc8 ./Middlewares/Third_Party/FreeRTOS/Source/portable/MemMang/heap_4.o
                0x0800d148                vPortFree
 .text.prvHeapInit
                0x0800d210       0xc4 ./Middlewares/Third_Party/FreeRTOS/Source/portable/MemMang/heap_4.o
 .text.prvInsertBlockIntoFreeList
                0x0800d2d4       0xb4 ./Middlewares/Third_Party/FreeRTOS/Source/portable/MemMang/heap_4.o
 .text.__cvt    0x0800d388       0xca C:/ST/STM32CubeIDE_1.19.0/STM32CubeIDE/plugins/com.st.stm32cube.ide.mcu.externaltools.gnu-tools-for-stm32.13.3.rel1.win32_1.0.0.202411081344/tools/bin/../lib/gcc/arm-none-eabi/13.3.1/../../../../arm-none-eabi/lib/thumb/v7e-m+fp/hard\libc_nano.a(libc_a-nano-vfprintf_float.o)
                0x0800d388                __cvt
 .text.__exponent
                0x0800d452       0x74 C:/ST/STM32CubeIDE_1.19.0/STM32CubeIDE/plugins/com.st.stm32cube.ide.mcu.externaltools.gnu-tools-for-stm32.13.3.rel1.win32_1.0.0.202411081344/tools/bin/../lib/gcc/arm-none-eabi/13.3.1/../../../../arm-none-eabi/lib/thumb/v7e-m+fp/hard\libc_nano.a(libc_a-nano-vfprintf_float.o)
                0x0800d452                __exponent
 *fill*         0x0800d4c6        0x2 
 .text._printf_float
                0x0800d4c8      0x454 C:/ST/STM32CubeIDE_1.19.0/STM32CubeIDE/plugins/com.st.stm32cube.ide.mcu.externaltools.gnu-tools-for-stm32.13.3.rel1.win32_1.0.0.202411081344/tools/bin/../lib/gcc/arm-none-eabi/13.3.1/../../../../arm-none-eabi/lib/thumb/v7e-m+fp/hard\libc_nano.a(libc_a-nano-vfprintf_float.o)
                0x0800d4c8                _printf_float
 .text._printf_common
                0x0800d91c       0xda C:/ST/STM32CubeIDE_1.19.0/STM32CubeIDE/plugins/com.st.stm32cube.ide.mcu.externaltools.gnu-tools-for-stm32.13.3.rel1.win32_1.0.0.202411081344/tools/bin/../lib/gcc/arm-none-eabi/13.3.1/../../../../arm-none-eabi/lib/thumb/v7e-m+fp/hard\libc_nano.a(libc_a-nano-vfprintf_i.o)
                0x0800d91c                _printf_common
 *fill*         0x0800d9f6        0x2 
 .text._printf_i
                0x0800d9f8      0x23c C:/ST/STM32CubeIDE_1.19.0/STM32CubeIDE/plugins/com.st.stm32cube.ide.mcu.externaltools.gnu-tools-for-stm32.13.3.rel1.win32_1.0.0.202411081344/tools/bin/../lib/gcc/arm-none-eabi/13.3.1/../../../../arm-none-eabi/lib/thumb/v7e-m+fp/hard\libc_nano.a(libc_a-nano-vfprintf_i.o)
                0x0800d9f8                _printf_i
 .text.std      0x0800dc34       0x6c C:/ST/STM32CubeIDE_1.19.0/STM32CubeIDE/plugins/com.st.stm32cube.ide.mcu.externaltools.gnu-tools-for-stm32.13.3.rel1.win32_1.0.0.202411081344/tools/bin/../lib/gcc/arm-none-eabi/13.3.1/../../../../arm-none-eabi/lib/thumb/v7e-m+fp/hard\libc_nano.a(libc_a-findfp.o)
 .text.stdio_exit_handler
                0x0800dca0       0x18 C:/ST/STM32CubeIDE_1.19.0/STM32CubeIDE/plugins/com.st.stm32cube.ide.mcu.externaltools.gnu-tools-for-stm32.13.3.rel1.win32_1.0.0.202411081344/tools/bin/../lib/gcc/arm-none-eabi/13.3.1/../../../../arm-none-eabi/lib/thumb/v7e-m+fp/hard\libc_nano.a(libc_a-findfp.o)
 .text.cleanup_stdio
                0x0800dcb8       0x40 C:/ST/STM32CubeIDE_1.19.0/STM32CubeIDE/plugins/com.st.stm32cube.ide.mcu.externaltools.gnu-tools-for-stm32.13.3.rel1.win32_1.0.0.202411081344/tools/bin/../lib/gcc/arm-none-eabi/13.3.1/../../../../arm-none-eabi/lib/thumb/v7e-m+fp/hard\libc_nano.a(libc_a-findfp.o)
 .text.global_stdio_init.part.0
                0x0800dcf8       0x3c C:/ST/STM32CubeIDE_1.19.0/STM32CubeIDE/plugins/com.st.stm32cube.ide.mcu.externaltools.gnu-tools-for-stm32.13.3.rel1.win32_1.0.0.202411081344/tools/bin/../lib/gcc/arm-none-eabi/13.3.1/../../../../arm-none-eabi/lib/thumb/v7e-m+fp/hard\libc_nano.a(libc_a-findfp.o)
 .text.__sfp_lock_acquire
                0x0800dd34        0xc C:/ST/STM32CubeIDE_1.19.0/STM32CubeIDE/plugins/com.st.stm32cube.ide.mcu.externaltools.gnu-tools-for-stm32.13.3.rel1.win32_1.0.0.202411081344/tools/bin/../lib/gcc/arm-none-eabi/13.3.1/../../../../arm-none-eabi/lib/thumb/v7e-m+fp/hard\libc_nano.a(libc_a-findfp.o)
                0x0800dd34                __sfp_lock_acquire
 .text.__sfp_lock_release
                0x0800dd40        0xc C:/ST/STM32CubeIDE_1.19.0/STM32CubeIDE/plugins/com.st.stm32cube.ide.mcu.externaltools.gnu-tools-for-stm32.13.3.rel1.win32_1.0.0.202411081344/tools/bin/../lib/gcc/arm-none-eabi/13.3.1/../../../../arm-none-eabi/lib/thumb/v7e-m+fp/hard\libc_nano.a(libc_a-findfp.o)
                0x0800dd40                __sfp_lock_release
 .text.__sinit  0x0800dd4c       0x30 C:/ST/STM32CubeIDE_1.19.0/STM32CubeIDE/plugins/com.st.stm32cube.ide.mcu.externaltools.gnu-tools-for-stm32.13.3.rel1.win32_1.0.0.202411081344/tools/bin/../lib/gcc/arm-none-eabi/13.3.1/../../../../arm-none-eabi/lib/thumb/v7e-m+fp/hard\libc_nano.a(libc_a-findfp.o)
                0x0800dd4c                __sinit
 .text._fwalk_sglue
                0x0800dd7c       0x3c C:/ST/STM32CubeIDE_1.19.0/STM32CubeIDE/plugins/com.st.stm32cube.ide.mcu.externaltools.gnu-tools-for-stm32.13.3.rel1.win32_1.0.0.202411081344/tools/bin/../lib/gcc/arm-none-eabi/13.3.1/../../../../arm-none-eabi/lib/thumb/v7e-m+fp/hard\libc_nano.a(libc_a-fwalk.o)
                0x0800dd7c                _fwalk_sglue
 .text.snprintf
                0x0800ddb8       0x6c C:/ST/STM32CubeIDE_1.19.0/STM32CubeIDE/plugins/com.st.stm32cube.ide.mcu.externaltools.gnu-tools-for-stm32.13.3.rel1.win32_1.0.0.202411081344/tools/bin/../lib/gcc/arm-none-eabi/13.3.1/../../../../arm-none-eabi/lib/thumb/v7e-m+fp/hard\libc_nano.a(libc_a-snprintf.o)
                0x0800ddb8                sniprintf
                0x0800ddb8                snprintf
 .text.__sread  0x0800de24       0x22 C:/ST/STM32CubeIDE_1.19.0/STM32CubeIDE/plugins/com.st.stm32cube.ide.mcu.externaltools.gnu-tools-for-stm32.13.3.rel1.win32_1.0.0.202411081344/tools/bin/../lib/gcc/arm-none-eabi/13.3.1/../../../../arm-none-eabi/lib/thumb/v7e-m+fp/hard\libc_nano.a(libc_a-stdio.o)
                0x0800de24                __sread
 .text.__swrite
                0x0800de46       0x38 C:/ST/STM32CubeIDE_1.19.0/STM32CubeIDE/plugins/com.st.stm32cube.ide.mcu.externaltools.gnu-tools-for-stm32.13.3.rel1.win32_1.0.0.202411081344/tools/bin/../lib/gcc/arm-none-eabi/13.3.1/../../../../arm-none-eabi/lib/thumb/v7e-m+fp/hard\libc_nano.a(libc_a-stdio.o)
                0x0800de46                __swrite
 .text.__sseek  0x0800de7e       0x24 C:/ST/STM32CubeIDE_1.19.0/STM32CubeIDE/plugins/com.st.stm32cube.ide.mcu.externaltools.gnu-tools-for-stm32.13.3.rel1.win32_1.0.0.202411081344/tools/bin/../lib/gcc/arm-none-eabi/13.3.1/../../../../arm-none-eabi/lib/thumb/v7e-m+fp/hard\libc_nano.a(libc_a-stdio.o)
                0x0800de7e                __sseek
 .text.__sclose
                0x0800dea2        0x8 C:/ST/STM32CubeIDE_1.19.0/STM32CubeIDE/plugins/com.st.stm32cube.ide.mcu.externaltools.gnu-tools-for-stm32.13.3.rel1.win32_1.0.0.202411081344/tools/bin/../lib/gcc/arm-none-eabi/13.3.1/../../../../arm-none-eabi/lib/thumb/v7e-m+fp/hard\libc_nano.a(libc_a-stdio.o)
                0x0800dea2                __sclose
 .text._vsnprintf_r
                0x0800deaa       0x5c C:/ST/STM32CubeIDE_1.19.0/STM32CubeIDE/plugins/com.st.stm32cube.ide.mcu.externaltools.gnu-tools-for-stm32.13.3.rel1.win32_1.0.0.202411081344/tools/bin/../lib/gcc/arm-none-eabi/13.3.1/../../../../arm-none-eabi/lib/thumb/v7e-m+fp/hard\libc_nano.a(libc_a-vsnprintf.o)
                0x0800deaa                _vsniprintf_r
                0x0800deaa                _vsnprintf_r
 *fill*         0x0800df06        0x2 
 .text.vsnprintf
                0x0800df08       0x1c C:/ST/STM32CubeIDE_1.19.0/STM32CubeIDE/plugins/com.st.stm32cube.ide.mcu.externaltools.gnu-tools-for-stm32.13.3.rel1.win32_1.0.0.202411081344/tools/bin/../lib/gcc/arm-none-eabi/13.3.1/../../../../arm-none-eabi/lib/thumb/v7e-m+fp/hard\libc_nano.a(libc_a-vsnprintf.o)
                0x0800df08                vsniprintf
                0x0800df08                vsnprintf
 .text.memset   0x0800df24       0x10 C:/ST/STM32CubeIDE_1.19.0/STM32CubeIDE/plugins/com.st.stm32cube.ide.mcu.externaltools.gnu-tools-for-stm32.13.3.rel1.win32_1.0.0.202411081344/tools/bin/../lib/gcc/arm-none-eabi/13.3.1/../../../../arm-none-eabi/lib/thumb/v7e-m+fp/hard\libc_nano.a(libc_a-memset.o)
                0x0800df24                memset
 .text.strncmp  0x0800df34       0x24 C:/ST/STM32CubeIDE_1.19.0/STM32CubeIDE/plugins/com.st.stm32cube.ide.mcu.externaltools.gnu-tools-for-stm32.13.3.rel1.win32_1.0.0.202411081344/tools/bin/../lib/gcc/arm-none-eabi/13.3.1/../../../../arm-none-eabi/lib/thumb/v7e-m+fp/hard\libc_nano.a(libc_a-strncmp.o)
                0x0800df34                strncmp
 .text.strncpy  0x0800df58       0x26 C:/ST/STM32CubeIDE_1.19.0/STM32CubeIDE/plugins/com.st.stm32cube.ide.mcu.externaltools.gnu-tools-for-stm32.13.3.rel1.win32_1.0.0.202411081344/tools/bin/../lib/gcc/arm-none-eabi/13.3.1/../../../../arm-none-eabi/lib/thumb/v7e-m+fp/hard\libc_nano.a(libc_a-strncpy.o)
                0x0800df58                strncpy
 .text.strnlen  0x0800df7e       0x18 C:/ST/STM32CubeIDE_1.19.0/STM32CubeIDE/plugins/com.st.stm32cube.ide.mcu.externaltools.gnu-tools-for-stm32.13.3.rel1.win32_1.0.0.202411081344/tools/bin/../lib/gcc/arm-none-eabi/13.3.1/../../../../arm-none-eabi/lib/thumb/v7e-m+fp/hard\libc_nano.a(libc_a-strnlen.o)
                0x0800df7e                strnlen
 *fill*         0x0800df96        0x2 
 .text._localeconv_r
                0x0800df98        0x8 C:/ST/STM32CubeIDE_1.19.0/STM32CubeIDE/plugins/com.st.stm32cube.ide.mcu.externaltools.gnu-tools-for-stm32.13.3.rel1.win32_1.0.0.202411081344/tools/bin/../lib/gcc/arm-none-eabi/13.3.1/../../../../arm-none-eabi/lib/thumb/v7e-m+fp/hard\libc_nano.a(libc_a-localeconv.o)
                0x0800df98                _localeconv_r
 .text._close_r
                0x0800dfa0       0x20 C:/ST/STM32CubeIDE_1.19.0/STM32CubeIDE/plugins/com.st.stm32cube.ide.mcu.externaltools.gnu-tools-for-stm32.13.3.rel1.win32_1.0.0.202411081344/tools/bin/../lib/gcc/arm-none-eabi/13.3.1/../../../../arm-none-eabi/lib/thumb/v7e-m+fp/hard\libc_nano.a(libc_a-closer.o)
                0x0800dfa0                _close_r
 .text._reclaim_reent
                0x0800dfc0       0xbc C:/ST/STM32CubeIDE_1.19.0/STM32CubeIDE/plugins/com.st.stm32cube.ide.mcu.externaltools.gnu-tools-for-stm32.13.3.rel1.win32_1.0.0.202411081344/tools/bin/../lib/gcc/arm-none-eabi/13.3.1/../../../../arm-none-eabi/lib/thumb/v7e-m+fp/hard\libc_nano.a(libc_a-reent.o)
                0x0800dfc0                _reclaim_reent
 .text._lseek_r
                0x0800e07c       0x24 C:/ST/STM32CubeIDE_1.19.0/STM32CubeIDE/plugins/com.st.stm32cube.ide.mcu.externaltools.gnu-tools-for-stm32.13.3.rel1.win32_1.0.0.202411081344/tools/bin/../lib/gcc/arm-none-eabi/13.3.1/../../../../arm-none-eabi/lib/thumb/v7e-m+fp/hard\libc_nano.a(libc_a-lseekr.o)
                0x0800e07c                _lseek_r
 .text._read_r  0x0800e0a0       0x24 C:/ST/STM32CubeIDE_1.19.0/STM32CubeIDE/plugins/com.st.stm32cube.ide.mcu.externaltools.gnu-tools-for-stm32.13.3.rel1.win32_1.0.0.202411081344/tools/bin/../lib/gcc/arm-none-eabi/13.3.1/../../../../arm-none-eabi/lib/thumb/v7e-m+fp/hard\libc_nano.a(libc_a-readr.o)
                0x0800e0a0                _read_r
 .text._write_r
                0x0800e0c4       0x24 C:/ST/STM32CubeIDE_1.19.0/STM32CubeIDE/plugins/com.st.stm32cube.ide.mcu.externaltools.gnu-tools-for-stm32.13.3.rel1.win32_1.0.0.202411081344/tools/bin/../lib/gcc/arm-none-eabi/13.3.1/../../../../arm-none-eabi/lib/thumb/v7e-m+fp/hard\libc_nano.a(libc_a-writer.o)
                0x0800e0c4                _write_r
 .text.__errno  0x0800e0e8        0xc C:/ST/STM32CubeIDE_1.19.0/STM32CubeIDE/plugins/com.st.stm32cube.ide.mcu.externaltools.gnu-tools-for-stm32.13.3.rel1.win32_1.0.0.202411081344/tools/bin/../lib/gcc/arm-none-eabi/13.3.1/../../../../arm-none-eabi/lib/thumb/v7e-m+fp/hard\libc_nano.a(libc_a-errno.o)
                0x0800e0e8                __errno
 .text.__libc_init_array
                0x0800e0f4       0x48 C:/ST/STM32CubeIDE_1.19.0/STM32CubeIDE/plugins/com.st.stm32cube.ide.mcu.externaltools.gnu-tools-for-stm32.13.3.rel1.win32_1.0.0.202411081344/tools/bin/../lib/gcc/arm-none-eabi/13.3.1/../../../../arm-none-eabi/lib/thumb/v7e-m+fp/hard\libc_nano.a(libc_a-init.o)
                0x0800e0f4                __libc_init_array
 .text.__retarget_lock_init_recursive
                0x0800e13c        0x2 C:/ST/STM32CubeIDE_1.19.0/STM32CubeIDE/plugins/com.st.stm32cube.ide.mcu.externaltools.gnu-tools-for-stm32.13.3.rel1.win32_1.0.0.202411081344/tools/bin/../lib/gcc/arm-none-eabi/13.3.1/../../../../arm-none-eabi/lib/thumb/v7e-m+fp/hard\libc_nano.a(libc_a-lock.o)
                0x0800e13c                __retarget_lock_init_recursive
 .text.__retarget_lock_acquire_recursive
                0x0800e13e        0x2 C:/ST/STM32CubeIDE_1.19.0/STM32CubeIDE/plugins/com.st.stm32cube.ide.mcu.externaltools.gnu-tools-for-stm32.13.3.rel1.win32_1.0.0.202411081344/tools/bin/../lib/gcc/arm-none-eabi/13.3.1/../../../../arm-none-eabi/lib/thumb/v7e-m+fp/hard\libc_nano.a(libc_a-lock.o)
                0x0800e13e                __retarget_lock_acquire_recursive
 .text.__retarget_lock_release_recursive
                0x0800e140        0x2 C:/ST/STM32CubeIDE_1.19.0/STM32CubeIDE/plugins/com.st.stm32cube.ide.mcu.externaltools.gnu-tools-for-stm32.13.3.rel1.win32_1.0.0.202411081344/tools/bin/../lib/gcc/arm-none-eabi/13.3.1/../../../../arm-none-eabi/lib/thumb/v7e-m+fp/hard\libc_nano.a(libc_a-lock.o)
                0x0800e140                __retarget_lock_release_recursive
 .text.memcpy   0x0800e142       0x1c C:/ST/STM32CubeIDE_1.19.0/STM32CubeIDE/plugins/com.st.stm32cube.ide.mcu.externaltools.gnu-tools-for-stm32.13.3.rel1.win32_1.0.0.202411081344/tools/bin/../lib/gcc/arm-none-eabi/13.3.1/../../../../arm-none-eabi/lib/thumb/v7e-m+fp/hard\libc_nano.a(libc_a-memcpy-stub.o)
                0x0800e142                memcpy
 .text.quorem   0x0800e15e      0x110 C:/ST/STM32CubeIDE_1.19.0/STM32CubeIDE/plugins/com.st.stm32cube.ide.mcu.externaltools.gnu-tools-for-stm32.13.3.rel1.win32_1.0.0.202411081344/tools/bin/../lib/gcc/arm-none-eabi/13.3.1/../../../../arm-none-eabi/lib/thumb/v7e-m+fp/hard\libc_nano.a(libc_a-dtoa.o)
 *fill*         0x0800e26e        0x2 
 .text._dtoa_r  0x0800e270      0xba0 C:/ST/STM32CubeIDE_1.19.0/STM32CubeIDE/plugins/com.st.stm32cube.ide.mcu.externaltools.gnu-tools-for-stm32.13.3.rel1.win32_1.0.0.202411081344/tools/bin/../lib/gcc/arm-none-eabi/13.3.1/../../../../arm-none-eabi/lib/thumb/v7e-m+fp/hard\libc_nano.a(libc_a-dtoa.o)
                0x0800e270                _dtoa_r
 .text._free_r  0x0800ee10       0x94 C:/ST/STM32CubeIDE_1.19.0/STM32CubeIDE/plugins/com.st.stm32cube.ide.mcu.externaltools.gnu-tools-for-stm32.13.3.rel1.win32_1.0.0.202411081344/tools/bin/../lib/gcc/arm-none-eabi/13.3.1/../../../../arm-none-eabi/lib/thumb/v7e-m+fp/hard\libc_nano.a(libc_a-freer.o)
                0x0800ee10                _free_r
 .text.malloc   0x0800eea4       0x10 C:/ST/STM32CubeIDE_1.19.0/STM32CubeIDE/plugins/com.st.stm32cube.ide.mcu.externaltools.gnu-tools-for-stm32.13.3.rel1.win32_1.0.0.202411081344/tools/bin/../lib/gcc/arm-none-eabi/13.3.1/../../../../arm-none-eabi/lib/thumb/v7e-m+fp/hard\libc_nano.a(libc_a-malloc.o)
                0x0800eea4                malloc
 .text.sbrk_aligned
                0x0800eeb4       0x44 C:/ST/STM32CubeIDE_1.19.0/STM32CubeIDE/plugins/com.st.stm32cube.ide.mcu.externaltools.gnu-tools-for-stm32.13.3.rel1.win32_1.0.0.202411081344/tools/bin/../lib/gcc/arm-none-eabi/13.3.1/../../../../arm-none-eabi/lib/thumb/v7e-m+fp/hard\libc_nano.a(libc_a-mallocr.o)
 .text._malloc_r
                0x0800eef8      0x100 C:/ST/STM32CubeIDE_1.19.0/STM32CubeIDE/plugins/com.st.stm32cube.ide.mcu.externaltools.gnu-tools-for-stm32.13.3.rel1.win32_1.0.0.202411081344/tools/bin/../lib/gcc/arm-none-eabi/13.3.1/../../../../arm-none-eabi/lib/thumb/v7e-m+fp/hard\libc_nano.a(libc_a-mallocr.o)
                0x0800eef8                _malloc_r
 .text.__malloc_lock
                0x0800eff8        0xc C:/ST/STM32CubeIDE_1.19.0/STM32CubeIDE/plugins/com.st.stm32cube.ide.mcu.externaltools.gnu-tools-for-stm32.13.3.rel1.win32_1.0.0.202411081344/tools/bin/../lib/gcc/arm-none-eabi/13.3.1/../../../../arm-none-eabi/lib/thumb/v7e-m+fp/hard\libc_nano.a(libc_a-mlock.o)
                0x0800eff8                __malloc_lock
 .text.__malloc_unlock
                0x0800f004        0xc C:/ST/STM32CubeIDE_1.19.0/STM32CubeIDE/plugins/com.st.stm32cube.ide.mcu.externaltools.gnu-tools-for-stm32.13.3.rel1.win32_1.0.0.202411081344/tools/bin/../lib/gcc/arm-none-eabi/13.3.1/../../../../arm-none-eabi/lib/thumb/v7e-m+fp/hard\libc_nano.a(libc_a-mlock.o)
                0x0800f004                __malloc_unlock
 .text._Balloc  0x0800f010       0x80 C:/ST/STM32CubeIDE_1.19.0/STM32CubeIDE/plugins/com.st.stm32cube.ide.mcu.externaltools.gnu-tools-for-stm32.13.3.rel1.win32_1.0.0.202411081344/tools/bin/../lib/gcc/arm-none-eabi/13.3.1/../../../../arm-none-eabi/lib/thumb/v7e-m+fp/hard\libc_nano.a(libc_a-mprec.o)
                0x0800f010                _Balloc
 .text._Bfree   0x0800f090       0x44 C:/ST/STM32CubeIDE_1.19.0/STM32CubeIDE/plugins/com.st.stm32cube.ide.mcu.externaltools.gnu-tools-for-stm32.13.3.rel1.win32_1.0.0.202411081344/tools/bin/../lib/gcc/arm-none-eabi/13.3.1/../../../../arm-none-eabi/lib/thumb/v7e-m+fp/hard\libc_nano.a(libc_a-mprec.o)
                0x0800f090                _Bfree
 .text.__multadd
                0x0800f0d4       0x8c C:/ST/STM32CubeIDE_1.19.0/STM32CubeIDE/plugins/com.st.stm32cube.ide.mcu.externaltools.gnu-tools-for-stm32.13.3.rel1.win32_1.0.0.202411081344/tools/bin/../lib/gcc/arm-none-eabi/13.3.1/../../../../arm-none-eabi/lib/thumb/v7e-m+fp/hard\libc_nano.a(libc_a-mprec.o)
                0x0800f0d4                __multadd
 .text.__hi0bits
                0x0800f160       0x3e C:/ST/STM32CubeIDE_1.19.0/STM32CubeIDE/plugins/com.st.stm32cube.ide.mcu.externaltools.gnu-tools-for-stm32.13.3.rel1.win32_1.0.0.202411081344/tools/bin/../lib/gcc/arm-none-eabi/13.3.1/../../../../arm-none-eabi/lib/thumb/v7e-m+fp/hard\libc_nano.a(libc_a-mprec.o)
                0x0800f160                __hi0bits
 .text.__lo0bits
                0x0800f19e       0x5a C:/ST/STM32CubeIDE_1.19.0/STM32CubeIDE/plugins/com.st.stm32cube.ide.mcu.externaltools.gnu-tools-for-stm32.13.3.rel1.win32_1.0.0.202411081344/tools/bin/../lib/gcc/arm-none-eabi/13.3.1/../../../../arm-none-eabi/lib/thumb/v7e-m+fp/hard\libc_nano.a(libc_a-mprec.o)
                0x0800f19e                __lo0bits
 .text.__i2b    0x0800f1f8       0x2c C:/ST/STM32CubeIDE_1.19.0/STM32CubeIDE/plugins/com.st.stm32cube.ide.mcu.externaltools.gnu-tools-for-stm32.13.3.rel1.win32_1.0.0.202411081344/tools/bin/../lib/gcc/arm-none-eabi/13.3.1/../../../../arm-none-eabi/lib/thumb/v7e-m+fp/hard\libc_nano.a(libc_a-mprec.o)
                0x0800f1f8                __i2b
 .text.__multiply
                0x0800f224      0x144 C:/ST/STM32CubeIDE_1.19.0/STM32CubeIDE/plugins/com.st.stm32cube.ide.mcu.externaltools.gnu-tools-for-stm32.13.3.rel1.win32_1.0.0.202411081344/tools/bin/../lib/gcc/arm-none-eabi/13.3.1/../../../../arm-none-eabi/lib/thumb/v7e-m+fp/hard\libc_nano.a(libc_a-mprec.o)
                0x0800f224                __multiply
 .text.__pow5mult
                0x0800f368       0xb4 C:/ST/STM32CubeIDE_1.19.0/STM32CubeIDE/plugins/com.st.stm32cube.ide.mcu.externaltools.gnu-tools-for-stm32.13.3.rel1.win32_1.0.0.202411081344/tools/bin/../lib/gcc/arm-none-eabi/13.3.1/../../../../arm-none-eabi/lib/thumb/v7e-m+fp/hard\libc_nano.a(libc_a-mprec.o)
                0x0800f368                __pow5mult
 .text.__lshift
                0x0800f41c       0xd8 C:/ST/STM32CubeIDE_1.19.0/STM32CubeIDE/plugins/com.st.stm32cube.ide.mcu.externaltools.gnu-tools-for-stm32.13.3.rel1.win32_1.0.0.202411081344/tools/bin/../lib/gcc/arm-none-eabi/13.3.1/../../../../arm-none-eabi/lib/thumb/v7e-m+fp/hard\libc_nano.a(libc_a-mprec.o)
                0x0800f41c                __lshift
 .text.__mcmp   0x0800f4f4       0x36 C:/ST/STM32CubeIDE_1.19.0/STM32CubeIDE/plugins/com.st.stm32cube.ide.mcu.externaltools.gnu-tools-for-stm32.13.3.rel1.win32_1.0.0.202411081344/tools/bin/../lib/gcc/arm-none-eabi/13.3.1/../../../../arm-none-eabi/lib/thumb/v7e-m+fp/hard\libc_nano.a(libc_a-mprec.o)
                0x0800f4f4                __mcmp
 *fill*         0x0800f52a        0x2 
 .text.__mdiff  0x0800f52c      0x128 C:/ST/STM32CubeIDE_1.19.0/STM32CubeIDE/plugins/com.st.stm32cube.ide.mcu.externaltools.gnu-tools-for-stm32.13.3.rel1.win32_1.0.0.202411081344/tools/bin/../lib/gcc/arm-none-eabi/13.3.1/../../../../arm-none-eabi/lib/thumb/v7e-m+fp/hard\libc_nano.a(libc_a-mprec.o)
                0x0800f52c                __mdiff
 .text.__d2b    0x0800f654       0xb0 C:/ST/STM32CubeIDE_1.19.0/STM32CubeIDE/plugins/com.st.stm32cube.ide.mcu.externaltools.gnu-tools-for-stm32.13.3.rel1.win32_1.0.0.202411081344/tools/bin/../lib/gcc/arm-none-eabi/13.3.1/../../../../arm-none-eabi/lib/thumb/v7e-m+fp/hard\libc_nano.a(libc_a-mprec.o)
                0x0800f654                __d2b
 .text.__ssputs_r
                0x0800f704       0xb6 C:/ST/STM32CubeIDE_1.19.0/STM32CubeIDE/plugins/com.st.stm32cube.ide.mcu.externaltools.gnu-tools-for-stm32.13.3.rel1.win32_1.0.0.202411081344/tools/bin/../lib/gcc/arm-none-eabi/13.3.1/../../../../arm-none-eabi/lib/thumb/v7e-m+fp/hard\libc_nano.a(libc_a-nano-svfprintf.o)
                0x0800f704                __ssputs_r
 *fill*         0x0800f7ba        0x2 
 .text._svfprintf_r
                0x0800f7bc      0x1f8 C:/ST/STM32CubeIDE_1.19.0/STM32CubeIDE/plugins/com.st.stm32cube.ide.mcu.externaltools.gnu-tools-for-stm32.13.3.rel1.win32_1.0.0.202411081344/tools/bin/../lib/gcc/arm-none-eabi/13.3.1/../../../../arm-none-eabi/lib/thumb/v7e-m+fp/hard\libc_nano.a(libc_a-nano-svfprintf.o)
                0x0800f7bc                _svfiprintf_r
                0x0800f7bc                _svfprintf_r
 .text.__sflush_r
                0x0800f9b4      0x108 C:/ST/STM32CubeIDE_1.19.0/STM32CubeIDE/plugins/com.st.stm32cube.ide.mcu.externaltools.gnu-tools-for-stm32.13.3.rel1.win32_1.0.0.202411081344/tools/bin/../lib/gcc/arm-none-eabi/13.3.1/../../../../arm-none-eabi/lib/thumb/v7e-m+fp/hard\libc_nano.a(libc_a-fflush.o)
                0x0800f9b4                __sflush_r
 .text._fflush_r
                0x0800fabc       0x50 C:/ST/STM32CubeIDE_1.19.0/STM32CubeIDE/plugins/com.st.stm32cube.ide.mcu.externaltools.gnu-tools-for-stm32.13.3.rel1.win32_1.0.0.202411081344/tools/bin/../lib/gcc/arm-none-eabi/13.3.1/../../../../arm-none-eabi/lib/thumb/v7e-m+fp/hard\libc_nano.a(libc_a-fflush.o)
                0x0800fabc                _fflush_r
 .text.memmove  0x0800fb0c       0x34 C:/ST/STM32CubeIDE_1.19.0/STM32CubeIDE/plugins/com.st.stm32cube.ide.mcu.externaltools.gnu-tools-for-stm32.13.3.rel1.win32_1.0.0.202411081344/tools/bin/../lib/gcc/arm-none-eabi/13.3.1/../../../../arm-none-eabi/lib/thumb/v7e-m+fp/hard\libc_nano.a(libc_a-memmove.o)
                0x0800fb0c                memmove
 .text._sbrk_r  0x0800fb40       0x20 C:/ST/STM32CubeIDE_1.19.0/STM32CubeIDE/plugins/com.st.stm32cube.ide.mcu.externaltools.gnu-tools-for-stm32.13.3.rel1.win32_1.0.0.202411081344/tools/bin/../lib/gcc/arm-none-eabi/13.3.1/../../../../arm-none-eabi/lib/thumb/v7e-m+fp/hard\libc_nano.a(libc_a-sbrkr.o)
                0x0800fb40                _sbrk_r
 .text.__assert_func
                0x0800fb60       0x3c C:/ST/STM32CubeIDE_1.19.0/STM32CubeIDE/plugins/com.st.stm32cube.ide.mcu.externaltools.gnu-tools-for-stm32.13.3.rel1.win32_1.0.0.202411081344/tools/bin/../lib/gcc/arm-none-eabi/13.3.1/../../../../arm-none-eabi/lib/thumb/v7e-m+fp/hard\libc_nano.a(libc_a-assert.o)
                0x0800fb60                __assert_func
 .text._calloc_r
                0x0800fb9c       0x28 C:/ST/STM32CubeIDE_1.19.0/STM32CubeIDE/plugins/com.st.stm32cube.ide.mcu.externaltools.gnu-tools-for-stm32.13.3.rel1.win32_1.0.0.202411081344/tools/bin/../lib/gcc/arm-none-eabi/13.3.1/../../../../arm-none-eabi/lib/thumb/v7e-m+fp/hard\libc_nano.a(libc_a-callocr.o)
                0x0800fb9c                _calloc_r
 .text.__ascii_mbtowc
                0x0800fbc4       0x24 C:/ST/STM32CubeIDE_1.19.0/STM32CubeIDE/plugins/com.st.stm32cube.ide.mcu.externaltools.gnu-tools-for-stm32.13.3.rel1.win32_1.0.0.202411081344/tools/bin/../lib/gcc/arm-none-eabi/13.3.1/../../../../arm-none-eabi/lib/thumb/v7e-m+fp/hard\libc_nano.a(libc_a-mbtowc_r.o)
                0x0800fbc4                __ascii_mbtowc
 .text._realloc_r
                0x0800fbe8       0x5c C:/ST/STM32CubeIDE_1.19.0/STM32CubeIDE/plugins/com.st.stm32cube.ide.mcu.externaltools.gnu-tools-for-stm32.13.3.rel1.win32_1.0.0.202411081344/tools/bin/../lib/gcc/arm-none-eabi/13.3.1/../../../../arm-none-eabi/lib/thumb/v7e-m+fp/hard\libc_nano.a(libc_a-reallocr.o)
                0x0800fbe8                _realloc_r
 .text.__ascii_wctomb
                0x0800fc44       0x1a C:/ST/STM32CubeIDE_1.19.0/STM32CubeIDE/plugins/com.st.stm32cube.ide.mcu.externaltools.gnu-tools-for-stm32.13.3.rel1.win32_1.0.0.202411081344/tools/bin/../lib/gcc/arm-none-eabi/13.3.1/../../../../arm-none-eabi/lib/thumb/v7e-m+fp/hard\libc_nano.a(libc_a-wctomb_r.o)
                0x0800fc44                __ascii_wctomb
 *fill*         0x0800fc5e        0x2 
 .text.fprintf  0x0800fc60       0x24 C:/ST/STM32CubeIDE_1.19.0/STM32CubeIDE/plugins/com.st.stm32cube.ide.mcu.externaltools.gnu-tools-for-stm32.13.3.rel1.win32_1.0.0.202411081344/tools/bin/../lib/gcc/arm-none-eabi/13.3.1/../../../../arm-none-eabi/lib/thumb/v7e-m+fp/hard\libc_nano.a(libc_a-fprintf.o)
                0x0800fc60                fiprintf
                0x0800fc60                fprintf
 .text.abort    0x0800fc84        0xe C:/ST/STM32CubeIDE_1.19.0/STM32CubeIDE/plugins/com.st.stm32cube.ide.mcu.externaltools.gnu-tools-for-stm32.13.3.rel1.win32_1.0.0.202411081344/tools/bin/../lib/gcc/arm-none-eabi/13.3.1/../../../../arm-none-eabi/lib/thumb/v7e-m+fp/hard\libc_nano.a(libc_a-abort.o)
                0x0800fc84                abort
 .text._malloc_usable_size_r
                0x0800fc92       0x10 C:/ST/STM32CubeIDE_1.19.0/STM32CubeIDE/plugins/com.st.stm32cube.ide.mcu.externaltools.gnu-tools-for-stm32.13.3.rel1.win32_1.0.0.202411081344/tools/bin/../lib/gcc/arm-none-eabi/13.3.1/../../../../arm-none-eabi/lib/thumb/v7e-m+fp/hard\libc_nano.a(libc_a-msizer.o)
                0x0800fc92                _malloc_usable_size_r
 .text.__sfputc_r
                0x0800fca2       0x2e C:/ST/STM32CubeIDE_1.19.0/STM32CubeIDE/plugins/com.st.stm32cube.ide.mcu.externaltools.gnu-tools-for-stm32.13.3.rel1.win32_1.0.0.202411081344/tools/bin/../lib/gcc/arm-none-eabi/13.3.1/../../../../arm-none-eabi/lib/thumb/v7e-m+fp/hard\libc_nano.a(libc_a-nano-vfprintf.o)
 .text.__sfputs_r
                0x0800fcd0       0x24 C:/ST/STM32CubeIDE_1.19.0/STM32CubeIDE/plugins/com.st.stm32cube.ide.mcu.externaltools.gnu-tools-for-stm32.13.3.rel1.win32_1.0.0.202411081344/tools/bin/../lib/gcc/arm-none-eabi/13.3.1/../../../../arm-none-eabi/lib/thumb/v7e-m+fp/hard\libc_nano.a(libc_a-nano-vfprintf.o)
                0x0800fcd0                __sfputs_r
 .text._vfprintf_r
                0x0800fcf4      0x230 C:/ST/STM32CubeIDE_1.19.0/STM32CubeIDE/plugins/com.st.stm32cube.ide.mcu.externaltools.gnu-tools-for-stm32.13.3.rel1.win32_1.0.0.202411081344/tools/bin/../lib/gcc/arm-none-eabi/13.3.1/../../../../arm-none-eabi/lib/thumb/v7e-m+fp/hard\libc_nano.a(libc_a-nano-vfprintf.o)
                0x0800fcf4                _vfprintf_r
                0x0800fcf4                _vfiprintf_r
 .text.__swbuf_r
                0x0800ff24       0x7c C:/ST/STM32CubeIDE_1.19.0/STM32CubeIDE/plugins/com.st.stm32cube.ide.mcu.externaltools.gnu-tools-for-stm32.13.3.rel1.win32_1.0.0.202411081344/tools/bin/../lib/gcc/arm-none-eabi/13.3.1/../../../../arm-none-eabi/lib/thumb/v7e-m+fp/hard\libc_nano.a(libc_a-wbuf.o)
                0x0800ff24                __swbuf_r
 .text.__swsetup_r
                0x0800ffa0       0xac C:/ST/STM32CubeIDE_1.19.0/STM32CubeIDE/plugins/com.st.stm32cube.ide.mcu.externaltools.gnu-tools-for-stm32.13.3.rel1.win32_1.0.0.202411081344/tools/bin/../lib/gcc/arm-none-eabi/13.3.1/../../../../arm-none-eabi/lib/thumb/v7e-m+fp/hard\libc_nano.a(libc_a-wsetup.o)
                0x0800ffa0                __swsetup_r
 .text._raise_r
                0x0801004c       0x50 C:/ST/STM32CubeIDE_1.19.0/STM32CubeIDE/plugins/com.st.stm32cube.ide.mcu.externaltools.gnu-tools-for-stm32.13.3.rel1.win32_1.0.0.202411081344/tools/bin/../lib/gcc/arm-none-eabi/13.3.1/../../../../arm-none-eabi/lib/thumb/v7e-m+fp/hard\libc_nano.a(libc_a-signal.o)
                0x0801004c                _raise_r
 .text.raise    0x0801009c       0x10 C:/ST/STM32CubeIDE_1.19.0/STM32CubeIDE/plugins/com.st.stm32cube.ide.mcu.externaltools.gnu-tools-for-stm32.13.3.rel1.win32_1.0.0.202411081344/tools/bin/../lib/gcc/arm-none-eabi/13.3.1/../../../../arm-none-eabi/lib/thumb/v7e-m+fp/hard\libc_nano.a(libc_a-signal.o)
                0x0801009c                raise
 .text._kill_r  0x080100ac       0x24 C:/ST/STM32CubeIDE_1.19.0/STM32CubeIDE/plugins/com.st.stm32cube.ide.mcu.externaltools.gnu-tools-for-stm32.13.3.rel1.win32_1.0.0.202411081344/tools/bin/../lib/gcc/arm-none-eabi/13.3.1/../../../../arm-none-eabi/lib/thumb/v7e-m+fp/hard\libc_nano.a(libc_a-signalr.o)
                0x080100ac                _kill_r
 .text._getpid_r
                0x080100d0        0x4 C:/ST/STM32CubeIDE_1.19.0/STM32CubeIDE/plugins/com.st.stm32cube.ide.mcu.externaltools.gnu-tools-for-stm32.13.3.rel1.win32_1.0.0.202411081344/tools/bin/../lib/gcc/arm-none-eabi/13.3.1/../../../../arm-none-eabi/lib/thumb/v7e-m+fp/hard\libc_nano.a(libc_a-signalr.o)
                0x080100d0                _getpid_r
 .text.__swhatbuf_r
                0x080100d4       0x4c C:/ST/STM32CubeIDE_1.19.0/STM32CubeIDE/plugins/com.st.stm32cube.ide.mcu.externaltools.gnu-tools-for-stm32.13.3.rel1.win32_1.0.0.202411081344/tools/bin/../lib/gcc/arm-none-eabi/13.3.1/../../../../arm-none-eabi/lib/thumb/v7e-m+fp/hard\libc_nano.a(libc_a-makebuf.o)
                0x080100d4                __swhatbuf_r
 .text.__smakebuf_r
                0x08010120       0x78 C:/ST/STM32CubeIDE_1.19.0/STM32CubeIDE/plugins/com.st.stm32cube.ide.mcu.externaltools.gnu-tools-for-stm32.13.3.rel1.win32_1.0.0.202411081344/tools/bin/../lib/gcc/arm-none-eabi/13.3.1/../../../../arm-none-eabi/lib/thumb/v7e-m+fp/hard\libc_nano.a(libc_a-makebuf.o)
                0x08010120                __smakebuf_r
 .text._fstat_r
                0x08010198       0x24 C:/ST/STM32CubeIDE_1.19.0/STM32CubeIDE/plugins/com.st.stm32cube.ide.mcu.externaltools.gnu-tools-for-stm32.13.3.rel1.win32_1.0.0.202411081344/tools/bin/../lib/gcc/arm-none-eabi/13.3.1/../../../../arm-none-eabi/lib/thumb/v7e-m+fp/hard\libc_nano.a(libc_a-fstatr.o)
                0x08010198                _fstat_r
 .text._isatty_r
                0x080101bc       0x20 C:/ST/STM32CubeIDE_1.19.0/STM32CubeIDE/plugins/com.st.stm32cube.ide.mcu.externaltools.gnu-tools-for-stm32.13.3.rel1.win32_1.0.0.202411081344/tools/bin/../lib/gcc/arm-none-eabi/13.3.1/../../../../arm-none-eabi/lib/thumb/v7e-m+fp/hard\libc_nano.a(libc_a-isattyr.o)
                0x080101bc                _isatty_r
 .text.fmaxf    0x080101dc       0x3a C:/ST/STM32CubeIDE_1.19.0/STM32CubeIDE/plugins/com.st.stm32cube.ide.mcu.externaltools.gnu-tools-for-stm32.13.3.rel1.win32_1.0.0.202411081344/tools/bin/../lib/gcc/arm-none-eabi/13.3.1/../../../../arm-none-eabi/lib/thumb/v7e-m+fp/hard\libm.a(libm_a-sf_fmax.o)
                0x080101dc                fmaxf
 *fill*         0x08010216        0x2 
 .text.__fpclassifyf
                0x08010218       0x38 C:/ST/STM32CubeIDE_1.19.0/STM32CubeIDE/plugins/com.st.stm32cube.ide.mcu.externaltools.gnu-tools-for-stm32.13.3.rel1.win32_1.0.0.202411081344/tools/bin/../lib/gcc/arm-none-eabi/13.3.1/../../../../arm-none-eabi/lib/thumb/v7e-m+fp/hard\libm.a(libm_a-sf_fpclassify.o)
                0x08010218                __fpclassifyf
 *(.glue_7)
 .glue_7        0x08010250        0x0 linker stubs
 *(.glue_7t)
 .glue_7t       0x08010250        0x0 linker stubs
 *(.eh_frame)
 .eh_frame      0x08010250        0x0 C:/ST/STM32CubeIDE_1.19.0/STM32CubeIDE/plugins/com.st.stm32cube.ide.mcu.externaltools.gnu-tools-for-stm32.13.3.rel1.win32_1.0.0.202411081344/tools/bin/../lib/gcc/arm-none-eabi/13.3.1/thumb/v7e-m+fp/hard/crtbegin.o
 *(.init)
 .init          0x08010250        0x4 C:/ST/STM32CubeIDE_1.19.0/STM32CubeIDE/plugins/com.st.stm32cube.ide.mcu.externaltools.gnu-tools-for-stm32.13.3.rel1.win32_1.0.0.202411081344/tools/bin/../lib/gcc/arm-none-eabi/13.3.1/thumb/v7e-m+fp/hard/crti.o
                0x08010250                _init
 .init          0x08010254        0x8 C:/ST/STM32CubeIDE_1.19.0/STM32CubeIDE/plugins/com.st.stm32cube.ide.mcu.externaltools.gnu-tools-for-stm32.13.3.rel1.win32_1.0.0.202411081344/tools/bin/../lib/gcc/arm-none-eabi/13.3.1/thumb/v7e-m+fp/hard/crtn.o
 *(.fini)
 .fini          0x0801025c        0x4 C:/ST/STM32CubeIDE_1.19.0/STM32CubeIDE/plugins/com.st.stm32cube.ide.mcu.externaltools.gnu-tools-for-stm32.13.3.rel1.win32_1.0.0.202411081344/tools/bin/../lib/gcc/arm-none-eabi/13.3.1/thumb/v7e-m+fp/hard/crti.o
                0x0801025c                _fini