Archive member included to satisfy reference by file (symbol)

C:/ST/STM32CubeIDE_1.19.0/STM32CubeIDE/plugins/com.st.stm32cube.ide.mcu.externaltools.gnu-tools-for-stm32.13.3.rel1.win32_1.0.0.202411081344/tools/bin/../lib/gcc/arm-none-eabi/13.3.1/../../../../arm-none-eabi/lib/thumb/v7e-m+fp/hard\libc_nano.a(libc_a-exit.o)
                              C:/ST/STM32CubeIDE_1.19.0/STM32CubeIDE/plugins/com.st.stm32cube.ide.mcu.externaltools.gnu-tools-for-stm32.13.3.rel1.win32_1.0.0.202411081344/tools/bin/../lib/gcc/arm-none-eabi/13.3.1/../../../../arm-none-eabi/lib/thumb/v7e-m+fp/hard/crt0.o (exit)
C:/ST/STM32CubeIDE_1.19.0/STM32CubeIDE/plugins/com.st.stm32cube.ide.mcu.externaltools.gnu-tools-for-stm32.13.3.rel1.win32_1.0.0.202411081344/tools/bin/../lib/gcc/arm-none-eabi/13.3.1/../../../../arm-none-eabi/lib/thumb/v7e-m+fp/hard\libc_nano.a(libc_a-nano-vfprintf_float.o)
                              (_printf_float)
C:/ST/STM32CubeIDE_1.19.0/STM32CubeIDE/plugins/com.st.stm32cube.ide.mcu.externaltools.gnu-tools-for-stm32.13.3.rel1.win32_1.0.0.202411081344/tools/bin/../lib/gcc/arm-none-eabi/13.3.1/../../../../arm-none-eabi/lib/thumb/v7e-m+fp/hard\libc_nano.a(libc_a-nano-vfprintf_i.o)
                              C:/ST/STM32CubeIDE_1.19.0/STM32CubeIDE/plugins/com.st.stm32cube.ide.mcu.externaltools.gnu-tools-for-stm32.13.3.rel1.win32_1.0.0.202411081344/tools/bin/../lib/gcc/arm-none-eabi/13.3.1/../../../../arm-none-eabi/lib/thumb/v7e-m+fp/hard\libc_nano.a(libc_a-nano-vfprintf_float.o) (_printf_common)
C:/ST/STM32CubeIDE_1.19.0/STM32CubeIDE/plugins/com.st.stm32cube.ide.mcu.externaltools.gnu-tools-for-stm32.13.3.rel1.win32_1.0.0.202411081344/tools/bin/../lib/gcc/arm-none-eabi/13.3.1/../../../../arm-none-eabi/lib/thumb/v7e-m+fp/hard\libc_nano.a(libc_a-findfp.o)
                              ./Middlewares/Third_Party/FreeRTOS/Source/tasks.o (__sf)
C:/ST/STM32CubeIDE_1.19.0/STM32CubeIDE/plugins/com.st.stm32cube.ide.mcu.externaltools.gnu-tools-for-stm32.13.3.rel1.win32_1.0.0.202411081344/tools/bin/../lib/gcc/arm-none-eabi/13.3.1/../../../../arm-none-eabi/lib/thumb/v7e-m+fp/hard\libc_nano.a(libc_a-fwalk.o)
                              C:/ST/STM32CubeIDE_1.19.0/STM32CubeIDE/plugins/com.st.stm32cube.ide.mcu.externaltools.gnu-tools-for-stm32.13.3.rel1.win32_1.0.0.202411081344/tools/bin/../lib/gcc/arm-none-eabi/13.3.1/../../../../arm-none-eabi/lib/thumb/v7e-m+fp/hard\libc_nano.a(libc_a-findfp.o) (_fwalk_sglue)
C:/ST/STM32CubeIDE_1.19.0/STM32CubeIDE/plugins/com.st.stm32cube.ide.mcu.externaltools.gnu-tools-for-stm32.13.3.rel1.win32_1.0.0.202411081344/tools/bin/../lib/gcc/arm-none-eabi/13.3.1/../../../../arm-none-eabi/lib/thumb/v7e-m+fp/hard\libc_nano.a(libc_a-snprintf.o)
                              ./Core/Src/app_tasks.o (snprintf)
C:/ST/STM32CubeIDE_1.19.0/STM32CubeIDE/plugins/com.st.stm32cube.ide.mcu.externaltools.gnu-tools-for-stm32.13.3.rel1.win32_1.0.0.202411081344/tools/bin/../lib/gcc/arm-none-eabi/13.3.1/../../../../arm-none-eabi/lib/thumb/v7e-m+fp/hard\libc_nano.a(libc_a-stdio.o)
                              C:/ST/STM32CubeIDE_1.19.0/STM32CubeIDE/plugins/com.st.stm32cube.ide.mcu.externaltools.gnu-tools-for-stm32.13.3.rel1.win32_1.0.0.202411081344/tools/bin/../lib/gcc/arm-none-eabi/13.3.1/../../../../arm-none-eabi/lib/thumb/v7e-m+fp/hard\libc_nano.a(libc_a-findfp.o) (__sread)
C:/ST/STM32CubeIDE_1.19.0/STM32CubeIDE/plugins/com.st.stm32cube.ide.mcu.externaltools.gnu-tools-for-stm32.13.3.rel1.win32_1.0.0.202411081344/tools/bin/../lib/gcc/arm-none-eabi/13.3.1/../../../../arm-none-eabi/lib/thumb/v7e-m+fp/hard\libc_nano.a(libc_a-vsnprintf.o)
                              ./Core/Src/debug.o (vsnprintf)
C:/ST/STM32CubeIDE_1.19.0/STM32CubeIDE/plugins/com.st.stm32cube.ide.mcu.externaltools.gnu-tools-for-stm32.13.3.rel1.win32_1.0.0.202411081344/tools/bin/../lib/gcc/arm-none-eabi/13.3.1/../../../../arm-none-eabi/lib/thumb/v7e-m+fp/hard\libc_nano.a(libc_a-memset.o)
                              C:/ST/STM32CubeIDE_1.19.0/STM32CubeIDE/plugins/com.st.stm32cube.ide.mcu.externaltools.gnu-tools-for-stm32.13.3.rel1.win32_1.0.0.202411081344/tools/bin/../lib/gcc/arm-none-eabi/13.3.1/../../../../arm-none-eabi/lib/thumb/v7e-m+fp/hard/crt0.o (memset)
C:/ST/STM32CubeIDE_1.19.0/STM32CubeIDE/plugins/com.st.stm32cube.ide.mcu.externaltools.gnu-tools-for-stm32.13.3.rel1.win32_1.0.0.202411081344/tools/bin/../lib/gcc/arm-none-eabi/13.3.1/../../../../arm-none-eabi/lib/thumb/v7e-m+fp/hard\libc_nano.a(libc_a-strncmp.o)
                              ./Core/Src/ui.o (strncmp)
C:/ST/STM32CubeIDE_1.19.0/STM32CubeIDE/plugins/com.st.stm32cube.ide.mcu.externaltools.gnu-tools-for-stm32.13.3.rel1.win32_1.0.0.202411081344/tools/bin/../lib/gcc/arm-none-eabi/13.3.1/../../../../arm-none-eabi/lib/thumb/v7e-m+fp/hard\libc_nano.a(libc_a-strncpy.o)
                              ./Core/Src/ui.o (strncpy)
[...]
Memory Configuration

Name             Origin             Length             Attributes
RAM              0x20000000         0x00020000         xrw
FLASH            0x08000000         0x00080000         xr
*default*        0x00000000         0xffffffff

Linker script and memory map

LOAD C:/ST/STM32CubeIDE_1.19.0/STM32CubeIDE/plugins/com.st.stm32cube.ide.mcu.externaltools.gnu-tools-for-stm32.13.3.rel1.win32_1.0.0.202411081344/tools/bin/../lib/gcc/arm-none-eabi/13.3.1/thumb/v7e-m+fp/hard/crti.o
LOAD C:/ST/STM32CubeIDE_1.19.0/STM32CubeIDE/plugins/com.st.stm32cube.ide.mcu.externaltools.gnu-tools-for-stm32.13.3.rel1.win32_1.0.0.202411081344/tools/bin/../lib/gcc/arm-none-eabi/13.3.1/thumb/v7e-m+fp/hard/crtbegin.o
LOAD C:/ST/STM32CubeIDE_1.19.0/STM32CubeIDE/plugins/com.st.stm32cube.ide.mcu.externaltools.gnu-tools-for-stm32.13.3.rel1.win32_1.0.0.202411081344/tools/bin/../lib/gcc/arm-none-eabi/13.3.1/../../../../arm-none-eabi/lib/thumb/v7e-m+fp/hard/crt0.o
LOAD ./Core/Src/app_tasks.o
LOAD ./Core/Src/debug.o
LOAD ./Core/Src/drv_dht11.o
LOAD ./Core/Src/drv_ds18b20.o
LOAD ./Core/Src/drv_esp_uart.o
LOAD ./Core/Src/drv_lcd_i2c.o
LOAD ./Core/Src/drv_max30102.o
LOAD ./Core/Src/drv_mpu6050.o
LOAD ./Core/Src/drv_mq2.o
LOAD ./Core/Src/esp_uart_test.o
LOAD ./Core/Src/event_log.o
LOAD ./Core/Src/freertos.o
LOAD ./Core/Src/main.o
LOAD ./Core/Src/stm32f4xx_hal_msp.o
LOAD ./Core/Src/stm32f4xx_hal_timebase_tim.o
LOAD ./Core/Src/stm32f4xx_it.o
LOAD ./Core/Src/syscalls.o
LOAD ./Core/Src/sysmem.o
LOAD ./Core/Src/system_stm32f4xx.o
LOAD ./Core/Src/ui.o
LOAD ./Core/Startup/startup_stm32f446retx.o
LOAD ./Drivers/STM32F4xx_HAL_Driver/Src/stm32f4xx_hal.o
LOAD ./Drivers/STM32F4xx_HAL_Driver/Src/stm32f4xx_hal_adc.o
LOAD ./Drivers/STM32F4xx_HAL_Driver/Src/stm32f4xx_hal_adc_ex.o
LOAD ./Drivers/STM32F4xx_HAL_Driver/Src/stm32f4xx_hal_cortex.o
LOAD ./Drivers/STM32F4xx_HAL_Driver/Src/stm32f4xx_hal_dma.o
LOAD ./Drivers/STM32F4xx_HAL_Driver/Src/stm32f4xx_hal_dma_ex.o
LOAD ./Drivers/STM32F4xx_HAL_Driver/Src/stm32f4xx_hal_exti.o
LOAD ./Drivers/STM32F4xx_HAL_Driver/Src/stm32f4xx_hal_flash.o
LOAD ./Drivers/STM32F4xx_HAL_Driver/Src/stm32f4xx_hal_flash_ex.o
LOAD ./Drivers/STM32F4xx_HAL_Driver/Src/stm32f4xx_hal_flash_ramfunc.o
LOAD ./Drivers/STM32F4xx_HAL_Driver/Src/stm32f4xx_hal_gpio.o
LOAD ./Drivers/STM32F4xx_HAL_Driver/Src/stm32f4xx_hal_i2c.o
LOAD ./Drivers/STM32F4xx_HAL_Driver/Src/stm32f4xx_hal_i2c_ex.o
LOAD ./Drivers/STM32F4xx_HAL_Driver/Src/stm32f4xx_hal_pwr.o
LOAD ./Drivers/STM32F4xx_HAL_Driver/Src/stm32f4xx_hal_pwr_ex.o
LOAD ./Drivers/STM32F4xx_HAL_Driver/Src/stm32f4xx_hal_rcc.o
LOAD ./Drivers/STM32F4xx_HAL_Driver/Src/stm32f4xx_hal_rcc_ex.o
LOAD ./Drivers/STM32F4xx_HAL_Driver/Src/stm32f4xx_hal_tim.o
LOAD ./Drivers/STM32F4xx_HAL_Driver/Src/stm32f4xx_hal_tim_ex.o
LOAD ./Drivers/STM32F4xx_HAL_Driver/Src/stm32f4xx_hal_uart.o
LOAD ./Drivers/STM32F4xx_HAL_Driver/Src/stm32f4xx_ll_adc.o
LOAD ./Middlewares/Third_Party/FreeRTOS/Source/CMSIS_RTOS_V2/cmsis_os2.o
LOAD ./Middlewares/Third_Party/FreeRTOS/Source/croutine.o
LOAD ./Middlewares/Third_Party/FreeRTOS/Source/event_groups.o
LOAD ./Middlewares/Third_Party/FreeRTOS/Source/list.o
LOAD ./Middlewares/Third_Party/FreeRTOS/Source/queue.o
LOAD ./Middlewares/Third_Party/FreeRTOS/Source/stream_buffer.o
LOAD ./Middlewares/Third_Party/FreeRTOS/Source/tasks.o
LOAD ./Middlewares/Third_Party/FreeRTOS/Source/timers.o
LOAD ./Middlewares/Third_Party/FreeRTOS/Source/portable/GCC/ARM_CM4F/port.o
LOAD ./Middlewares/Third_Party/FreeRTOS/Source/portable/MemMang/heap_4.o
START GROUP
LOAD C:/ST/STM32CubeIDE_1.19.0/STM32CubeIDE/plugins/com.st.stm32cube.ide.mcu.externaltools.gnu-tools-for-stm32.13.3.rel1.win32_1.0.0.202411081344/tools/bin/../lib/gcc/arm-none-eabi/13.3.1/../../../../arm-none-eabi/lib/thumb/v7e-m+fp/hard\libc_nano.a
LOAD C:/ST/STM32CubeIDE_1.19.0/STM32CubeIDE/plugins/com.st.stm32cube.ide.mcu.externaltools.gnu-tools-for-stm32.13.3.rel1.win32_1.0.0.202411081344/tools/bin/../lib/gcc/arm-none-eabi/13.3.1/../../../../arm-none-eabi/lib/thumb/v7e-m+fp/hard\libm.a
END GROUP
START GROUP
LOAD C:/ST/STM32CubeIDE_1.19.0/STM32CubeIDE/plugins/com.st.stm32cube.ide.mcu.externaltools.gnu-tools-for-stm32.13.3.rel1.win32_1.0.0.202411081344/tools/bin/../lib/gcc/arm-none-eabi/13.3.1/thumb/v7e-m+fp/hard\libgcc.a
LOAD C:/ST/STM32CubeIDE_1.19.0/STM32CubeIDE/plugins/com.st.stm32cube.ide.mcu.externaltools.gnu-tools-for-stm32.13.3.rel1.win32_1.0.0.202411081344/tools/bin/../lib/gcc/arm-none-eabi/13.3.1/../../../../arm-none-eabi/lib/thumb/v7e-m+fp/hard\libc_nano.a
END GROUP
START GROUP
LOAD C:/ST/STM32CubeIDE_1.19.0/STM32CubeIDE/plugins/com.st.stm32cube.ide.mcu.externaltools.gnu-tools-for-stm32.13.3.rel1.win32_1.0.0.202411081344/tools/bin/../lib/gcc/arm-none-eabi/13.3.1/thumb/v7e-m+fp/hard\libgcc.a
LOAD C:/ST/STM32CubeIDE_1.19.0/STM32CubeIDE/plugins/com.st.stm32cube.ide.mcu.externaltools.gnu-tools-for-stm32.13.3.rel1.win32_1.0.0.202411081344/tools/bin/../lib/gcc/arm-none-eabi/13.3.1/../../../../arm-none-eabi/lib/thumb/v7e-m+fp/hard\libc_nano.a
LOAD C:/ST/STM32CubeIDE_1.19.0/STM32CubeIDE/plugins/com.st.stm32cube.ide.mcu.externaltools.gnu-tools-for-stm32.13.3.rel1.win32_1.0.0.202411081344/tools/bin/../lib/gcc/arm-none-eabi/13.3.1/../../../../arm-none-eabi/lib/thumb/v7e-m+fp/hard\libnosys.a
END GROUP
START GROUP
LOAD C:/ST/STM32CubeIDE_1.19.0/STM32CubeIDE/plugins/com.st.stm32cube.ide.mcu.externaltools.gnu-tools-for-stm32.13.3.rel1.win32_1.0.0.202411081344/tools/bin/../lib/gcc/arm-none-eabi/13.3.1/thumb/v7e-m+fp/hard\libgcc.a
LOAD C:/ST/STM32CubeIDE_1.19.0/STM32CubeIDE/plugins/com.st.stm32cube.ide.mcu.externaltools.gnu-tools-for-stm32.13.3.rel1.win32_1.0.0.202411081344/tools/bin/../lib/gcc/arm-none-eabi/13.3.1/../../../../arm-none-eabi/lib/thumb/v7e-m+fp/hard\libc_nano.a
LOAD C:/ST/STM32CubeIDE_1.19.0/STM32CubeIDE/plugins/com.st.stm32cube.ide.mcu.externaltools.gnu-tools-for-stm32.13.3.rel1.win32_1.0.0.202411081344/tools/bin/../lib/gcc/arm-none-eabi/13.3.1/../../../../arm-none-eabi/lib/thumb/v7e-m+fp/hard\libnosys.a
END GROUP
LOAD C:/ST/STM32CubeIDE_1.19.0/STM32CubeIDE/plugins/com.st.stm32cube.ide.mcu.externaltools.gnu-tools-for-stm32.13.3.rel1.win32_1.0.0.202411081344/tools/bin/../lib/gcc/arm-none-eabi/13.3.1/thumb/v7e-m+fp/hard/crtend.o
LOAD C:/ST/STM32CubeIDE_1.19.0/STM32CubeIDE/plugins/com.st.stm32cube.ide.mcu.externaltools.gnu-tools-for-stm32.13.3.rel1.win32_1.0.0.202411081344/tools/bin/../lib/gcc/arm-none-eabi/13.3.1/thumb/v7e-m+fp/hard/crtn.o
                0x20020000                        _estack = (ORIGIN (RAM) + LENGTH (RAM))
                0x00000200                        _Min_Heap_Size = 0x200
                0x00000400                        _Min_Stack_Size = 0x400

.isr_vector     0x08000000      0x1c4
                0x08000000                        . = ALIGN (0x4)
 *(.isr_vector)
 .isr_vector    0x08000000      0x1c4 ./Core/Startup/startup_stm32f446retx.o
                0x08000000                g_pfnVectors
                0x080001c4                        . = ALIGN (0x4)

.text           0x080001d0    0x10428
                0x080001d0                        . = ALIGN (0x4)
 *(.text)
 .text          0x080001d0       0x40 C:/ST/STM32CubeIDE_1.19.0/STM32CubeIDE/plugins/com.st.stm32cube.ide.mcu.externaltools.gnu-tools-for-stm32.13.3.rel1.win32_1.0.0.202411081344/tools/bin/../lib/gcc/arm-none-eabi/13.3.1/thumb/v7e-m+fp/hard/crtbegin.o
 .text          0x08000210       0xa0 C:/ST/STM32CubeIDE_1.19.0/STM32CubeIDE/plugins/com.st.stm32cube.ide.mcu.externaltools.gnu-tools-for-stm32.13.3.rel1.win32_1.0.0.202411081344/tools/bin/../lib/gcc/arm-none-eabi/13.3.1/../../../../arm-none-eabi/lib/thumb/v7e-m+fp/hard\libc_nano.a(libc_a-memchr.o)
                0x08000210                memchr
 .text          0x080002b0       0x10 C:/ST/STM32CubeIDE_1.19.0/STM32CubeIDE/plugins/com.st.stm32cube.ide.mcu.externaltools.gnu-tools-for-stm32.13.3.rel1.win32_1.0.0.202411081344/tools/bin/../lib/gcc/arm-none-eabi/13.3.1/../../../../arm-none-eabi/lib/thumb/v7e-m+fp/hard\libc_nano.a(libc_a-strlen.o)
                0x080002b0                strlen
 .text          0x080002c0      0x378 C:/ST/STM32CubeIDE_1.19.0/STM32CubeIDE/plugins/com.st.stm32cube.ide.mcu.externaltools.gnu-tools-for-stm32.13.3.rel1.win32_1.0.0.202411081344/tools/bin/../lib/gcc/arm-none-eabi/13.3.1/thumb/v7e-m+fp/hard\libgcc.a(_arm_addsubdf3.o)
                0x080002c0                __aeabi_drsub
                0x080002c8                __aeabi_dsub
                0x080002c8                __subdf3
                0x080002cc                __aeabi_dadd
                0x080002cc                __adddf3
                0x08000544                __floatunsidf
                0x08000544                __aeabi_ui2d
                0x08000564                __floatsidf
                0x08000564                __aeabi_i2d
                0x08000588                __aeabi_f2d
                0x08000588                __extendsfdf2
                0x080005cc                __floatundidf
                0x080005cc                __aeabi_ul2d
                0x080005dc                __floatdidf
                0x080005dc                __aeabi_l2d
 .text          0x08000638      0x424 C:/ST/STM32CubeIDE_1.19.0/STM32CubeIDE/plugins/com.st.stm32cube.ide.mcu.externaltools.gnu-tools-for-stm32.13.3.rel1.win32_1.0.0.202411081344/tools/bin/../lib/gcc/arm-none-eabi/13.3.1/thumb/v7e-m+fp/hard\libgcc.a(_arm_muldivdf3.o)
                0x08000638                __aeabi_dmul
                0x08000638                __muldf3
                0x0800088c                __divdf3
                0x0800088c                __aeabi_ddiv
 .text          0x08000a5c      0x110 C:/ST/STM32CubeIDE_1.19.0/STM32CubeIDE/plugins/com.st.stm32cube.ide.mcu.externaltools.gnu-tools-for-stm32.13.3.rel1.win32_1.0.0.202411081344/tools/bin/../lib/gcc/arm-none-eabi/13.3.1/thumb/v7e-m+fp/hard\libgcc.a(_arm_cmpdf2.o)
                0x08000a5c                __gtdf2
                0x08000a5c                __gedf2
                0x08000a64                __ltdf2
                0x08000a64                __ledf2
                0x08000a6c                __nedf2
                0x08000a6c                __eqdf2
                0x08000a6c                __cmpdf2
                0x08000ae8                __aeabi_cdrcmple
                0x08000af8                __aeabi_cdcmpeq
                0x08000af8                __aeabi_cdcmple
                0x08000b08                __aeabi_dcmpeq
                0x08000b1c                __aeabi_dcmplt
                0x08000b30                __aeabi_dcmple
                0x08000b44                __aeabi_dcmpge
                0x08000b58                __aeabi_dcmpgt
 .text          0x08000b6c       0x2c C:/ST/STM32CubeIDE_1.19.0/STM32CubeIDE/plugins/com.st.stm32cube.ide.mcu.externaltools.gnu-tools-for-stm32.13.3.rel1.win32_1.0.0.202411081344/tools/bin/../lib/gcc/arm-none-eabi/13.3.1/thumb/v7e-m+fp/hard\libgcc.a(_arm_unorddf2.o)
                0x08000b6c                __unorddf2
                0x08000b6c                __aeabi_dcmpun
 .text          0x08000b98       0x50 C:/ST/STM32CubeIDE_1.19.0/STM32CubeIDE/plugins/com.st.stm32cube.ide.mcu.externaltools.gnu-tools-for-stm32.13.3.rel1.win32_1.0.0.202411081344/tools/bin/../lib/gcc/arm-none-eabi/13.3.1/thumb/v7e-m+fp/hard\libgcc.a(_arm_fixdfsi.o)
                0x08000b98                __aeabi_d2iz
                0x08000b98                __fixdfsi
 .text          0x08000be8       0x30 C:/ST/STM32CubeIDE_1.19.0/STM32CubeIDE/plugins/com.st.stm32cube.ide.mcu.externaltools.gnu-tools-for-stm32.13.3.rel1.win32_1.0.0.202411081344/tools/bin/../lib/gcc/arm-none-eabi/13.3.1/thumb/v7e-m+fp/hard\libgcc.a(_aeabi_uldivmod.o)
                0x08000be8                __aeabi_uldivmod
 .text          0x08000c18      0x2f8 C:/ST/STM32CubeIDE_1.19.0/STM32CubeIDE/plugins/com.st.stm32cube.ide.mcu.externaltools.gnu-tools-for-stm32.13.3.rel1.win32_1.0.0.202411081344/tools/bin/../lib/gcc/arm-none-eabi/13.3.1/thumb/v7e-m+fp/hard\libgcc.a(_udivmoddi4.o)
                0x08000c18                __udivmoddi4
 .text          0x08000f10        0x4 C:/ST/STM32CubeIDE_1.19.0/STM32CubeIDE/plugins/com.st.stm32cube.ide.mcu.externaltools.gnu-tools-for-stm32.13.3.rel1.win32_1.0.0.202411081344/tools/bin/../lib/gcc/arm-none-eabi/13.3.1/thumb/v7e-m+fp/hard\libgcc.a(_dvmd_tls.o)
                0x08000f10                __aeabi_idiv0
                0x08000f10                __aeabi_ldiv0
 *(.text*)
 .text.red_led_set
                0x08000f14       0x2c ./Core/Src/app_tasks.o
 .text.red_led_toggle
                0x08000f40       0x14 ./Core/Src/app_tasks.o
 .text.green_led_set
                0x08000f54       0x2c ./Core/Src/app_tasks.o
 .text.green_led_toggle
                0x08000f80       0x14 ./Core/Src/app_tasks.o
 .text.buzzer_set
                0x08000f94       0x2c ./Core/Src/app_tasks.o
 .text.buzzer_toggle
                0x08000fc0       0x14 ./Core/Src/app_tasks.o
 .text.app_tasks_create_all
                0x08000fd4      0x274 ./Core/Src/app_tasks.o
                0x08000fd4                app_tasks_create_all
 .text.publish_sensor_msg
                0x08001248       0x60 ./Core/Src/app_tasks.o
 .text.heartbeat
                0x080012a8       0x2c ./Core/Src/app_tasks.o
 .text.set_system_state
                0x080012d4       0xa8 ./Core/Src/app_tasks.o
 .text.DhtTask  0x0800137c      0x120 ./Core/Src/app_tasks.o
 .text.MaxTask  0x0800149c       0xe4 ./Core/Src/app_tasks.o
 .text.MpuTask  0x08001580      0x118 ./Core/Src/app_tasks.o
 .text.Mq2Task  0x08001698       0xc8 ./Core/Src/app_tasks.o
 .text.Ds18Task
                0x08001760      0x15c ./Core/Src/app_tasks.o
 .text.update_snapshot_from_msg
                0x080018bc      0x180 ./Core/Src/app_tasks.o
 .text.evaluate_snapshot
                0x08001a3c      0x70c ./Core/Src/app_tasks.o
 .text.highest_cause_name
                0x08002148      0x110 ./Core/Src/app_tasks.o
 .text.demo_mode_name
                0x08002258       0x68 ./Core/Src/app_tasks.o
 .text.log_state_causes
                0x080022c0       0xe4 ./Core/Src/app_tasks.o
 .text.decision_warmup_with_queue_drain
                0x080023a4       0x7c ./Core/Src/app_tasks.o
 .text.DecisionTask
                0x08002420      0x2e8 ./Core/Src/app_tasks.o
 .text.UiTask   0x08002708      0x2fc ./Core/Src/app_tasks.o
 .text.EspTask  0x08002a04      0x1ec ./Core/Src/app_tasks.o
 .text.check_task_deadline
                0x08002bf0       0x44 ./Core/Src/app_tasks.o
 .text.SupervisorTask
                0x08002c34      0x174 ./Core/Src/app_tasks.o
 .text.state_to_str
                0x08002da8       0x98 ./Core/Src/app_tasks.o
 .text.debug_init
                0x08002e40       0x3c ./Core/Src/debug.o
                0x08002e40                debug_init
 .text.debug_log
                0x08002e7c       0xac ./Core/Src/debug.o
                0x08002e7c                debug_log
 .text.dht11_init
                0x08002f28       0x1c ./Core/Src/drv_dht11.o
                0x08002f28                dht11_init
 .text.dht11_read
                0x08002f44      0x17c ./Core/Src/drv_dht11.o
                0x08002f44                dht11_read
 .text.dwt_delay_init
                0x080030c0       0x40 ./Core/Src/drv_dht11.o
 .text.delay_us
                0x08003100       0x48 ./Core/Src/drv_dht11.o
 .text.dht11_set_output
                0x08003148       0x3c ./Core/Src/drv_dht11.o
 .text.dht11_set_input
                0x08003184       0x38 ./Core/Src/drv_dht11.o
 .text.wait_for_pin_state
                0x080031bc       0x68 ./Core/Src/drv_dht11.o
 .text.ds18b20_init
                0x08003224       0x1c ./Core/Src/drv_ds18b20.o
                0x08003224                ds18b20_init
 .text.ds18b20_start_conversion
                0x08003240       0x2a ./Core/Src/drv_ds18b20.o
                0x08003240                ds18b20_start_conversion
 .text.ds18b20_read_temp_c
                0x0800326a       0xae ./Core/Src/drv_ds18b20.o
                0x0800326a                ds18b20_read_temp_c
 .text.dwt_delay_init
                0x08003318       0x48 ./Core/Src/drv_ds18b20.o
 .text.delay_us
                0x08003360       0x48 ./Core/Src/drv_ds18b20.o
 .text.bus_drive_low
                0x080033a8       0x18 ./Core/Src/drv_ds18b20.o
 .text.bus_release_high
                0x080033c0       0x18 ./Core/Src/drv_ds18b20.o
 .text.bus_read_level
                0x080033d8       0x24 ./Core/Src/drv_ds18b20.o
 .text.onewire_reset_pulse
                0x080033fc       0x52 ./Core/Src/drv_ds18b20.o
 .text.onewire_write_bit
                0x0800344e       0x46 ./Core/Src/drv_ds18b20.o
 .text.onewire_read_bit
                0x08003494       0x3a ./Core/Src/drv_ds18b20.o
 .text.onewire_write_byte
                0x080034ce       0x3a ./Core/Src/drv_ds18b20.o
 .text.onewire_read_byte
                0x08003508       0x3e ./Core/Src/drv_ds18b20.o
 .text.ds18b20_crc8
                0x08003546       0x78 ./Core/Src/drv_ds18b20.o
 .text.esp_uart_init
                0x080035be       0x10 ./Core/Src/drv_esp_uart.o
                0x080035be                esp_uart_init
 *fill*         0x080035ce        0x2 
 .text.esp_uart_send_line
                0x080035d0       0x74 ./Core/Src/drv_esp_uart.o
                0x080035d0                esp_uart_send_line
 .text.lcd_i2c_init
                0x08003644       0x60 ./Core/Src/drv_lcd_i2c.o
                0x08003644                lcd_i2c_init
 .text.lcd_i2c_write_lines
                0x080036a4       0x40 ./Core/Src/drv_lcd_i2c.o
                0x080036a4                lcd_i2c_write_lines
 .text.lcd_expander_write
                0x080036e4       0x28 ./Core/Src/drv_lcd_i2c.o
 .text.lcd_pulse
                0x0800370c       0x54 ./Core/Src/drv_lcd_i2c.o
 .text.lcd_write4
                0x08003760       0x44 ./Core/Src/drv_lcd_i2c.o
 .text.lcd_write_cmd
                0x080037a4       0x36 ./Core/Src/drv_lcd_i2c.o
 .text.lcd_write_data
                0x080037da       0x30 ./Core/Src/drv_lcd_i2c.o
 *fill*         0x0800380a        0x2 
 .text.lcd_set_cursor
                0x0800380c       0x38 ./Core/Src/drv_lcd_i2c.o
 .text.lcd_print_padded
                0x08003844       0x78 ./Core/Src/drv_lcd_i2c.o
 .text.max30102_init
                0x080038bc      0x140 ./Core/Src/drv_max30102.o
                0x080038bc                max30102_init
 .text.max30102_read
                0x080039fc      0x378 ./Core/Src/drv_max30102.o
                0x080039fc                max30102_read
 .text.process_single_sample
                0x08003d74      0x644 ./Core/Src/drv_max30102.o
 .text.ibi_push
                0x080043b8       0x68 ./Core/Src/drv_max30102.o
 .text.ibi_median_ms
                0x08004420      0x118 ./Core/Src/drv_max30102.o
 .text.reg_write
                0x08004538       0x38 ./Core/Src/drv_max30102.o
 .text.reg_read
                0x08004570       0x34 ./Core/Src/drv_max30102.o
 .text.burst_read
                0x080045a4       0x38 ./Core/Src/drv_max30102.o
 .text.reset_state
                0x080045dc       0x18 ./Core/Src/drv_max30102.o
 .text.mpu6050_init
                0x080045f4      0x114 ./Core/Src/drv_mpu6050.o
                0x080045f4                mpu6050_init
 .text.mpu6050_read
                0x08004708      0x180 ./Core/Src/drv_mpu6050.o
                0x08004708                mpu6050_read
 .text.reg_write
                0x08004888       0x44 ./Core/Src/drv_mpu6050.o
 .text.reg_read
                0x080048cc       0x40 ./Core/Src/drv_mpu6050.o
 .text.burst_read
                0x0800490c       0x44 ./Core/Src/drv_mpu6050.o
 .text.absf_local
                0x08004950       0x34 ./Core/Src/drv_mpu6050.o
 .text.mq2_init
                0x08004984       0x30 ./Core/Src/drv_mq2.o
                0x08004984                mq2_init
 .text.mq2_read
                0x080049b4       0xd4 ./Core/Src/drv_mq2.o
                0x080049b4                mq2_read
 .text.read_adc_once
                0x08004a88       0x48 ./Core/Src/drv_mq2.o
 .text.event_log_init
                0x08004ad0       0x2c ./Core/Src/event_log.o
                0x08004ad0                event_log_init
 .text.event_log_push
                0x08004afc       0x98 ./Core/Src/event_log.o
                0x08004afc                event_log_push
 .text.main     0x08004b94       0x4c ./Core/Src/main.o
                0x08004b94                main
 .text.SystemClock_Config
                0x08004be0       0xdc ./Core/Src/main.o
                0x08004be0                SystemClock_Config
 .text.MX_ADC1_Init
                0x08004cbc       0xa4 ./Core/Src/main.o
 .text.MX_I2C1_Init
                0x08004d60       0x5c ./Core/Src/main.o
 .text.MX_USART1_UART_Init
                0x08004dbc       0x54 ./Core/Src/main.o
 .text.MX_USART2_UART_Init
                0x08004e10       0x54 ./Core/Src/main.o
 .text.MX_GPIO_Init
                0x08004e64      0x19c ./Core/Src/main.o
 .text.StartDefaultTask
                0x08005000       0x10 ./Core/Src/main.o
                0x08005000                StartDefaultTask
 .text.HAL_TIM_PeriodElapsedCallback
                0x08005010       0x24 ./Core/Src/main.o
                0x08005010                HAL_TIM_PeriodElapsedCallback
 .text.Error_Handler
                0x08005034        0xc ./Core/Src/main.o
                0x08005034                Error_Handler
 .text.HAL_MspInit
                0x08005040       0x58 ./Core/Src/stm32f4xx_hal_msp.o
                0x08005040                HAL_MspInit
 .text.HAL_ADC_MspInit
                0x08005098       0x88 ./Core/Src/stm32f4xx_hal_msp.o
                0x08005098                HAL_ADC_MspInit
 .text.HAL_I2C_MspInit
                0x08005120       0x90 ./Core/Src/stm32f4xx_hal_msp.o
                0x08005120                HAL_I2C_MspInit
 .text.HAL_UART_MspInit
                0x080051b0       0xf8 ./Core/Src/stm32f4xx_hal_msp.o
                0x080051b0                HAL_UART_MspInit
 .text.HAL_InitTick
                0x080052a8       0xf8 ./Core/Src/stm32f4xx_hal_timebase_tim.o
                0x080052a8                HAL_InitTick
 .text.NMI_Handler
                0x080053a0        0x8 ./Core/Src/stm32f4xx_it.o
                0x080053a0                NMI_Handler
 .text.HardFault_Handler
                0x080053a8        0x8 ./Core/Src/stm32f4xx_it.o
                0x080053a8                HardFault_Handler
 .text.MemManage_Handler
                0x080053b0        0x8 ./Core/Src/stm32f4xx_it.o
                0x080053b0                MemManage_Handler
 .text.BusFault_Handler
                0x080053b8        0x8 ./Core/Src/stm32f4xx_it.o
                0x080053b8                BusFault_Handler
 .text.UsageFault_Handler
                0x080053c0        0x8 ./Core/Src/stm32f4xx_it.o
                0x080053c0                UsageFault_Handler
 .text.DebugMon_Handler
                0x080053c8        0xe ./Core/Src/stm32f4xx_it.o
                0x080053c8                DebugMon_Handler
 .text.EXTI4_IRQHandler
                0x080053d6        0xe ./Core/Src/stm32f4xx_it.o
                0x080053d6                EXTI4_IRQHandler
 .text.EXTI9_5_IRQHandler
                0x080053e4        0xe ./Core/Src/stm32f4xx_it.o
                0x080053e4                EXTI9_5_IRQHandler
 .text.EXTI15_10_IRQHandler
                0x080053f2       0x10 ./Core/Src/stm32f4xx_it.o
                0x080053f2                EXTI15_10_IRQHandler
 *fill*         0x08005402        0x2 
 .text.TIM6_DAC_IRQHandler
                0x08005404       0x14 ./Core/Src/stm32f4xx_it.o
                0x08005404                TIM6_DAC_IRQHandler
 .text._getpid  0x08005418       0x10 ./Core/Src/syscalls.o
                0x08005418                _getpid
 .text._kill    0x08005428       0x20 ./Core/Src/syscalls.o
                0x08005428                _kill
 .text._exit    0x08005448       0x16 ./Core/Src/syscalls.o
                0x08005448                _exit
 .text._read    0x0800545e       0x3a ./Core/Src/syscalls.o
                0x0800545e                _read
 .text._write   0x08005498       0x38 ./Core/Src/syscalls.o
                0x08005498                _write
 .text._close   0x080054d0       0x18 ./Core/Src/syscalls.o
                0x080054d0                _close
 .text._fstat   0x080054e8       0x20 ./Core/Src/syscalls.o
                0x080054e8                _fstat
 .text._isatty  0x08005508       0x16 ./Core/Src/syscalls.o
                0x08005508                _isatty
 .text._lseek   0x0800551e       0x1a ./Core/Src/syscalls.o
                0x0800551e                _lseek
 .text._sbrk    0x08005538       0x6c ./Core/Src/sysmem.o
                0x08005538                _sbrk
 .text.SystemInit
                0x080055a4       0x24 ./Core/Src/system_stm32f4xx.o
                0x080055a4                SystemInit
 .text.ui_init  0x080055c8       0x9c ./Core/Src/ui.o
                0x080055c8                ui_init
 .text.ui_acknowledge
                0x08005664       0x1c ./Core/Src/ui.o
                0x08005664                ui_acknowledge
 .text.ui_update
                0x08005680       0x8c ./Core/Src/ui.o
                0x08005680                ui_update
 .text.state_name
                0x0800570c       0x98 ./Core/Src/ui.o
 .text.format_lines
                0x080057a4      0x278 ./Core/Src/ui.o
 .text.write_lines_if_changed
                0x08005a1c       0x94 ./Core/Src/ui.o
 .text.Reset_Handler
                0x08005ab0       0x50 ./Core/Startup/startup_stm32f446retx.o
                0x08005ab0                Reset_Handler
 .text.Default_Handler
                0x08005b00        0x2 ./Core/Startup/startup_stm32f446retx.o
                0x08005b00                RTC_Alarm_IRQHandler
                0x08005b00                EXTI2_IRQHandler
                0x08005b00                TIM8_CC_IRQHandler
                0x08005b00                FMPI2C1_EV_IRQHandler
                0x08005b00                SPI4_IRQHandler
                0x08005b00                TIM1_CC_IRQHandler
                0x08005b00                DMA2_Stream5_IRQHandler
                0x08005b00                DMA1_Stream5_IRQHandler
                0x08005b00                PVD_IRQHandler
                0x08005b00                SDIO_IRQHandler
                0x08005b00                TAMP_STAMP_IRQHandler
                0x08005b00                CAN2_RX1_IRQHandler
                0x08005b00                EXTI3_IRQHandler
                0x08005b00                TIM8_TRG_COM_TIM14_IRQHandler
                0x08005b00                TIM1_UP_TIM10_IRQHandler
                0x08005b00                TIM8_UP_TIM13_IRQHandler
                0x08005b00                I2C3_ER_IRQHandler
                0x08005b00                EXTI0_IRQHandler
                0x08005b00                I2C2_EV_IRQHandler
                0x08005b00                DMA1_Stream2_IRQHandler
                0x08005b00                CAN1_RX0_IRQHandler
                0x08005b00                FPU_IRQHandler
                0x08005b00                OTG_HS_WKUP_IRQHandler
                0x08005b00                CAN2_SCE_IRQHandler
                0x08005b00                DMA2_Stream2_IRQHandler
                0x08005b00                SPI1_IRQHandler
                0x08005b00                TIM1_BRK_TIM9_IRQHandler
                0x08005b00                DCMI_IRQHandler
                0x08005b00                CAN2_RX0_IRQHandler
                0x08005b00                DMA2_Stream3_IRQHandler
                0x08005b00                SAI2_IRQHandler
                0x08005b00                USART6_IRQHandler
                0x08005b00                USART3_IRQHandler
                0x08005b00                CAN1_RX1_IRQHandler
                0x08005b00                UART5_IRQHandler
                0x08005b00                DMA2_Stream0_IRQHandler
                0x08005b00                TIM4_IRQHandler
                0x08005b00                QUADSPI_IRQHandler
                0x08005b00                I2C1_EV_IRQHandler
                0x08005b00                DMA1_Stream6_IRQHandler
                0x08005b00                DMA1_Stream1_IRQHandler
                0x08005b00                UART4_IRQHandler
                0x08005b00                TIM3_IRQHandler
                0x08005b00                RCC_IRQHandler
                0x08005b00                TIM8_BRK_TIM12_IRQHandler
                0x08005b00                Default_Handler
                0x08005b00                CEC_IRQHandler
                0x08005b00                ADC_IRQHandler
                0x08005b00                DMA1_Stream7_IRQHandler
                0x08005b00                TIM7_IRQHandler
                0x08005b00                CAN2_TX_IRQHandler
                0x08005b00                TIM5_IRQHandler
                0x08005b00                DMA2_Stream7_IRQHandler
                0x08005b00                I2C3_EV_IRQHandler
                0x08005b00                RTC_WKUP_IRQHandler
                0x08005b00                SPDIF_RX_IRQHandler
                0x08005b00                SPI2_IRQHandler
                0x08005b00                OTG_HS_EP1_IN_IRQHandler
                0x08005b00                DMA1_Stream0_IRQHandler
                0x08005b00                CAN1_TX_IRQHandler
                0x08005b00                FMPI2C1_ER_IRQHandler
                0x08005b00                OTG_HS_EP1_OUT_IRQHandler
                0x08005b00                WWDG_IRQHandler
                0x08005b00                TIM2_IRQHandler
                0x08005b00                OTG_FS_WKUP_IRQHandler
                0x08005b00                TIM1_TRG_COM_TIM11_IRQHandler
                0x08005b00                OTG_HS_IRQHandler
                0x08005b00                EXTI1_IRQHandler
                0x08005b00                USART2_IRQHandler
                0x08005b00                I2C2_ER_IRQHandler
                0x08005b00                DMA2_Stream1_IRQHandler
                0x08005b00                CAN1_SCE_IRQHandler
                0x08005b00                FLASH_IRQHandler
                0x08005b00                DMA2_Stream4_IRQHandler
                0x08005b00                USART1_IRQHandler
                0x08005b00                OTG_FS_IRQHandler
                0x08005b00                SPI3_IRQHandler
                0x08005b00                DMA1_Stream4_IRQHandler
                0x08005b00                I2C1_ER_IRQHandler
                0x08005b00                FMC_IRQHandler
                0x08005b00                DMA2_Stream6_IRQHandler
                0x08005b00                SAI1_IRQHandler
                0x08005b00                DMA1_Stream3_IRQHandler
 *fill*         0x08005b02        0x2 
 .text.HAL_Init
                0x08005b04       0x44 ./Drivers/STM32F4xx_HAL_Driver/Src/stm32f4xx_hal.o
                0x08005b04                HAL_Init
 .text.HAL_IncTick
                0x08005b48       0x28 ./Drivers/STM32F4xx_HAL_Driver/Src/stm32f4xx_hal.o
                0x08005b48                HAL_IncTick
 .text.HAL_GetTick
                0x08005b70       0x18 ./Drivers/STM32F4xx_HAL_Driver/Src/stm32f4xx_hal.o
                0x08005b70                HAL_GetTick
 .text.HAL_Delay
                0x08005b88       0x48 ./Drivers/STM32F4xx_HAL_Driver/Src/stm32f4xx_hal.o
                0x08005b88                HAL_Delay
 .text.HAL_ADC_Init
                0x08005bd0       0x86 ./Drivers/STM32F4xx_HAL_Driver/Src/stm32f4xx_hal_adc.o
                0x08005bd0                HAL_ADC_Init
 *fill*         0x08005c56        0x2 
 .text.HAL_ADC_Start
                0x08005c58      0x1a4 ./Drivers/STM32F4xx_HAL_Driver/Src/stm32f4xx_hal_adc.o
                0x08005c58                HAL_ADC_Start
 .text.HAL_ADC_Stop
                0x08005dfc       0x66 ./Drivers/STM32F4xx_HAL_Driver/Src/stm32f4xx_hal_adc.o
                0x08005dfc                HAL_ADC_Stop
 .text.HAL_ADC_PollForConversion
                0x08005e62      0x116 ./Drivers/STM32F4xx_HAL_Driver/Src/stm32f4xx_hal_adc.o
                0x08005e62                HAL_ADC_PollForConversion
 .text.HAL_ADC_GetValue
                0x08005f78       0x1a ./Drivers/STM32F4xx_HAL_Driver/Src/stm32f4xx_hal_adc.o
                0x08005f78                HAL_ADC_GetValue
 *fill*         0x08005f92        0x2 
 .text.HAL_ADC_ConfigChannel
                0x08005f94      0x264 ./Drivers/STM32F4xx_HAL_Driver/Src/stm32f4xx_hal_adc.o
                0x08005f94                HAL_ADC_ConfigChannel
 .text.ADC_Init
                0x080061f8      0x1f8 ./Drivers/STM32F4xx_HAL_Driver/Src/stm32f4xx_hal_adc.o
 .text.__NVIC_SetPriorityGrouping
                0x080063f0       0x48 ./Drivers/STM32F4xx_HAL_Driver/Src/stm32f4xx_hal_cortex.o
 .text.__NVIC_GetPriorityGrouping
                0x08006438       0x1c ./Drivers/STM32F4xx_HAL_Driver/Src/stm32f4xx_hal_cortex.o
 .text.__NVIC_EnableIRQ
                0x08006454       0x3c ./Drivers/STM32F4xx_HAL_Driver/Src/stm32f4xx_hal_cortex.o
 .text.__NVIC_SetPriority
                0x08006490       0x54 ./Drivers/STM32F4xx_HAL_Driver/Src/stm32f4xx_hal_cortex.o
 .text.NVIC_EncodePriority
                0x080064e4       0x66 ./Drivers/STM32F4xx_HAL_Driver/Src/stm32f4xx_hal_cortex.o
 .text.HAL_NVIC_SetPriorityGrouping
                0x0800654a       0x16 ./Drivers/STM32F4xx_HAL_Driver/Src/stm32f4xx_hal_cortex.o
                0x0800654a                HAL_NVIC_SetPriorityGrouping
 .text.HAL_NVIC_SetPriority
                0x08006560       0x38 ./Drivers/STM32F4xx_HAL_Driver/Src/stm32f4xx_hal_cortex.o
                0x08006560                HAL_NVIC_SetPriority
 .text.HAL_NVIC_EnableIRQ
                0x08006598       0x1c ./Drivers/STM32F4xx_HAL_Driver/Src/stm32f4xx_hal_cortex.o
                0x08006598                HAL_NVIC_EnableIRQ
 .text.HAL_GPIO_Init
                0x080065b4      0x328 ./Drivers/STM32F4xx_HAL_Driver/Src/stm32f4xx_hal_gpio.o
                0x080065b4                HAL_GPIO_Init
 .text.HAL_GPIO_ReadPin
                0x080068dc       0x30 ./Drivers/STM32F4xx_HAL_Driver/Src/stm32f4xx_hal_gpio.o
                0x080068dc                HAL_GPIO_ReadPin
 .text.HAL_GPIO_WritePin
                0x0800690c       0x32 ./Drivers/STM32F4xx_HAL_Driver/Src/stm32f4xx_hal_gpio.o
                0x0800690c                HAL_GPIO_WritePin
 .text.HAL_GPIO_TogglePin
                0x0800693e       0x34 ./Drivers/STM32F4xx_HAL_Driver/Src/stm32f4xx_hal_gpio.o
                0x0800693e                HAL_GPIO_TogglePin
 *fill*         0x08006972        0x2 
 .text.HAL_GPIO_EXTI_IRQHandler
                0x08006974       0x30 ./Drivers/STM32F4xx_HAL_Driver/Src/stm32f4xx_hal_gpio.o
                0x08006974                HAL_GPIO_EXTI_IRQHandler
 .text.HAL_GPIO_EXTI_Callback
                0x080069a4       0x16 ./Drivers/STM32F4xx_HAL_Driver/Src/stm32f4xx_hal_gpio.o
                0x080069a4                HAL_GPIO_EXTI_Callback
 *fill*         0x080069ba        0x2 
 .text.HAL_I2C_Init
                0x080069bc      0x288 ./Drivers/STM32F4xx_HAL_Driver/Src/stm32f4xx_hal_i2c.o
                0x080069bc                HAL_I2C_Init
 .text.HAL_I2C_Master_Transmit
                0x08006c44      0x1fc ./Drivers/STM32F4xx_HAL_Driver/Src/stm32f4xx_hal_i2c.o
                0x08006c44                HAL_I2C_Master_Transmit
 .text.HAL_I2C_Mem_Write
                0x08006e40      0x1f4 ./Drivers/STM32F4xx_HAL_Driver/Src/stm32f4xx_hal_i2c.o
                0x08006e40                HAL_I2C_Mem_Write
 .text.HAL_I2C_Mem_Read
                0x08007034      0x464 ./Drivers/STM32F4xx_HAL_Driver/Src/stm32f4xx_hal_i2c.o
                0x08007034                HAL_I2C_Mem_Read
 .text.I2C_MasterRequestWrite
                0x08007498      0x104 ./Drivers/STM32F4xx_HAL_Driver/Src/stm32f4xx_hal_i2c.o
 .text.I2C_RequestMemoryWrite
                0x0800759c      0x12c ./Drivers/STM32F4xx_HAL_Driver/Src/stm32f4xx_hal_i2c.o
 .text.I2C_RequestMemoryRead
                0x080076c8      0x1d0 ./Drivers/STM32F4xx_HAL_Driver/Src/stm32f4xx_hal_i2c.o
 .text.I2C_WaitOnFlagUntilTimeout
                0x08007898       0xf4 ./Drivers/STM32F4xx_HAL_Driver/Src/stm32f4xx_hal_i2c.o
 .text.I2C_WaitOnMasterAddressFlagUntilTimeout
                0x0800798c      0x140 ./Drivers/STM32F4xx_HAL_Driver/Src/stm32f4xx_hal_i2c.o
 .text.I2C_WaitOnTXEFlagUntilTimeout
                0x08007acc       0x90 ./Drivers/STM32F4xx_HAL_Driver/Src/stm32f4xx_hal_i2c.o
 .text.I2C_WaitOnBTFFlagUntilTimeout
                0x08007b5c       0x90 ./Drivers/STM32F4xx_HAL_Driver/Src/stm32f4xx_hal_i2c.o
 .text.I2C_WaitOnRXNEFlagUntilTimeout
                0x08007bec       0xba ./Drivers/STM32F4xx_HAL_Driver/Src/stm32f4xx_hal_i2c.o
 .text.I2C_IsAcknowledgeFailed
                0x08007ca6       0x5e ./Drivers/STM32F4xx_HAL_Driver/Src/stm32f4xx_hal_i2c.o
 .text.HAL_RCC_ClockConfig
                0x08007d04      0x1cc ./Drivers/STM32F4xx_HAL_Driver/Src/stm32f4xx_hal_rcc.o
                0x08007d04                HAL_RCC_ClockConfig
 .text.HAL_RCC_GetHCLKFreq
                0x08007ed0       0x18 ./Drivers/STM32F4xx_HAL_Driver/Src/stm32f4xx_hal_rcc.o
                0x08007ed0                HAL_RCC_GetHCLKFreq
 .text.HAL_RCC_GetPCLK1Freq
                0x08007ee8       0x28 ./Drivers/STM32F4xx_HAL_Driver/Src/stm32f4xx_hal_rcc.o
                0x08007ee8                HAL_RCC_GetPCLK1Freq
 .text.HAL_RCC_GetPCLK2Freq
                0x08007f10       0x28 ./Drivers/STM32F4xx_HAL_Driver/Src/stm32f4xx_hal_rcc.o
                0x08007f10                HAL_RCC_GetPCLK2Freq
 .text.HAL_RCC_GetClockConfig
                0x08007f38       0x64 ./Drivers/STM32F4xx_HAL_Driver/Src/stm32f4xx_hal_rcc.o
                0x08007f38                HAL_RCC_GetClockConfig
 .text.HAL_RCC_GetSysClockFreq
                0x08007f9c      0x460 ./Drivers/STM32F4xx_HAL_Driver/Src/stm32f4xx_hal_rcc_ex.o
                0x08007f9c                HAL_RCC_GetSysClockFreq
 .text.HAL_RCC_OscConfig
                0x080083fc      0x53c ./Drivers/STM32F4xx_HAL_Driver/Src/stm32f4xx_hal_rcc_ex.o
                0x080083fc                HAL_RCC_OscConfig
 .text.HAL_TIM_Base_Init
                0x08008938       0x9e ./Drivers/STM32F4xx_HAL_Driver/Src/stm32f4xx_hal_tim.o
                0x08008938                HAL_TIM_Base_Init
 .text.HAL_TIM_Base_MspInit
                0x080089d6       0x14 ./Drivers/STM32F4xx_HAL_Driver/Src/stm32f4xx_hal_tim.o
                0x080089d6                HAL_TIM_Base_MspInit
 *fill*         0x080089ea        0x2 
 .text.HAL_TIM_Base_Start_IT
                0x080089ec       0xe0 ./Drivers/STM32F4xx_HAL_Driver/Src/stm32f4xx_hal_tim.o
                0x080089ec                HAL_TIM_Base_Start_IT
 .text.HAL_TIM_IRQHandler
                0x08008acc      0x1e0 ./Drivers/STM32F4xx_HAL_Driver/Src/stm32f4xx_hal_tim.o
                0x08008acc                HAL_TIM_IRQHandler
 .text.HAL_TIM_OC_DelayElapsedCallback
                0x08008cac       0x14 ./Drivers/STM32F4xx_HAL_Driver/Src/stm32f4xx_hal_tim.o
                0x08008cac                HAL_TIM_OC_DelayElapsedCallback
 .text.HAL_TIM_IC_CaptureCallback
                0x08008cc0       0x14 ./Drivers/STM32F4xx_HAL_Driver/Src/stm32f4xx_hal_tim.o
                0x08008cc0                HAL_TIM_IC_CaptureCallback
 .text.HAL_TIM_PWM_PulseFinishedCallback
                0x08008cd4       0x14 ./Drivers/STM32F4xx_HAL_Driver/Src/stm32f4xx_hal_tim.o
                0x08008cd4                HAL_TIM_PWM_PulseFinishedCallback
 .text.HAL_TIM_TriggerCallback
                0x08008ce8       0x14 ./Drivers/STM32F4xx_HAL_Driver/Src/stm32f4xx_hal_tim.o
                0x08008ce8                HAL_TIM_TriggerCallback
 .text.TIM_Base_SetConfig
                0x08008cfc      0x14c ./Drivers/STM32F4xx_HAL_Driver/Src/stm32f4xx_hal_tim.o
                0x08008cfc                TIM_Base_SetConfig
 .text.HAL_TIMEx_CommutCallback
                0x08008e48       0x14 ./Drivers/STM32F4xx_HAL_Driver/Src/stm32f4xx_hal_tim_ex.o
                0x08008e48                HAL_TIMEx_CommutCallback
 .text.HAL_TIMEx_BreakCallback
                0x08008e5c       0x14 ./Drivers/STM32F4xx_HAL_Driver/Src/stm32f4xx_hal_tim_ex.o
                0x08008e5c                HAL_TIMEx_BreakCallback
 .text.HAL_UART_Init
                0x08008e70       0xa0 ./Drivers/STM32F4xx_HAL_Driver/Src/stm32f4xx_hal_uart.o
                0x08008e70                HAL_UART_Init
 .text.HAL_UART_Transmit
                0x08008f10      0x116 ./Drivers/STM32F4xx_HAL_Driver/Src/stm32f4xx_hal_uart.o
                0x08008f10                HAL_UART_Transmit
 .text.UART_WaitOnFlagUntilTimeout
                0x08009026       0xb2 ./Drivers/STM32F4xx_HAL_Driver/Src/stm32f4xx_hal_uart.o
 .text.UART_EndRxTransfer
                0x080090d8       0xc6 ./Drivers/STM32F4xx_HAL_Driver/Src/stm32f4xx_hal_uart.o
 *fill*         0x0800919e        0x2 
 .text.UART_SetConfig
                0x080091a0      0x4e8 ./Drivers/STM32F4xx_HAL_Driver/Src/stm32f4xx_hal_uart.o
 .text.__NVIC_SetPriority
                0x08009688       0x54 ./Middlewares/Third_Party/FreeRTOS/Source/CMSIS_RTOS_V2/cmsis_os2.o
 .text.SysTick_Handler
                0x080096dc       0x20 ./Middlewares/Third_Party/FreeRTOS/Source/CMSIS_RTOS_V2/cmsis_os2.o
                0x080096dc                SysTick_Handler
 .text.SVC_Setup
                0x080096fc       0x12 ./Middlewares/Third_Party/FreeRTOS/Source/CMSIS_RTOS_V2/cmsis_os2.o
 *fill*         0x0800970e        0x2 
 .text.osKernelInitialize
                0x08009710       0x48 ./Middlewares/Third_Party/FreeRTOS/Source/CMSIS_RTOS_V2/cmsis_os2.o
                0x08009710                osKernelInitialize
 .text.osKernelGetState
                0x08009758       0x44 ./Middlewares/Third_Party/FreeRTOS/Source/CMSIS_RTOS_V2/cmsis_os2.o
                0x08009758                osKernelGetState
 .text.osKernelStart
                0x0800979c       0x4c ./Middlewares/Third_Party/FreeRTOS/Source/CMSIS_RTOS_V2/cmsis_os2.o
                0x0800979c                osKernelStart
 .text.osKernelGetTickCount
                0x080097e8       0x2a ./Middlewares/Third_Party/FreeRTOS/Source/CMSIS_RTOS_V2/cmsis_os2.o
                0x080097e8                osKernelGetTickCount
 .text.osThreadNew
                0x08009812      0x124 ./Middlewares/Third_Party/FreeRTOS/Source/CMSIS_RTOS_V2/cmsis_os2.o
                0x08009812                osThreadNew
 .text.osThreadGetId
                0x08009936       0x16 ./Middlewares/Third_Party/FreeRTOS/Source/CMSIS_RTOS_V2/cmsis_os2.o
                0x08009936                osThreadGetId
 .text.osThreadGetStackSpace
                0x0800994c       0x3a ./Middlewares/Third_Party/FreeRTOS/Source/CMSIS_RTOS_V2/cmsis_os2.o
                0x0800994c                osThreadGetStackSpace
 .text.osDelay  0x08009986       0x36 ./Middlewares/Third_Party/FreeRTOS/Source/CMSIS_RTOS_V2/cmsis_os2.o
                0x08009986                osDelay
 .text.osDelayUntil
                0x080099bc       0x5a ./Middlewares/Third_Party/FreeRTOS/Source/CMSIS_RTOS_V2/cmsis_os2.o
                0x080099bc                osDelayUntil
 .text.osEventFlagsNew
                0x08009a16       0x7e ./Middlewares/Third_Party/FreeRTOS/Source/CMSIS_RTOS_V2/cmsis_os2.o
                0x08009a16                osEventFlagsNew
 .text.osEventFlagsSet
                0x08009a94       0x84 ./Middlewares/Third_Party/FreeRTOS/Source/CMSIS_RTOS_V2/cmsis_os2.o
                0x08009a94                osEventFlagsSet
 .text.osEventFlagsClear
                0x08009b18       0x62 ./Middlewares/Third_Party/FreeRTOS/Source/CMSIS_RTOS_V2/cmsis_os2.o
                0x08009b18                osEventFlagsClear
 .text.osMutexNew
                0x08009b7a      0x10c ./Middlewares/Third_Party/FreeRTOS/Source/CMSIS_RTOS_V2/cmsis_os2.o
                0x08009b7a                osMutexNew
 .text.osMutexAcquire
                0x08009c86       0x96 ./Middlewares/Third_Party/FreeRTOS/Source/CMSIS_RTOS_V2/cmsis_os2.o
                0x08009c86                osMutexAcquire
 .text.osMutexRelease
                0x08009d1c       0x7a ./Middlewares/Third_Party/FreeRTOS/Source/CMSIS_RTOS_V2/cmsis_os2.o
                0x08009d1c                osMutexRelease
 .text.osMessageQueueNew
                0x08009d96       0xe6 ./Middlewares/Third_Party/FreeRTOS/Source/CMSIS_RTOS_V2/cmsis_os2.o
                0x08009d96                osMessageQueueNew
 .text.osMessageQueuePut
                0x08009e7c       0xc0 ./Middlewares/Third_Party/FreeRTOS/Source/CMSIS_RTOS_V2/cmsis_os2.o
                0x08009e7c                osMessageQueuePut
 .text.osMessageQueueGet
                0x08009f3c       0xbc ./Middlewares/Third_Party/FreeRTOS/Source/CMSIS_RTOS_V2/cmsis_os2.o
                0x08009f3c                osMessageQueueGet
 .text.osMessageQueueGetCount
                0x08009ff8       0x40 ./Middlewares/Third_Party/FreeRTOS/Source/CMSIS_RTOS_V2/cmsis_os2.o
                0x08009ff8                osMessageQueueGetCount
 .text.vApplicationGetIdleTaskMemory
                0x0800a038       0x34 ./Middlewares/Third_Party/FreeRTOS/Source/CMSIS_RTOS_V2/cmsis_os2.o
                0x0800a038                vApplicationGetIdleTaskMemory
 .text.vApplicationGetTimerTaskMemory
                0x0800a06c       0x34 ./Middlewares/Third_Party/FreeRTOS/Source/CMSIS_RTOS_V2/cmsis_os2.o
                0x0800a06c                vApplicationGetTimerTaskMemory
 .text.xEventGroupCreateStatic
                0x0800a0a0       0x72 ./Middlewares/Third_Party/FreeRTOS/Source/event_groups.o
                0x0800a0a0                xEventGroupCreateStatic
 .text.xEventGroupCreate
                0x0800a112       0x34 ./Middlewares/Third_Party/FreeRTOS/Source/event_groups.o
                0x0800a112                xEventGroupCreate
 .text.xEventGroupClearBits
                0x0800a146       0x72 ./Middlewares/Third_Party/FreeRTOS/Source/event_groups.o
                0x0800a146                xEventGroupClearBits
 .text.xEventGroupClearBitsFromISR
                0x0800a1b8       0x28 ./Middlewares/Third_Party/FreeRTOS/Source/event_groups.o
                0x0800a1b8                xEventGroupClearBitsFromISR
 .text.xEventGroupGetBitsFromISR
                0x0800a1e0       0x48 ./Middlewares/Third_Party/FreeRTOS/Source/event_groups.o
                0x0800a1e0                xEventGroupGetBitsFromISR
 .text.xEventGroupSetBits
                0x0800a228      0x118 ./Middlewares/Third_Party/FreeRTOS/Source/event_groups.o
                0x0800a228                xEventGroupSetBits
 .text.vEventGroupSetBitsCallback
                0x0800a340       0x1a ./Middlewares/Third_Party/FreeRTOS/Source/event_groups.o
                0x0800a340                vEventGroupSetBitsCallback
 .text.vEventGroupClearBitsCallback
                0x0800a35a       0x1a ./Middlewares/Third_Party/FreeRTOS/Source/event_groups.o
                0x0800a35a                vEventGroupClearBitsCallback
 .text.xEventGroupSetBitsFromISR
                0x0800a374       0x28 ./Middlewares/Third_Party/FreeRTOS/Source/event_groups.o
                0x0800a374                xEventGroupSetBitsFromISR
 .text.vListInitialise
                0x0800a39c       0x40 ./Middlewares/Third_Party/FreeRTOS/Source/list.o
                0x0800a39c                vListInitialise
 .text.vListInitialiseItem
                0x0800a3dc       0x1a ./Middlewares/Third_Party/FreeRTOS/Source/list.o
                0x0800a3dc                vListInitialiseItem
 .text.vListInsertEnd
                0x0800a3f6       0x48 ./Middlewares/Third_Party/FreeRTOS/Source/list.o
                0x0800a3f6                vListInsertEnd
 .text.vListInsert
                0x0800a43e       0x72 ./Middlewares/Third_Party/FreeRTOS/Source/list.o
                0x0800a43e                vListInsert
 .text.uxListRemove
                0x0800a4b0       0x54 ./Middlewares/Third_Party/FreeRTOS/Source/list.o
                0x0800a4b0                uxListRemove
 .text.xQueueGenericReset
                0x0800a504       0xd4 ./Middlewares/Third_Party/FreeRTOS/Source/queue.o
                0x0800a504                xQueueGenericReset
 .text.xQueueGenericCreateStatic
                0x0800a5d8       0xfa ./Middlewares/Third_Party/FreeRTOS/Source/queue.o
                0x0800a5d8                xQueueGenericCreateStatic
 .text.xQueueGenericCreate
                0x0800a6d2       0x76 ./Middlewares/Third_Party/FreeRTOS/Source/queue.o
                0x0800a6d2                xQueueGenericCreate
 .text.prvInitialiseNewQueue
                0x0800a748       0x46 ./Middlewares/Third_Party/FreeRTOS/Source/queue.o
 .text.prvInitialiseMutex
                0x0800a78e       0x34 ./Middlewares/Third_Party/FreeRTOS/Source/queue.o
 .text.xQueueCreateMutex
                0x0800a7c2       0x30 ./Middlewares/Third_Party/FreeRTOS/Source/queue.o
                0x0800a7c2                xQueueCreateMutex
 .text.xQueueCreateMutexStatic
                0x0800a7f2       0x36 ./Middlewares/Third_Party/FreeRTOS/Source/queue.o
                0x0800a7f2                xQueueCreateMutexStatic
 .text.xQueueGiveMutexRecursive
                0x0800a828       0x6a ./Middlewares/Third_Party/FreeRTOS/Source/queue.o
                0x0800a828                xQueueGiveMutexRecursive
 .text.xQueueTakeMutexRecursive
                0x0800a892       0x6e ./Middlewares/Third_Party/FreeRTOS/Source/queue.o
                0x0800a892                xQueueTakeMutexRecursive
 .text.xQueueGenericSend
                0x0800a900      0x204 ./Middlewares/Third_Party/FreeRTOS/Source/queue.o
                0x0800a900                xQueueGenericSend
 .text.xQueueGenericSendFromISR
                0x0800ab04      0x13c ./Middlewares/Third_Party/FreeRTOS/Source/queue.o
                0x0800ab04                xQueueGenericSendFromISR
 .text.xQueueReceive
                0x0800ac40      0x1c4 ./Middlewares/Third_Party/FreeRTOS/Source/queue.o
                0x0800ac40                xQueueReceive
 .text.xQueueSemaphoreTake
                0x0800ae04      0x220 ./Middlewares/Third_Party/FreeRTOS/Source/queue.o
                0x0800ae04                xQueueSemaphoreTake
 .text.xQueueReceiveFromISR
                0x0800b024      0x104 ./Middlewares/Third_Party/FreeRTOS/Source/queue.o
                0x0800b024                xQueueReceiveFromISR
 .text.uxQueueMessagesWaiting
                0x0800b128       0x3e ./Middlewares/Third_Party/FreeRTOS/Source/queue.o
                0x0800b128                uxQueueMessagesWaiting
 .text.uxQueueMessagesWaitingFromISR
                0x0800b166       0x3e ./Middlewares/Third_Party/FreeRTOS/Source/queue.o
                0x0800b166                uxQueueMessagesWaitingFromISR
 .text.prvGetDisinheritPriorityAfterTimeout
                0x0800b1a4       0x30 ./Middlewares/Third_Party/FreeRTOS/Source/queue.o
 .text.prvCopyDataToQueue
                0x0800b1d4       0xd4 ./Middlewares/Third_Party/FreeRTOS/Source/queue.o
 .text.prvCopyDataFromQueue
                0x0800b2a8       0x4c ./Middlewares/Third_Party/FreeRTOS/Source/queue.o
 .text.prvUnlockQueue
                0x0800b2f4       0xa4 ./Middlewares/Third_Party/FreeRTOS/Source/queue.o
 .text.prvIsQueueEmpty
                0x0800b398       0x2c ./Middlewares/Third_Party/FreeRTOS/Source/queue.o
 .text.prvIsQueueFull
                0x0800b3c4       0x30 ./Middlewares/Third_Party/FreeRTOS/Source/queue.o
 .text.vQueueAddToRegistry
                0x0800b3f4       0x54 ./Middlewares/Third_Party/FreeRTOS/Source/queue.o
                0x0800b3f4                vQueueAddToRegistry
 .text.vQueueWaitForMessageRestricted
                0x0800b448       0x68 ./Middlewares/Third_Party/FreeRTOS/Source/queue.o
                0x0800b448                vQueueWaitForMessageRestricted
 .text.xTaskCreateStatic
                0x0800b4b0       0xc0 ./Middlewares/Third_Party/FreeRTOS/Source/tasks.o
                0x0800b4b0                xTaskCreateStatic
 .text.xTaskCreate
                0x0800b570       0x8a ./Middlewares/Third_Party/FreeRTOS/Source/tasks.o
                0x0800b570                xTaskCreate
 *fill*         0x0800b5fa        0x2 
 .text.prvInitialiseNewTask
                0x0800b5fc      0x150 ./Middlewares/Third_Party/FreeRTOS/Source/tasks.o
 .text.prvAddNewTaskToReadyList
                0x0800b74c       0xe0 ./Middlewares/Third_Party/FreeRTOS/Source/tasks.o
 .text.vTaskDelayUntil
                0x0800b82c      0x100 ./Middlewares/Third_Party/FreeRTOS/Source/tasks.o
                0x0800b82c                vTaskDelayUntil
 .text.vTaskDelay
                0x0800b92c       0x6c ./Middlewares/Third_Party/FreeRTOS/Source/tasks.o
                0x0800b92c                vTaskDelay
 .text.vTaskStartScheduler
                0x0800b998       0xe0 ./Middlewares/Third_Party/FreeRTOS/Source/tasks.o
                0x0800b998                vTaskStartScheduler
 .text.vTaskSuspendAll
                0x0800ba78       0x1c ./Middlewares/Third_Party/FreeRTOS/Source/tasks.o
                0x0800ba78                vTaskSuspendAll
 .text.xTaskResumeAll
                0x0800ba94      0x13c ./Middlewares/Third_Party/FreeRTOS/Source/tasks.o
                0x0800ba94                xTaskResumeAll
 .text.xTaskGetTickCount
                0x0800bbd0       0x20 ./Middlewares/Third_Party/FreeRTOS/Source/tasks.o
                0x0800bbd0                xTaskGetTickCount
 .text.xTaskGetTickCountFromISR
                0x0800bbf0       0x24 ./Middlewares/Third_Party/FreeRTOS/Source/tasks.o
                0x0800bbf0                xTaskGetTickCountFromISR
 .text.xTaskIncrementTick
                0x0800bc14      0x174 ./Middlewares/Third_Party/FreeRTOS/Source/tasks.o
                0x0800bc14                xTaskIncrementTick
 .text.vTaskSwitchContext
                0x0800bd88       0xcc ./Middlewares/Third_Party/FreeRTOS/Source/tasks.o
                0x0800bd88                vTaskSwitchContext
 .text.vTaskPlaceOnEventList
                0x0800be54       0x4c ./Middlewares/Third_Party/FreeRTOS/Source/tasks.o
                0x0800be54                vTaskPlaceOnEventList
 .text.vTaskPlaceOnEventListRestricted
                0x0800bea0       0x58 ./Middlewares/Third_Party/FreeRTOS/Source/tasks.o
                0x0800bea0                vTaskPlaceOnEventListRestricted
 .text.xTaskRemoveFromEventList
                0x0800bef8       0xc8 ./Middlewares/Third_Party/FreeRTOS/Source/tasks.o
                0x0800bef8                xTaskRemoveFromEventList
 .text.vTaskRemoveFromUnorderedEventList
                0x0800bfc0       0xc8 ./Middlewares/Third_Party/FreeRTOS/Source/tasks.o
                0x0800bfc0                vTaskRemoveFromUnorderedEventList
 .text.vTaskInternalSetTimeOutState
                0x0800c088       0x2c ./Middlewares/Third_Party/FreeRTOS/Source/tasks.o
                0x0800c088                vTaskInternalSetTimeOutState
 .text.xTaskCheckForTimeOut
                0x0800c0b4       0xc8 ./Middlewares/Third_Party/FreeRTOS/Source/tasks.o
                0x0800c0b4                xTaskCheckForTimeOut
 .text.vTaskMissedYield
                0x0800c17c       0x18 ./Middlewares/Third_Party/FreeRTOS/Source/tasks.o
                0x0800c17c                vTaskMissedYield
 .text.prvIdleTask
                0x0800c194       0x30 ./Middlewares/Third_Party/FreeRTOS/Source/tasks.o
 .text.prvInitialiseTaskLists
                0x0800c1c4       0x80 ./Middlewares/Third_Party/FreeRTOS/Source/tasks.o
 .text.prvCheckTasksWaitingTermination
                0x0800c244       0x5c ./Middlewares/Third_Party/FreeRTOS/Source/tasks.o
 .text.prvTaskCheckFreeStackSpace
                0x0800c2a0       0x38 ./Middlewares/Third_Party/FreeRTOS/Source/tasks.o
 .text.uxTaskGetStackHighWaterMark
                0x0800c2d8       0x38 ./Middlewares/Third_Party/FreeRTOS/Source/tasks.o
                0x0800c2d8                uxTaskGetStackHighWaterMark
 .text.prvDeleteTCB
                0x0800c310       0x6a ./Middlewares/Third_Party/FreeRTOS/Source/tasks.o
 *fill*         0x0800c37a        0x2 
 .text.prvResetNextTaskUnblockTime
                0x0800c37c       0x40 ./Middlewares/Third_Party/FreeRTOS/Source/tasks.o
 .text.xTaskGetCurrentTaskHandle
                0x0800c3bc       0x20 ./Middlewares/Third_Party/FreeRTOS/Source/tasks.o
                0x0800c3bc                xTaskGetCurrentTaskHandle
 .text.xTaskGetSchedulerState
                0x0800c3dc       0x3c ./Middlewares/Third_Party/FreeRTOS/Source/tasks.o
                0x0800c3dc                xTaskGetSchedulerState
 .text.xTaskPriorityInherit
                0x0800c418       0xd0 ./Middlewares/Third_Party/FreeRTOS/Source/tasks.o
                0x0800c418                xTaskPriorityInherit
 .text.xTaskPriorityDisinherit
                0x0800c4e8       0xe0 ./Middlewares/Third_Party/FreeRTOS/Source/tasks.o
                0x0800c4e8                xTaskPriorityDisinherit
 .text.vTaskPriorityDisinheritAfterTimeout
                0x0800c5c8      0x108 ./Middlewares/Third_Party/FreeRTOS/Source/tasks.o
                0x0800c5c8                vTaskPriorityDisinheritAfterTimeout
 .text.pvTaskIncrementMutexHeldCount
                0x0800c6d0       0x28 ./Middlewares/Third_Party/FreeRTOS/Source/tasks.o
                0x0800c6d0                pvTaskIncrementMutexHeldCount
 .text.prvAddCurrentTaskToDelayedList
                0x0800c6f8       0xa8 ./Middlewares/Third_Party/FreeRTOS/Source/tasks.o
 .text.xTimerCreateTimerTask
                0x0800c7a0       0x94 ./Middlewares/Third_Party/FreeRTOS/Source/timers.o
                0x0800c7a0                xTimerCreateTimerTask
 .text.xTimerGenericCommand
                0x0800c834       0x9c ./Middlewares/Third_Party/FreeRTOS/Source/timers.o
                0x0800c834                xTimerGenericCommand
 .text.prvProcessExpiredTimer
                0x0800c8d0       0x9c ./Middlewares/Third_Party/FreeRTOS/Source/timers.o
 .text.prvTimerTask
                0x0800c96c       0x26 ./Middlewares/Third_Party/FreeRTOS/Source/timers.o
 *fill*         0x0800c992        0x2 
 .text.prvProcessTimerOrBlockTask
                0x0800c994       0x9c ./Middlewares/Third_Party/FreeRTOS/Source/timers.o
 .text.prvGetNextExpireTime
                0x0800ca30       0x48 ./Middlewares/Third_Party/FreeRTOS/Source/timers.o
 .text.prvSampleTimeNow
                0x0800ca78       0x40 ./Middlewares/Third_Party/FreeRTOS/Source/timers.o
 .text.prvInsertTimerInActiveList
                0x0800cab8       0x84 ./Middlewares/Third_Party/FreeRTOS/Source/timers.o
 .text.prvProcessReceivedCommands
                0x0800cb3c      0x1cc ./Middlewares/Third_Party/FreeRTOS/Source/timers.o
 .text.prvSwitchTimerLists
                0x0800cd08       0xcc ./Middlewares/Third_Party/FreeRTOS/Source/timers.o
 .text.prvCheckForValidListAndQueue
                0x0800cdd4       0x80 ./Middlewares/Third_Party/FreeRTOS/Source/timers.o
 .text.xTimerPendFunctionCallFromISR
                0x0800ce54       0x40 ./Middlewares/Third_Party/FreeRTOS/Source/timers.o
                0x0800ce54                xTimerPendFunctionCallFromISR
 .text.pxPortInitialiseStack
                0x0800ce94       0x68 ./Middlewares/Third_Party/FreeRTOS/Source/portable/GCC/ARM_CM4F/port.o
                0x0800ce94                pxPortInitialiseStack
 .text.prvTaskExitError
                0x0800cefc       0x5c ./Middlewares/Third_Party/FreeRTOS/Source/portable/GCC/ARM_CM4F/port.o
 *fill*         0x0800cf58        0x8 
 .text.SVC_Handler
                0x0800cf60       0x28 ./Middlewares/Third_Party/FreeRTOS/Source/portable/GCC/ARM_CM4F/port.o
                0x0800cf60                SVC_Handler
 .text.prvPortStartFirstTask
                0x0800cf88       0x28 ./Middlewares/Third_Party/FreeRTOS/Source/portable/GCC/ARM_CM4F/port.o
 .text.xPortStartScheduler
                0x0800cfb0      0x148 ./Middlewares/Third_Party/FreeRTOS/Source/portable/GCC/ARM_CM4F/port.o
                0x0800cfb0                xPortStartScheduler
 .text.vPortEnterCritical
                0x0800d0f8       0x64 ./Middlewares/Third_Party/FreeRTOS/Source/portable/GCC/ARM_CM4F/port.o
                0x0800d0f8                vPortEnterCritical
 .text.vPortExitCritical
                0x0800d15c       0x54 ./Middlewares/Third_Party/FreeRTOS/Source/portable/GCC/ARM_CM4F/port.o
                0x0800d15c                vPortExitCritical
 .text.PendSV_Handler
                0x0800d1b0       0x68 ./Middlewares/Third_Party/FreeRTOS/Source/portable/GCC/ARM_CM4F/port.o
                0x0800d1b0                PendSV_Handler
 .text.xPortSysTickHandler
                0x0800d218       0x44 ./Middlewares/Third_Party/FreeRTOS/Source/portable/GCC/ARM_CM4F/port.o
                0x0800d218                xPortSysTickHandler
 .text.vPortSetupTimerInterrupt
                0x0800d25c       0x48 ./Middlewares/Third_Party/FreeRTOS/Source/portable/GCC/ARM_CM4F/port.o
                0x0800d25c                vPortSetupTimerInterrupt
 .text.vPortEnableVFP
                0x0800d2a4       0x14 ./Middlewares/Third_Party/FreeRTOS/Source/portable/GCC/ARM_CM4F/port.o
 .text.vPortValidateInterruptPriority
                0x0800d2b8       0x84 ./Middlewares/Third_Party/FreeRTOS/Source/portable/GCC/ARM_CM4F/port.o
                0x0800d2b8                vPortValidateInterruptPriority
 .text.pvPortMalloc
                0x0800d33c      0x19c ./Middlewares/Third_Party/FreeRTOS/Source/portable/MemMang/heap_4.o
                0x0800d33c                pvPortMalloc
 .text.vPortFree
                0x0800d4d8       0xc8 ./Middlewares/Third_Party/FreeRTOS/Source/portable/MemMang/heap_4.o
                0x0800d4d8                vPortFree
 .text.prvHeapInit
                0x0800d5a0       0xc4 ./Middlewares/Third_Party/FreeRTOS/Source/portable/MemMang/heap_4.o
 .text.prvInsertBlockIntoFreeList
                0x0800d664       0xb4 ./Middlewares/Third_Party/FreeRTOS/Source/portable/MemMang/heap_4.o
 .text.__cvt    0x0800d718       0xca C:/ST/STM32CubeIDE_1.19.0/STM32CubeIDE/plugins/com.st.stm32cube.ide.mcu.externaltools.gnu-tools-for-stm32.13.3.rel1.win32_1.0.0.202411081344/tools/bin/../lib/gcc/arm-none-eabi/13.3.1/../../../../arm-none-eabi/lib/thumb/v7e-m+fp/hard\libc_nano.a(libc_a-nano-vfprintf_float.o)
                0x0800d718                __cvt
 .text.__exponent
                0x0800d7e2       0x74 C:/ST/STM32CubeIDE_1.19.0/STM32CubeIDE/plugins/com.st.stm32cube.ide.mcu.externaltools.gnu-tools-for-stm32.13.3.rel1.win32_1.0.0.202411081344/tools/bin/../lib/gcc/arm-none-eabi/13.3.1/../../../../arm-none-eabi/lib/thumb/v7e-m+fp/hard\libc_nano.a(libc_a-nano-vfprintf_float.o)
                0x0800d7e2                __exponent
 *fill*         0x0800d856        0x2 
 .text._printf_float
                0x0800d858      0x454 C:/ST/STM32CubeIDE_1.19.0/STM32CubeIDE/plugins/com.st.stm32cube.ide.mcu.externaltools.gnu-tools-for-stm32.13.3.rel1.win32_1.0.0.202411081344/tools/bin/../lib/gcc/arm-none-eabi/13.3.1/../../../../arm-none-eabi/lib/thumb/v7e-m+fp/hard\libc_nano.a(libc_a-nano-vfprintf_float.o)
                0x0800d858                _printf_float
 .text._printf_common
                0x0800dcac       0xda C:/ST/STM32CubeIDE_1.19.0/STM32CubeIDE/plugins/com.st.stm32cube.ide.mcu.externaltools.gnu-tools-for-stm32.13.3.rel1.win32_1.0.0.202411081344/tools/bin/../lib/gcc/arm-none-eabi/13.3.1/../../../../arm-none-eabi/lib/thumb/v7e-m+fp/hard\libc_nano.a(libc_a-nano-vfprintf_i.o)
                0x0800dcac                _printf_common
 *fill*         0x0800dd86        0x2 
 .text._printf_i
                0x0800dd88      0x23c C:/ST/STM32CubeIDE_1.19.0/STM32CubeIDE/plugins/com.st.stm32cube.ide.mcu.externaltools.gnu-tools-for-stm32.13.3.rel1.win32_1.0.0.202411081344/tools/bin/../lib/gcc/arm-none-eabi/13.3.1/../../../../arm-none-eabi/lib/thumb/v7e-m+fp/hard\libc_nano.a(libc_a-nano-vfprintf_i.o)
                0x0800dd88                _printf_i
 .text.std      0x0800dfc4       0x6c C:/ST/STM32CubeIDE_1.19.0/STM32CubeIDE/plugins/com.st.stm32cube.ide.mcu.externaltools.gnu-tools-for-stm32.13.3.rel1.win32_1.0.0.202411081344/tools/bin/../lib/gcc/arm-none-eabi/13.3.1/../../../../arm-none-eabi/lib/thumb/v7e-m+fp/hard\libc_nano.a(libc_a-findfp.o)
 .text.stdio_exit_handler
                0x0800e030       0x18 C:/ST/STM32CubeIDE_1.19.0/STM32CubeIDE/plugins/com.st.stm32cube.ide.mcu.externaltools.gnu-tools-for-stm32.13.3.rel1.win32_1.0.0.202411081344/tools/bin/../lib/gcc/arm-none-eabi/13.3.1/../../../../arm-none-eabi/lib/thumb/v7e-m+fp/hard\libc_nano.a(libc_a-findfp.o)
 .text.cleanup_stdio
                0x0800e048       0x40 C:/ST/STM32CubeIDE_1.19.0/STM32CubeIDE/plugins/com.st.stm32cube.ide.mcu.externaltools.gnu-tools-for-stm32.13.3.rel1.win32_1.0.0.202411081344/tools/bin/../lib/gcc/arm-none-eabi/13.3.1/../../../../arm-none-eabi/lib/thumb/v7e-m+fp/hard\libc_nano.a(libc_a-findfp.o)
 .text.global_stdio_init.part.0
                0x0800e088       0x3c C:/ST/STM32CubeIDE_1.19.0/STM32CubeIDE/plugins/com.st.stm32cube.ide.mcu.externaltools.gnu-tools-for-stm32.13.3.rel1.win32_1.0.0.202411081344/tools/bin/../lib/gcc/arm-none-eabi/13.3.1/../../../../arm-none-eabi/lib/thumb/v7e-m+fp/hard\libc_nano.a(libc_a-findfp.o)
 .text.__sfp_lock_acquire
                0x0800e0c4        0xc C:/ST/STM32CubeIDE_1.19.0/STM32CubeIDE/plugins/com.st.stm32cube.ide.mcu.externaltools.gnu-tools-for-stm32.13.3.rel1.win32_1.0.0.202411081344/tools/bin/../lib/gcc/arm-none-eabi/13.3.1/../../../../arm-none-eabi/lib/thumb/v7e-m+fp/hard\libc_nano.a(libc_a-findfp.o)
                0x0800e0c4                __sfp_lock_acquire
 .text.__sfp_lock_release
                0x0800e0d0        0xc C:/ST/STM32CubeIDE_1.19.0/STM32CubeIDE/plugins/com.st.stm32cube.ide.mcu.externaltools.gnu-tools-for-stm32.13.3.rel1.win32_1.0.0.202411081344/tools/bin/../lib/gcc/arm-none-eabi/13.3.1/../../../../arm-none-eabi/lib/thumb/v7e-m+fp/hard\libc_nano.a(libc_a-findfp.o)
                0x0800e0d0                __sfp_lock_release
 .text.__sinit  0x0800e0dc       0x30 C:/ST/STM32CubeIDE_1.19.0/STM32CubeIDE/plugins/com.st.stm32cube.ide.mcu.externaltools.gnu-tools-for-stm32.13.3.rel1.win32_1.0.0.202411081344/tools/bin/../lib/gcc/arm-none-eabi/13.3.1/../../../../arm-none-eabi/lib/thumb/v7e-m+fp/hard\libc_nano.a(libc_a-findfp.o)
                0x0800e0dc                __sinit
 .text._fwalk_sglue
                0x0800e10c       0x3c C:/ST/STM32CubeIDE_1.19.0/STM32CubeIDE/plugins/com.st.stm32cube.ide.mcu.externaltools.gnu-tools-for-stm32.13.3.rel1.win32_1.0.0.202411081344/tools/bin/../lib/gcc/arm-none-eabi/13.3.1/../../../../arm-none-eabi/lib/thumb/v7e-m+fp/hard\libc_nano.a(libc_a-fwalk.o)
                0x0800e10c                _fwalk_sglue
 .text.snprintf
                0x0800e148       0x6c C:/ST/STM32CubeIDE_1.19.0/STM32CubeIDE/plugins/com.st.stm32cube.ide.mcu.externaltools.gnu-tools-for-stm32.13.3.rel1.win32_1.0.0.202411081344/tools/bin/../lib/gcc/arm-none-eabi/13.3.1/../../../../arm-none-eabi/lib/thumb/v7e-m+fp/hard\libc_nano.a(libc_a-snprintf.o)
                0x0800e148                sniprintf
                0x0800e148                snprintf
 .text.__sread  0x0800e1b4       0x22 C:/ST/STM32CubeIDE_1.19.0/STM32CubeIDE/plugins/com.st.stm32cube.ide.mcu.externaltools.gnu-tools-for-stm32.13.3.rel1.win32_1.0.0.202411081344/tools/bin/../lib/gcc/arm-none-eabi/13.3.1/../../../../arm-none-eabi/lib/thumb/v7e-m+fp/hard\libc_nano.a(libc_a-stdio.o)
                0x0800e1b4                __sread
 .text.__swrite
                0x0800e1d6       0x38 C:/ST/STM32CubeIDE_1.19.0/STM32CubeIDE/plugins/com.st.stm32cube.ide.mcu.externaltools.gnu-tools-for-stm32.13.3.rel1.win32_1.0.0.202411081344/tools/bin/../lib/gcc/arm-none-eabi/13.3.1/../../../../arm-none-eabi/lib/thumb/v7e-m+fp/hard\libc_nano.a(libc_a-stdio.o)
                0x0800e1d6                __swrite
 .text.__sseek  0x0800e20e       0x24 C:/ST/STM32CubeIDE_1.19.0/STM32CubeIDE/plugins/com.st.stm32cube.ide.mcu.externaltools.gnu-tools-for-stm32.13.3.rel1.win32_1.0.0.202411081344/tools/bin/../lib/gcc/arm-none-eabi/13.3.1/../../../../arm-none-eabi/lib/thumb/v7e-m+fp/hard\libc_nano.a(libc_a-stdio.o)
                0x0800e20e                __sseek
 .text.__sclose
                0x0800e232        0x8 C:/ST/STM32CubeIDE_1.19.0/STM32CubeIDE/plugins/com.st.stm32cube.ide.mcu.externaltools.gnu-tools-for-stm32.13.3.rel1.win32_1.0.0.202411081344/tools/bin/../lib/gcc/arm-none-eabi/13.3.1/../../../../arm-none-eabi/lib/thumb/v7e-m+fp/hard\libc_nano.a(libc_a-stdio.o)
                0x0800e232                __sclose
 .text._vsnprintf_r
                0x0800e23a       0x5c C:/ST/STM32CubeIDE_1.19.0/STM32CubeIDE/plugins/com.st.stm32cube.ide.mcu.externaltools.gnu-tools-for-stm32.13.3.rel1.win32_1.0.0.202411081344/tools/bin/../lib/gcc/arm-none-eabi/13.3.1/../../../../arm-none-eabi/lib/thumb/v7e-m+fp/hard\libc_nano.a(libc_a-vsnprintf.o)
                0x0800e23a                _vsniprintf_r
                0x0800e23a                _vsnprintf_r
 *fill*         0x0800e296        0x2 
 .text.vsnprintf
                0x0800e298       0x1c C:/ST/STM32CubeIDE_1.19.0/STM32CubeIDE/plugins/com.st.stm32cube.ide.mcu.externaltools.gnu-tools-for-stm32.13.3.rel1.win32_1.0.0.202411081344/tools/bin/../lib/gcc/arm-none-eabi/13.3.1/../../../../arm-none-eabi/lib/thumb/v7e-m+fp/hard\libc_nano.a(libc_a-vsnprintf.o)
                0x0800e298                vsniprintf
                0x0800e298                vsnprintf
 .text.memset   0x0800e2b4       0x10 C:/ST/STM32CubeIDE_1.19.0/STM32CubeIDE/plugins/com.st.stm32cube.ide.mcu.externaltools.gnu-tools-for-stm32.13.3.rel1.win32_1.0.0.202411081344/tools/bin/../lib/gcc/arm-none-eabi/13.3.1/../../../../arm-none-eabi/lib/thumb/v7e-m+fp/hard\libc_nano.a(libc_a-memset.o)
                0x0800e2b4                memset
 .text.strncmp  0x0800e2c4       0x24 C:/ST/STM32CubeIDE_1.19.0/STM32CubeIDE/plugins/com.st.stm32cube.ide.mcu.externaltools.gnu-tools-for-stm32.13.3.rel1.win32_1.0.0.202411081344/tools/bin/../lib/gcc/arm-none-eabi/13.3.1/../../../../arm-none-eabi/lib/thumb/v7e-m+fp/hard\libc_nano.a(libc_a-strncmp.o)
                0x0800e2c4                strncmp
 .text.strncpy  0x0800e2e8       0x26 C:/ST/STM32CubeIDE_1.19.0/STM32CubeIDE/plugins/com.st.stm32cube.ide.mcu.externaltools.gnu-tools-for-stm32.13.3.rel1.win32_1.0.0.202411081344/tools/bin/../lib/gcc/arm-none-eabi/13.3.1/../../../../arm-none-eabi/lib/thumb/v7e-m+fp/hard\libc_nano.a(libc_a-strncpy.o)
                0x0800e2e8                strncpy
 .text.strnlen  0x0800e30e       0x18 C:/ST/STM32CubeIDE_1.19.0/STM32CubeIDE/plugins/com.st.stm32cube.ide.mcu.externaltools.gnu-tools-for-stm32.13.3.rel1.win32_1.0.0.202411081344/tools/bin/../lib/gcc/arm-none-eabi/13.3.1/../../../../arm-none-eabi/lib/thumb/v7e-m+fp/hard\libc_nano.a(libc_a-strnlen.o)
                0x0800e30e                strnlen
 *fill*         0x0800e326        0x2 
 .text._localeconv_r
                0x0800e328        0x8 C:/ST/STM32CubeIDE_1.19.0/STM32CubeIDE/plugins/com.st.stm32cube.ide.mcu.externaltools.gnu-tools-for-stm32.13.3.rel1.win32_1.0.0.202411081344/tools/bin/../lib/gcc/arm-none-eabi/13.3.1/../../../../arm-none-eabi/lib/thumb/v7e-m+fp/hard\libc_nano.a(libc_a-localeconv.o)
                0x0800e328                _localeconv_r
 .text._close_r
                0x0800e330       0x20 C:/ST/STM32CubeIDE_1.19.0/STM32CubeIDE/plugins/com.st.stm32cube.ide.mcu.externaltools.gnu-tools-for-stm32.13.3.rel1.win32_1.0.0.202411081344/tools/bin/../lib/gcc/arm-none-eabi/13.3.1/../../../../arm-none-eabi/lib/thumb/v7e-m+fp/hard\libc_nano.a(libc_a-closer.o)
                0x0800e330                _close_r
 .text._reclaim_reent
                0x0800e350       0xbc C:/ST/STM32CubeIDE_1.19.0/STM32CubeIDE/plugins/com.st.stm32cube.ide.mcu.externaltools.gnu-tools-for-stm32.13.3.rel1.win32_1.0.0.202411081344/tools/bin/../lib/gcc/arm-none-eabi/13.3.1/../../../../arm-none-eabi/lib/thumb/v7e-m+fp/hard\libc_nano.a(libc_a-reent.o)
                0x0800e350                _reclaim_reent
 .text._lseek_r
                0x0800e40c       0x24 C:/ST/STM32CubeIDE_1.19.0/STM32CubeIDE/plugins/com.st.stm32cube.ide.mcu.externaltools.gnu-tools-for-stm32.13.3.rel1.win32_1.0.0.202411081344/tools/bin/../lib/gcc/arm-none-eabi/13.3.1/../../../../arm-none-eabi/lib/thumb/v7e-m+fp/hard\libc_nano.a(libc_a-lseekr.o)
                0x0800e40c                _lseek_r
 .text._read_r  0x0800e430       0x24 C:/ST/STM32CubeIDE_1.19.0/STM32CubeIDE/plugins/com.st.stm32cube.ide.mcu.externaltools.gnu-tools-for-stm32.13.3.rel1.win32_1.0.0.202411081344/tools/bin/../lib/gcc/arm-none-eabi/13.3.1/../../../../arm-none-eabi/lib/thumb/v7e-m+fp/hard\libc_nano.a(libc_a-readr.o)
                0x0800e430                _read_r
 .text._write_r
                0x0800e454       0x24 C:/ST/STM32CubeIDE_1.19.0/STM32CubeIDE/plugins/com.st.stm32cube.ide.mcu.externaltools.gnu-tools-for-stm32.13.3.rel1.win32_1.0.0.202411081344/tools/bin/../lib/gcc/arm-none-eabi/13.3.1/../../../../arm-none-eabi/lib/thumb/v7e-m+fp/hard\libc_nano.a(libc_a-writer.o)
                0x0800e454                _write_r
 .text.__errno  0x0800e478        0xc C:/ST/STM32CubeIDE_1.19.0/STM32CubeIDE/plugins/com.st.stm32cube.ide.mcu.externaltools.gnu-tools-for-stm32.13.3.rel1.win32_1.0.0.202411081344/tools/bin/../lib/gcc/arm-none-eabi/13.3.1/../../../../arm-none-eabi/lib/thumb/v7e-m+fp/hard\libc_nano.a(libc_a-errno.o)
                0x0800e478                __errno
 .text.__libc_init_array
                0x0800e484       0x48 C:/ST/STM32CubeIDE_1.19.0/STM32CubeIDE/plugins/com.st.stm32cube.ide.mcu.externaltools.gnu-tools-for-stm32.13.3.rel1.win32_1.0.0.202411081344/tools/bin/../lib/gcc/arm-none-eabi/13.3.1/../../../../arm-none-eabi/lib/thumb/v7e-m+fp/hard\libc_nano.a(libc_a-init.o)
                0x0800e484                __libc_init_array
 .text.__retarget_lock_init_recursive
                0x0800e4cc        0x2 C:/ST/STM32CubeIDE_1.19.0/STM32CubeIDE/plugins/com.st.stm32cube.ide.mcu.externaltools.gnu-tools-for-stm32.13.3.rel1.win32_1.0.0.202411081344/tools/bin/../lib/gcc/arm-none-eabi/13.3.1/../../../../arm-none-eabi/lib/thumb/v7e-m+fp/hard\libc_nano.a(libc_a-lock.o)
                0x0800e4cc                __retarget_lock_init_recursive
 .text.__retarget_lock_acquire_recursive
                0x0800e4ce        0x2 C:/ST/STM32CubeIDE_1.19.0/STM32CubeIDE/plugins/com.st.stm32cube.ide.mcu.externaltools.gnu-tools-for-stm32.13.3.rel1.win32_1.0.0.202411081344/tools/bin/../lib/gcc/arm-none-eabi/13.3.1/../../../../arm-none-eabi/lib/thumb/v7e-m+fp/hard\libc_nano.a(libc_a-lock.o)
                0x0800e4ce                __retarget_lock_acquire_recursive
 .text.__retarget_lock_release_recursive
                0x0800e4d0        0x2 C:/ST/STM32CubeIDE_1.19.0/STM32CubeIDE/plugins/com.st.stm32cube.ide.mcu.externaltools.gnu-tools-for-stm32.13.3.rel1.win32_1.0.0.202411081344/tools/bin/../lib/gcc/arm-none-eabi/13.3.1/../../../../arm-none-eabi/lib/thumb/v7e-m+fp/hard\libc_nano.a(libc_a-lock.o)
                0x0800e4d0                __retarget_lock_release_recursive
 .text.memcpy   0x0800e4d2       0x1c C:/ST/STM32CubeIDE_1.19.0/STM32CubeIDE/plugins/com.st.stm32cube.ide.mcu.externaltools.gnu-tools-for-stm32.13.3.rel1.win32_1.0.0.202411081344/tools/bin/../lib/gcc/arm-none-eabi/13.3.1/../../../../arm-none-eabi/lib/thumb/v7e-m+fp/hard\libc_nano.a(libc_a-memcpy-stub.o)
                0x0800e4d2                memcpy
 .text.quorem   0x0800e4ee      0x110 C:/ST/STM32CubeIDE_1.19.0/STM32CubeIDE/plugins/com.st.stm32cube.ide.mcu.externaltools.gnu-tools-for-stm32.13.3.rel1.win32_1.0.0.202411081344/tools/bin/../lib/gcc/arm-none-eabi/13.3.1/../../../../arm-none-eabi/lib/thumb/v7e-m+fp/hard\libc_nano.a(libc_a-dtoa.o)
 *fill*         0x0800e5fe        0x2 
 .text._dtoa_r  0x0800e600      0xba0 C:/ST/STM32CubeIDE_1.19.0/STM32CubeIDE/plugins/com.st.stm32cube.ide.mcu.externaltools.gnu-tools-for-stm32.13.3.rel1.win32_1.0.0.202411081344/tools/bin/../lib/gcc/arm-none-eabi/13.3.1/../../../../arm-none-eabi/lib/thumb/v7e-m+fp/hard\libc_nano.a(libc_a-dtoa.o)
                0x0800e600                _dtoa_r
 .text._free_r  0x0800f1a0       0x94 C:/ST/STM32CubeIDE_1.19.0/STM32CubeIDE/plugins/com.st.stm32cube.ide.mcu.externaltools.gnu-tools-for-stm32.13.3.rel1.win32_1.0.0.202411081344/tools/bin/../lib/gcc/arm-none-eabi/13.3.1/../../../../arm-none-eabi/lib/thumb/v7e-m+fp/hard\libc_nano.a(libc_a-freer.o)
                0x0800f1a0                _free_r
 .text.malloc   0x0800f234       0x10 C:/ST/STM32CubeIDE_1.19.0/STM32CubeIDE/plugins/com.st.stm32cube.ide.mcu.externaltools.gnu-tools-for-stm32.13.3.rel1.win32_1.0.0.202411081344/tools/bin/../lib/gcc/arm-none-eabi/13.3.1/../../../../arm-none-eabi/lib/thumb/v7e-m+fp/hard\libc_nano.a(libc_a-malloc.o)
                0x0800f234                malloc
 .text.sbrk_aligned
                0x0800f244       0x44 C:/ST/STM32CubeIDE_1.19.0/STM32CubeIDE/plugins/com.st.stm32cube.ide.mcu.externaltools.gnu-tools-for-stm32.13.3.rel1.win32_1.0.0.202411081344/tools/bin/../lib/gcc/arm-none-eabi/13.3.1/../../../../arm-none-eabi/lib/thumb/v7e-m+fp/hard\libc_nano.a(libc_a-mallocr.o)
 .text._malloc_r
                0x0800f288      0x100 C:/ST/STM32CubeIDE_1.19.0/STM32CubeIDE/plugins/com.st.stm32cube.ide.mcu.externaltools.gnu-tools-for-stm32.13.3.rel1.win32_1.0.0.202411081344/tools/bin/../lib/gcc/arm-none-eabi/13.3.1/../../../../arm-none-eabi/lib/thumb/v7e-m+fp/hard\libc_nano.a(libc_a-mallocr.o)
                0x0800f288                _malloc_r
 .text.__malloc_lock
                0x0800f388        0xc C:/ST/STM32CubeIDE_1.19.0/STM32CubeIDE/plugins/com.st.stm32cube.ide.mcu.externaltools.gnu-tools-for-stm32.13.3.rel1.win32_1.0.0.202411081344/tools/bin/../lib/gcc/arm-none-eabi/13.3.1/../../../../arm-none-eabi/lib/thumb/v7e-m+fp/hard\libc_nano.a(libc_a-mlock.o)
                0x0800f388                __malloc_lock
 .text.__malloc_unlock
                0x0800f394        0xc C:/ST/STM32CubeIDE_1.19.0/STM32CubeIDE/plugins/com.st.stm32cube.ide.mcu.externaltools.gnu-tools-for-stm32.13.3.rel1.win32_1.0.0.202411081344/tools/bin/../lib/gcc/arm-none-eabi/13.3.1/../../../../arm-none-eabi/lib/thumb/v7e-m+fp/hard\libc_nano.a(libc_a-mlock.o)
                0x0800f394                __malloc_unlock
 .text._Balloc  0x0800f3a0       0x80 C:/ST/STM32CubeIDE_1.19.0/STM32CubeIDE/plugins/com.st.stm32cube.ide.mcu.externaltools.gnu-tools-for-stm32.13.3.rel1.win32_1.0.0.202411081344/tools/bin/../lib/gcc/arm-none-eabi/13.3.1/../../../../arm-none-eabi/lib/thumb/v7e-m+fp/hard\libc_nano.a(libc_a-mprec.o)
                0x0800f3a0                _Balloc
 .text._Bfree   0x0800f420       0x44 C:/ST/STM32CubeIDE_1.19.0/STM32CubeIDE/plugins/com.st.stm32cube.ide.mcu.externaltools.gnu-tools-for-stm32.13.3.rel1.win32_1.0.0.202411081344/tools/bin/../lib/gcc/arm-none-eabi/13.3.1/../../../../arm-none-eabi/lib/thumb/v7e-m+fp/hard\libc_nano.a(libc_a-mprec.o)
                0x0800f420                _Bfree
 .text.__multadd
                0x0800f464       0x8c C:/ST/STM32CubeIDE_1.19.0/STM32CubeIDE/plugins/com.st.stm32cube.ide.mcu.externaltools.gnu-tools-for-stm32.13.3.rel1.win32_1.0.0.202411081344/tools/bin/../lib/gcc/arm-none-eabi/13.3.1/../../../../arm-none-eabi/lib/thumb/v7e-m+fp/hard\libc_nano.a(libc_a-mprec.o)
                0x0800f464                __multadd
 .text.__hi0bits
                0x0800f4f0       0x3e C:/ST/STM32CubeIDE_1.19.0/STM32CubeIDE/plugins/com.st.stm32cube.ide.mcu.externaltools.gnu-tools-for-stm32.13.3.rel1.win32_1.0.0.202411081344/tools/bin/../lib/gcc/arm-none-eabi/13.3.1/../../../../arm-none-eabi/lib/thumb/v7e-m+fp/hard\libc_nano.a(libc_a-mprec.o)
                0x0800f4f0                __hi0bits
 .text.__lo0bits
                0x0800f52e       0x5a C:/ST/STM32CubeIDE_1.19.0/STM32CubeIDE/plugins/com.st.stm32cube.ide.mcu.externaltools.gnu-tools-for-stm32.13.3.rel1.win32_1.0.0.202411081344/tools/bin/../lib/gcc/arm-none-eabi/13.3.1/../../../../arm-none-eabi/lib/thumb/v7e-m+fp/hard\libc_nano.a(libc_a-mprec.o)
                0x0800f52e                __lo0bits
 .text.__i2b    0x0800f588       0x2c C:/ST/STM32CubeIDE_1.19.0/STM32CubeIDE/plugins/com.st.stm32cube.ide.mcu.externaltools.gnu-tools-for-stm32.13.3.rel1.win32_1.0.0.202411081344/tools/bin/../lib/gcc/arm-none-eabi/13.3.1/../../../../arm-none-eabi/lib/thumb/v7e-m+fp/hard\libc_nano.a(libc_a-mprec.o)
                0x0800f588                __i2b
 .text.__multiply
                0x0800f5b4      0x144 C:/ST/STM32CubeIDE_1.19.0/STM32CubeIDE/plugins/com.st.stm32cube.ide.mcu.externaltools.gnu-tools-for-stm32.13.3.rel1.win32_1.0.0.202411081344/tools/bin/../lib/gcc/arm-none-eabi/13.3.1/../../../../arm-none-eabi/lib/thumb/v7e-m+fp/hard\libc_nano.a(libc_a-mprec.o)
                0x0800f5b4                __multiply
 .text.__pow5mult
                0x0800f6f8       0xb4 C:/ST/STM32CubeIDE_1.19.0/STM32CubeIDE/plugins/com.st.stm32cube.ide.mcu.externaltools.gnu-tools-for-stm32.13.3.rel1.win32_1.0.0.202411081344/tools/bin/../lib/gcc/arm-none-eabi/13.3.1/../../../../arm-none-eabi/lib/thumb/v7e-m+fp/hard\libc_nano.a(libc_a-mprec.o)
                0x0800f6f8                __pow5mult
 .text.__lshift
                0x0800f7ac       0xd8 C:/ST/STM32CubeIDE_1.19.0/STM32CubeIDE/plugins/com.st.stm32cube.ide.mcu.externaltools.gnu-tools-for-stm32.13.3.rel1.win32_1.0.0.202411081344/tools/bin/../lib/gcc/arm-none-eabi/13.3.1/../../../../arm-none-eabi/lib/thumb/v7e-m+fp/hard\libc_nano.a(libc_a-mprec.o)
                0x0800f7ac                __lshift
 .text.__mcmp   0x0800f884       0x36 C:/ST/STM32CubeIDE_1.19.0/STM32CubeIDE/plugins/com.st.stm32cube.ide.mcu.externaltools.gnu-tools-for-stm32.13.3.rel1.win32_1.0.0.202411081344/tools/bin/../lib/gcc/arm-none-eabi/13.3.1/../../../../arm-none-eabi/lib/thumb/v7e-m+fp/hard\libc_nano.a(libc_a-mprec.o)
                0x0800f884                __mcmp
 *fill*         0x0800f8ba        0x2 
 .text.__mdiff  0x0800f8bc      0x128 C:/ST/STM32CubeIDE_1.19.0/STM32CubeIDE/plugins/com.st.stm32cube.ide.mcu.externaltools.gnu-tools-for-stm32.13.3.rel1.win32_1.0.0.202411081344/tools/bin/../lib/gcc/arm-none-eabi/13.3.1/../../../../arm-none-eabi/lib/thumb/v7e-m+fp/hard\libc_nano.a(libc_a-mprec.o)
                0x0800f8bc                __mdiff
 .text.__d2b    0x0800f9e4       0xb0 C:/ST/STM32CubeIDE_1.19.0/STM32CubeIDE/plugins/com.st.stm32cube.ide.mcu.externaltools.gnu-tools-for-stm32.13.3.rel1.win32_1.0.0.202411081344/tools/bin/../lib/gcc/arm-none-eabi/13.3.1/../../../../arm-none-eabi/lib/thumb/v7e-m+fp/hard\libc_nano.a(libc_a-mprec.o)
                0x0800f9e4                __d2b
 .text.__ssputs_r
                0x0800fa94       0xb6 C:/ST/STM32CubeIDE_1.19.0/STM32CubeIDE/plugins/com.st.stm32cube.ide.mcu.externaltools.gnu-tools-for-stm32.13.3.rel1.win32_1.0.0.202411081344/tools/bin/../lib/gcc/arm-none-eabi/13.3.1/../../../../arm-none-eabi/lib/thumb/v7e-m+fp/hard\libc_nano.a(libc_a-nano-svfprintf.o)
                0x0800fa94                __ssputs_r
 *fill*         0x0800fb4a        0x2 
 .text._svfprintf_r
                0x0800fb4c      0x1f8 C:/ST/STM32CubeIDE_1.19.0/STM32CubeIDE/plugins/com.st.stm32cube.ide.mcu.externaltools.gnu-tools-for-stm32.13.3.rel1.win32_1.0.0.202411081344/tools/bin/../lib/gcc/arm-none-eabi/13.3.1/../../../../arm-none-eabi/lib/thumb/v7e-m+fp/hard\libc_nano.a(libc_a-nano-svfprintf.o)
                0x0800fb4c                _svfiprintf_r
                0x0800fb4c                _svfprintf_r
 .text.__sflush_r
                0x0800fd44      0x108 C:/ST/STM32CubeIDE_1.19.0/STM32CubeIDE/plugins/com.st.stm32cube.ide.mcu.externaltools.gnu-tools-for-stm32.13.3.rel1.win32_1.0.0.202411081344/tools/bin/../lib/gcc/arm-none-eabi/13.3.1/../../../../arm-none-eabi/lib/thumb/v7e-m+fp/hard\libc_nano.a(libc_a-fflush.o)
                0x0800fd44                __sflush_r
 .text._fflush_r
                0x0800fe4c       0x50 C:/ST/STM32CubeIDE_1.19.0/STM32CubeIDE/plugins/com.st.stm32cube.ide.mcu.externaltools.gnu-tools-for-stm32.13.3.rel1.win32_1.0.0.202411081344/tools/bin/../lib/gcc/arm-none-eabi/13.3.1/../../../../arm-none-eabi/lib/thumb/v7e-m+fp/hard\libc_nano.a(libc_a-fflush.o)
                0x0800fe4c                _fflush_r
 .text.memmove  0x0800fe9c       0x34 C:/ST/STM32CubeIDE_1.19.0/STM32CubeIDE/plugins/com.st.stm32cube.ide.mcu.externaltools.gnu-tools-for-stm32.13.3.rel1.win32_1.0.0.202411081344/tools/bin/../lib/gcc/arm-none-eabi/13.3.1/../../../../arm-none-eabi/lib/thumb/v7e-m+fp/hard\libc_nano.a(libc_a-memmove.o)
                0x0800fe9c                memmove
 .text._sbrk_r  0x0800fed0       0x20 C:/ST/STM32CubeIDE_1.19.0/STM32CubeIDE/plugins/com.st.stm32cube.ide.mcu.externaltools.gnu-tools-for-stm32.13.3.rel1.win32_1.0.0.202411081344/tools/bin/../lib/gcc/arm-none-eabi/13.3.1/../../../../arm-none-eabi/lib/thumb/v7e-m+fp/hard\libc_nano.a(libc_a-sbrkr.o)
                0x0800fed0                _sbrk_r
 .text.__assert_func
                0x0800fef0       0x3c C:/ST/STM32CubeIDE_1.19.0/STM32CubeIDE/plugins/com.st.stm32cube.ide.mcu.externaltools.gnu-tools-for-stm32.13.3.rel1.win32_1.0.0.202411081344/tools/bin/../lib/gcc/arm-none-eabi/13.3.1/../../../../arm-none-eabi/lib/thumb/v7e-m+fp/hard\libc_nano.a(libc_a-assert.o)
                0x0800fef0                __assert_func
 .text._calloc_r
                0x0800ff2c       0x28 C:/ST/STM32CubeIDE_1.19.0/STM32CubeIDE/plugins/com.st.stm32cube.ide.mcu.externaltools.gnu-tools-for-stm32.13.3.rel1.win32_1.0.0.202411081344/tools/bin/../lib/gcc/arm-none-eabi/13.3.1/../../../../arm-none-eabi/lib/thumb/v7e-m+fp/hard\libc_nano.a(libc_a-callocr.o)
                0x0800ff2c                _calloc_r
 .text.__ascii_mbtowc
                0x0800ff54       0x24 C:/ST/STM32CubeIDE_1.19.0/STM32CubeIDE/plugins/com.st.stm32cube.ide.mcu.externaltools.gnu-tools-for-stm32.13.3.rel1.win32_1.0.0.202411081344/tools/bin/../lib/gcc/arm-none-eabi/13.3.1/../../../../arm-none-eabi/lib/thumb/v7e-m+fp/hard\libc_nano.a(libc_a-mbtowc_r.o)
                0x0800ff54                __ascii_mbtowc
 .text._realloc_r
                0x0800ff78       0x5c C:/ST/STM32CubeIDE_1.19.0/STM32CubeIDE/plugins/com.st.stm32cube.ide.mcu.externaltools.gnu-tools-for-stm32.13.3.rel1.win32_1.0.0.202411081344/tools/bin/../lib/gcc/arm-none-eabi/13.3.1/../../../../arm-none-eabi/lib/thumb/v7e-m+fp/hard\libc_nano.a(libc_a-reallocr.o)
                0x0800ff78                _realloc_r
 .text.__ascii_wctomb
                0x0800ffd4       0x1a C:/ST/STM32CubeIDE_1.19.0/STM32CubeIDE/plugins/com.st.stm32cube.ide.mcu.externaltools.gnu-tools-for-stm32.13.3.rel1.win32_1.0.0.202411081344/tools/bin/../lib/gcc/arm-none-eabi/13.3.1/../../../../arm-none-eabi/lib/thumb/v7e-m+fp/hard\libc_nano.a(libc_a-wctomb_r.o)
                0x0800ffd4                __ascii_wctomb
 *fill*         0x0800ffee        0x2 
 .text.fprintf  0x0800fff0       0x24 C:/ST/STM32CubeIDE_1.19.0/STM32CubeIDE/plugins/com.st.stm32cube.ide.mcu.externaltools.gnu-tools-for-stm32.13.3.rel1.win32_1.0.0.202411081344/tools/bin/../lib/gcc/arm-none-eabi/13.3.1/../../../../arm-none-eabi/lib/thumb/v7e-m+fp/hard\libc_nano.a(libc_a-fprintf.o)
                0x0800fff0                fiprintf
                0x0800fff0                fprintf
 .text.abort    0x08010014        0xe C:/ST/STM32CubeIDE_1.19.0/STM32CubeIDE/plugins/com.st.stm32cube.ide.mcu.externaltools.gnu-tools-for-stm32.13.3.rel1.win32_1.0.0.202411081344/tools/bin/../lib/gcc/arm-none-eabi/13.3.1/../../../../arm-none-eabi/lib/thumb/v7e-m+fp/hard\libc_nano.a(libc_a-abort.o)
                0x08010014                abort
 .text._malloc_usable_size_r
                0x08010022       0x10 C:/ST/STM32CubeIDE_1.19.0/STM32CubeIDE/plugins/com.st.stm32cube.ide.mcu.externaltools.gnu-tools-for-stm32.13.3.rel1.win32_1.0.0.202411081344/tools/bin/../lib/gcc/arm-none-eabi/13.3.1/../../../../arm-none-eabi/lib/thumb/v7e-m+fp/hard\libc_nano.a(libc_a-msizer.o)
                0x08010022                _malloc_usable_size_r
 .text.__sfputc_r
                0x08010032       0x2e C:/ST/STM32CubeIDE_1.19.0/STM32CubeIDE/plugins/com.st.stm32cube.ide.mcu.externaltools.gnu-tools-for-stm32.13.3.rel1.win32_1.0.0.202411081344/tools/bin/../lib/gcc/arm-none-eabi/13.3.1/../../../../arm-none-eabi/lib/thumb/v7e-m+fp/hard\libc_nano.a(libc_a-nano-vfprintf.o)
 .text.__sfputs_r
                0x08010060       0x24 C:/ST/STM32CubeIDE_1.19.0/STM32CubeIDE/plugins/com.st.stm32cube.ide.mcu.externaltools.gnu-tools-for-stm32.13.3.rel1.win32_1.0.0.202411081344/tools/bin/../lib/gcc/arm-none-eabi/13.3.1/../../../../arm-none-eabi/lib/thumb/v7e-m+fp/hard\libc_nano.a(libc_a-nano-vfprintf.o)
                0x08010060                __sfputs_r
 .text._vfprintf_r
                0x08010084      0x230 C:/ST/STM32CubeIDE_1.19.0/STM32CubeIDE/plugins/com.st.stm32cube.ide.mcu.externaltools.gnu-tools-for-stm32.13.3.rel1.win32_1.0.0.202411081344/tools/bin/../lib/gcc/arm-none-eabi/13.3.1/../../../../arm-none-eabi/lib/thumb/v7e-m+fp/hard\libc_nano.a(libc_a-nano-vfprintf.o)
                0x08010084                _vfprintf_r
                0x08010084                _vfiprintf_r
 .text.__swbuf_r
                0x080102b4       0x7c C:/ST/STM32CubeIDE_1.19.0/STM32CubeIDE/plugins/com.st.stm32cube.ide.mcu.externaltools.gnu-tools-for-stm32.13.3.rel1.win32_1.0.0.202411081344/tools/bin/../lib/gcc/arm-none-eabi/13.3.1/../../../../arm-none-eabi/lib/thumb/v7e-m+fp/hard\libc_nano.a(libc_a-wbuf.o)
                0x080102b4                __swbuf_r
 .text.__swsetup_r
                0x08010330       0xac C:/ST/STM32CubeIDE_1.19.0/STM32CubeIDE/plugins/com.st.stm32cube.ide.mcu.externaltools.gnu-tools-for-stm32.13.3.rel1.win32_1.0.0.202411081344/tools/bin/../lib/gcc/arm-none-eabi/13.3.1/../../../../arm-none-eabi/lib/thumb/v7e-m+fp/hard\libc_nano.a(libc_a-wsetup.o)
                0x08010330                __swsetup_r
 .text._raise_r
                0x080103dc       0x50 C:/ST/STM32CubeIDE_1.19.0/STM32CubeIDE/plugins/com.st.stm32cube.ide.mcu.externaltools.gnu-tools-for-stm32.13.3.rel1.win32_1.0.0.202411081344/tools/bin/../lib/gcc/arm-none-eabi/13.3.1/../../../../arm-none-eabi/lib/thumb/v7e-m+fp/hard\libc_nano.a(libc_a-signal.o)
                0x080103dc                _raise_r
 .text.raise    0x0801042c       0x10 C:/ST/STM32CubeIDE_1.19.0/STM32CubeIDE/plugins/com.st.stm32cube.ide.mcu.externaltools.gnu-tools-for-stm32.13.3.rel1.win32_1.0.0.202411081344/tools/bin/../lib/gcc/arm-none-eabi/13.3.1/../../../../arm-none-eabi/lib/thumb/v7e-m+fp/hard\libc_nano.a(libc_a-signal.o)
                0x0801042c                raise
 .text._kill_r  0x0801043c       0x24 C:/ST/STM32CubeIDE_1.19.0/STM32CubeIDE/plugins/com.st.stm32cube.ide.mcu.externaltools.gnu-tools-for-stm32.13.3.rel1.win32_1.0.0.202411081344/tools/bin/../lib/gcc/arm-none-eabi/13.3.1/../../../../arm-none-eabi/lib/thumb/v7e-m+fp/hard\libc_nano.a(libc_a-signalr.o)
                0x0801043c                _kill_r
 .text._getpid_r
                0x08010460        0x4 C:/ST/STM32CubeIDE_1.19.0/STM32CubeIDE/plugins/com.st.stm32cube.ide.mcu.externaltools.gnu-tools-for-stm32.13.3.rel1.win32_1.0.0.202411081344/tools/bin/../lib/gcc/arm-none-eabi/13.3.1/../../../../arm-none-eabi/lib/thumb/v7e-m+fp/hard\libc_nano.a(libc_a-signalr.o)
                0x08010460                _getpid_r
 .text.__swhatbuf_r
                0x08010464       0x4c C:/ST/STM32CubeIDE_1.19.0/STM32CubeIDE/plugins/com.st.stm32cube.ide.mcu.externaltools.gnu-tools-for-stm32.13.3.rel1.win32_1.0.0.202411081344/tools/bin/../lib/gcc/arm-none-eabi/13.3.1/../../../../arm-none-eabi/lib/thumb/v7e-m+fp/hard\libc_nano.a(libc_a-makebuf.o)
                0x08010464                __swhatbuf_r
 .text.__smakebuf_r
                0x080104b0       0x78 C:/ST/STM32CubeIDE_1.19.0/STM32CubeIDE/plugins/com.st.stm32cube.ide.mcu.externaltools.gnu-tools-for-stm32.13.3.rel1.win32_1.0.0.202411081344/tools/bin/../lib/gcc/arm-none-eabi/13.3.1/../../../../arm-none-eabi/lib/thumb/v7e-m+fp/hard\libc_nano.a(libc_a-makebuf.o)
                0x080104b0                __smakebuf_r
 .text._fstat_r
                0x08010528       0x24 C:/ST/STM32CubeIDE_1.19.0/STM32CubeIDE/plugins/com.st.stm32cube.ide.mcu.externaltools.gnu-tools-for-stm32.13.3.rel1.win32_1.0.0.202411081344/tools/bin/../lib/gcc/arm-none-eabi/13.3.1/../../../../arm-none-eabi/lib/thumb/v7e-m+fp/hard\libc_nano.a(libc_a-fstatr.o)
                0x08010528                _fstat_r
 .text._isatty_r
                0x0801054c       0x20 C:/ST/STM32CubeIDE_1.19.0/STM32CubeIDE/plugins/com.st.stm32cube.ide.mcu.externaltools.gnu-tools-for-stm32.13.3.rel1.win32_1.0.0.202411081344/tools/bin/../lib/gcc/arm-none-eabi/13.3.1/../../../../arm-none-eabi/lib/thumb/v7e-m+fp/hard\libc_nano.a(libc_a-isattyr.o)
                0x0801054c                _isatty_r
 .text.fmaxf    0x0801056c       0x3a C:/ST/STM32CubeIDE_1.19.0/STM32CubeIDE/plugins/com.st.stm32cube.ide.mcu.externaltools.gnu-tools-for-stm32.13.3.rel1.win32_1.0.0.202411081344/tools/bin/../lib/gcc/arm-none-eabi/13.3.1/../../../../arm-none-eabi/lib/thumb/v7e-m+fp/hard\libm.a(libm_a-sf_fmax.o)
                0x0801056c                fmaxf
 *fill*         0x080105a6        0x2 
 .text.__fpclassifyf
                0x080105a8       0x38 C:/ST/STM32CubeIDE_1.19.0/STM32CubeIDE/plugins/com.st.stm32cube.ide.mcu.externaltools.gnu-tools-for-stm32.13.3.rel1.win32_1.0.0.202411081344/tools/bin/../lib/gcc/arm-none-eabi/13.3.1/../../../../arm-none-eabi/lib/thumb/v7e-m+fp/hard\libm.a(libm_a-sf_fpclassify.o)
                0x080105a8                __fpclassifyf
 *(.glue_7)
 .glue_7        0x080105e0        0x0 linker stubs
 *(.glue_7t)
 .glue_7t       0x080105e0        0x0 linker stubs
 *(.eh_frame)
 .eh_frame      0x080105e0        0x0 C:/ST/STM32CubeIDE_1.19.0/STM32CubeIDE/plugins/com.st.stm32cube.ide.mcu.externaltools.gnu-tools-for-stm32.13.3.rel1.win32_1.0.0.202411081344/tools/bin/../lib/gcc/arm-none-eabi/13.3.1/thumb/v7e-m+fp/hard/crtbegin.o
 *(.init)
 .init          0x080105e0        0x4 C:/ST/STM32CubeIDE_1.19.0/STM32CubeIDE/plugins/com.st.stm32cube.ide.mcu.externaltools.gnu-tools-for-stm32.13.3.rel1.win32_1.0.0.202411081344/tools/bin/../lib/gcc/arm-none-eabi/13.3.1/thumb/v7e-m+fp/hard/crti.o
                0x080105e0                _init
 .init          0x080105e4        0x8 C:/ST/STM32CubeIDE_1.19.0/STM32CubeIDE/plugins/com.st.stm32cube.ide.mcu.externaltools.gnu-tools-for-stm32.13.3.rel1.win32_1.0.0.202411081344/tools/bin/../lib/gcc/arm-none-eabi/13.3.1/thumb/v7e-m+fp/hard/crtn.o
 *(.fini)